/Users/tuncay/Documents/MCUXpressoIDE_25.6.136/workspace/Debug_Tool/CMSIS/core_cm4.h:1794:22:__NVIC_EnableIRQ	16	static
/Users/tuncay/Documents/MCUXpressoIDE_25.6.136/workspace/Debug_Tool/CMSIS/core_cm4.h:1832:22:__NVIC_DisableIRQ	16	static
../drivers/fsl_clock.h:551:20:CLOCK_EnableClock	24	static
../drivers/fsl_clock.h:562:20:CLOCK_DisableClock	24	static
../drivers/fsl_common_arm.h:672:24:EnableIRQ	24	static
../drivers/fsl_common_arm.h:722:24:DisableIRQ	24	static
../drivers/fsl_dspi.h:538:20:DSPI_Enable	16	static
../drivers/fsl_dspi.h:564:24:DSPI_GetStatusFlags	16	static
../drivers/fsl_dspi.h:582:20:DSPI_ClearStatusFlags	16	static
../drivers/fsl_dspi.h:622:20:DSPI_DisableInterrupts	16	static
../drivers/fsl_dspi.h:730:20:DSPI_SetMasterSlaveMode	16	static
../drivers/fsl_dspi.h:741:20:DSPI_IsMaster	24	static
../drivers/fsl_dspi.h:757:20:DSPI_StartTransfer	16	static
../drivers/fsl_dspi.h:768:20:DSPI_StopTransfer	16	static
../drivers/fsl_dspi.h:797:20:DSPI_FlushFifo	16	static
../drivers/fsl_dspi.h:977:24:DSPI_MasterGetFormattedCommand	16	static
../drivers/fsl_dspi.h:1066:24:DSPI_ReadData	16	static
../drivers/fsl_dspi.c:135:10:DSPI_GetInstance	24	static
../drivers/fsl_dspi.c:161:9:DSPI_GetDummyDataInstance	24	static
../drivers/fsl_dspi.c:174:6:DSPI_SetDummyData	24	static
../drivers/fsl_dspi.c:208:6:DSPI_MasterInit	40	static
../drivers/fsl_dspi.c:269:6:DSPI_MasterGetDefaultConfig	16	static
../drivers/fsl_dspi.c:317:6:DSPI_SlaveInit	24	static
../drivers/fsl_dspi.c:370:6:DSPI_SlaveGetDefaultConfig	16	static
../drivers/fsl_dspi.c:393:6:DSPI_Deinit	16	static
../drivers/fsl_dspi.c:404:13:DSPI_SetOnePcsPolarity	24	static
../drivers/fsl_dspi.c:435:10:DSPI_MasterSetBaudRate	72	static
../drivers/fsl_dspi.c:530:6:DSPI_MasterSetDelayScaler	24	static
../drivers/fsl_dspi.c:583:10:DSPI_MasterSetDelayTimes	72	static
../drivers/fsl_dspi.c:677:6:DSPI_GetDefaultDataCommandConfig	16	static
../drivers/fsl_dspi.c:718:6:DSPI_MasterWriteDataBlocking	24	static
../drivers/fsl_dspi.c:782:6:DSPI_MasterWriteCommandDataBlocking	16	static
../drivers/fsl_dspi.c:812:6:DSPI_SlaveWriteDataBlocking	16	static
../drivers/fsl_dspi.c:847:6:DSPI_EnableInterrupts	16	static
../drivers/fsl_dspi.c:873:6:DSPI_MasterTransferCreateHandle	24	static
../drivers/fsl_dspi.c:899:10:DSPI_MasterTransferBlocking	64	static
../drivers/fsl_dspi.c:1166:13:DSPI_MasterTransferPrepare	40	static
../drivers/fsl_dspi.c:1221:10:DSPI_MasterTransferNonBlocking	24	static
../drivers/fsl_dspi.c:1274:10:DSPI_MasterHalfDuplexTransferBlocking	40	static
../drivers/fsl_dspi.c:1341:10:DSPI_MasterHalfDuplexTransferNonBlocking	48	static
../drivers/fsl_dspi.c:1407:10:DSPI_MasterTransferGetCount	24	static
../drivers/fsl_dspi.c:1427:13:DSPI_MasterTransferComplete	32	static
../drivers/fsl_dspi.c:1452:13:DSPI_MasterTransferFillUpTxFifo	32	static
../drivers/fsl_dspi.c:1591:6:DSPI_MasterTransferAbort	16	static
../drivers/fsl_dspi.c:1612:6:DSPI_MasterTransferHandleIRQ	24	static
../drivers/fsl_dspi.c:1736:6:DSPI_SlaveTransferCreateHandle	24	static
../drivers/fsl_dspi.c:1765:10:DSPI_SlaveTransferNonBlocking	32	static
../drivers/fsl_dspi.c:1848:10:DSPI_SlaveTransferGetCount	24	static
../drivers/fsl_dspi.c:1870:13:DSPI_SlaveTransferFillUpTxFifo	24	static
../drivers/fsl_dspi.c:1960:13:DSPI_SlaveTransferComplete	32	static
../drivers/fsl_dspi.c:2007:6:DSPI_SlaveTransferAbort	16	static
../drivers/fsl_dspi.c:2037:6:DSPI_SlaveTransferHandleIRQ	32	static
../drivers/fsl_dspi.c:2219:13:DSPI_CommonIRQHandler	16	static
../drivers/fsl_dspi.c:2236:6:SPI0_DriverIRQHandler	8	static
