../drivers/fsl_clock.h:573:20:CLOCK_SetEr32kClock	16	static
../drivers/fsl_clock.h:593:20:CLOCK_SetPllFllSelClock	16	static
../drivers/fsl_clock.h:926:20:OSC_SetExtRefClkConfig	24	static
../drivers/fsl_clock.h:954:20:OSC_SetCapLoad	24	static
../drivers/fsl_clock.c:179:13:CLOCK_FllStableDelay	16	static
../drivers/fsl_clock.c:199:17:CLOCK_GetMcgExtClkFreq	16	static
../drivers/fsl_clock.c:226:17:CLOCK_GetFllExtRefClkFreq	16	static
../drivers/fsl_clock.c:275:17:CLOCK_GetInternalRefClkSelectFreq	16	static
../drivers/fsl_clock.c:293:17:CLOCK_GetFllRefClkFreq	16	static
../drivers/fsl_clock.c:311:16:CLOCK_GetOscRangeFromFreq	24	static
../drivers/fsl_clock.c:336:10:CLOCK_GetOsc0ErClkUndivFreq	8	static
../drivers/fsl_clock.c:355:10:CLOCK_GetOsc0ErClkDivFreq	16	static
../drivers/fsl_clock.c:378:10:CLOCK_GetEr32kClkFreq	16	static
../drivers/fsl_clock.c:402:10:CLOCK_GetPllFllSelClkFreq	16	static
../drivers/fsl_clock.c:427:10:CLOCK_GetOsc0ErClkFreq	8	static
../drivers/fsl_clock.c:437:10:CLOCK_GetPlatClkFreq	8	static
../drivers/fsl_clock.c:447:10:CLOCK_GetFlashClkFreq	8	static
../drivers/fsl_clock.c:457:10:CLOCK_GetBusClkFreq	8	static
../drivers/fsl_clock.c:467:10:CLOCK_GetCoreSysClkFreq	8	static
../drivers/fsl_clock.c:482:10:CLOCK_GetFreq	24	static
../drivers/fsl_clock.c:540:6:CLOCK_SetSimConfig	16	static
../drivers/fsl_clock.c:555:10:CLOCK_GetOutClkFreq	16	static
../drivers/fsl_clock.c:588:10:CLOCK_GetFllFreq	24	static
../drivers/fsl_clock.c:628:10:CLOCK_GetInternalRefClkFreq	16	static
../drivers/fsl_clock.c:653:10:CLOCK_GetFixedFreqClkFreq	16	static
../drivers/fsl_clock.c:683:10:CLOCK_SetExternalRefClkConfig	24	static
../drivers/fsl_clock.c:736:10:CLOCK_SetInternalRefClkConfig	24	static
../drivers/fsl_clock.c:793:6:CLOCK_SetOsc0MonitorMode	16	static
../drivers/fsl_clock.c:842:10:CLOCK_GetStatusFlags	16	static
../drivers/fsl_clock.c:874:6:CLOCK_ClearStatusFlags	16	static
../drivers/fsl_clock.c:889:6:CLOCK_InitOsc0	24	static
../drivers/fsl_clock.c:912:6:CLOCK_DeinitOsc0	4	static
../drivers/fsl_clock.c:923:6:CLOCK_SetSlowIrcFreq	16	static
../drivers/fsl_clock.c:933:6:CLOCK_SetFastIrcFreq	16	static
../drivers/fsl_clock.c:956:10:CLOCK_TrimInternalRefClk	40	static
../drivers/fsl_clock.c:1042:12:CLOCK_GetMode	24	static
../drivers/fsl_clock.c:1148:10:CLOCK_SetFeiMode	24	static
../drivers/fsl_clock.c:1224:10:CLOCK_SetFeeMode	24	static
../drivers/fsl_clock.c:1319:10:CLOCK_SetFbiMode	24	static
../drivers/fsl_clock.c:1399:10:CLOCK_SetFbeMode	24	static
../drivers/fsl_clock.c:1487:10:CLOCK_SetBlpiMode	4	static
../drivers/fsl_clock.c:1511:10:CLOCK_SetBlpeMode	4	static
../drivers/fsl_clock.c:1542:10:CLOCK_ExternalModeToFbeModeQuick	4	static
../drivers/fsl_clock.c:1578:10:CLOCK_InternalModeToFbiModeQuick	4	static
../drivers/fsl_clock.c:1613:10:CLOCK_BootToFeiMode	16	static
../drivers/fsl_clock.c:1633:10:CLOCK_BootToFeeMode	24	static
../drivers/fsl_clock.c:1654:10:CLOCK_BootToBlpiMode	16	static
../drivers/fsl_clock.c:1682:10:CLOCK_BootToBlpeMode	16	static
../drivers/fsl_clock.c:1747:10:CLOCK_SetMcgConfig	24	static
