/Users/tuncay/Documents/MCUXpressoIDE_25.6.136/workspace/Debug_Tool/CMSIS/core_cm4.h:1794:22:__NVIC_EnableIRQ	16	static
../drivers/fsl_clock.h:551:20:CLOCK_EnableClock	24	static
../drivers/fsl_clock.h:562:20:CLOCK_DisableClock	24	static
../drivers/fsl_common_arm.h:672:24:EnableIRQ	24	static
../drivers/fsl_common_arm.h:902:24:DisableGlobalIRQ	16	static
../drivers/fsl_common_arm.h:928:20:EnableGlobalIRQ	24	static
../drivers/fsl_edma.c:63:17:EDMA_GetInstance	24	static
../drivers/fsl_edma.c:88:6:EDMA_InstallTCD	24	static
../drivers/fsl_edma.c:120:6:EDMA_Init	24	static
../drivers/fsl_edma.c:150:6:EDMA_Deinit	16	static
../drivers/fsl_edma.c:172:6:EDMA_GetDefaultConfig	16	static
../drivers/fsl_edma.c:196:6:EDMA_ResetChannel	16	static
../drivers/fsl_edma.c:228:6:EDMA_SetTransferConfig	24	static
../drivers/fsl_edma.c:254:6:EDMA_SetMinorOffsetConfig	32	static
../drivers/fsl_edma.c:279:6:EDMA_SetMajorOffsetConfig	24	static
../drivers/fsl_edma.c:296:6:EDMA_SetChannelPreemptionConfig	32	static
../drivers/fsl_edma.c:327:6:EDMA_SetChannelLink	24	static
../drivers/fsl_edma.c:349:6:EDMA_SetBandWidth	24	static
../drivers/fsl_edma.c:368:6:EDMA_SetModulo	32	static
../drivers/fsl_edma.c:386:6:EDMA_EnableChannelInterrupts	24	static
../drivers/fsl_edma.c:417:6:EDMA_DisableChannelInterrupts	24	static
../drivers/fsl_edma.c:448:6:EDMA_TcdReset	16	static
../drivers/fsl_edma.c:495:6:EDMA_TcdSetTransferConfig	24	static
../drivers/fsl_edma.c:556:6:EDMA_TcdSetMinorOffsetConfig	24	static
../drivers/fsl_edma.c:580:6:EDMA_TcdSetMajorOffsetConfig	24	static
../drivers/fsl_edma.c:604:6:EDMA_TcdSetChannelLink	32	static
../drivers/fsl_edma.c:654:6:EDMA_TcdSetModulo	24	static
../drivers/fsl_edma.c:672:6:EDMA_TcdEnableInterrupts	16	static
../drivers/fsl_edma.c:696:6:EDMA_TcdDisableInterrupts	16	static
../drivers/fsl_edma.c:734:10:EDMA_GetRemainingMajorLoopCount	24	static
../drivers/fsl_edma.c:770:10:EDMA_GetChannelStatusFlags	24	static
../drivers/fsl_edma.c:794:6:EDMA_ClearChannelStatusFlags	24	static
../drivers/fsl_edma.c:815:17:EDMA_GetInstanceOffset	16	static
../drivers/fsl_edma.c:845:6:EDMA_CreateHandle	40	static
../drivers/fsl_edma.c:899:6:EDMA_InstallTCDMemory	24	static
../drivers/fsl_edma.c:931:6:EDMA_SetCallback	24	static
../drivers/fsl_edma.c:939:29:EDMA_TransferWidthMapping	24	static
../drivers/fsl_edma.c:1001:6:EDMA_PrepareTransferConfig	24	static
../drivers/fsl_edma.c:1055:6:EDMA_PrepareTransfer	56	static
../drivers/fsl_edma.c:1109:10:EDMA_SubmitTransfer	40	static
../drivers/fsl_edma.c:1285:6:EDMA_StartTransfer	32	static
../drivers/fsl_edma.c:1332:6:EDMA_StopTransfer	16	static
../drivers/fsl_edma.c:1348:6:EDMA_AbortTransfer	16	static
../drivers/fsl_edma.c:1401:6:EDMA_HandleIRQ	48	static
../drivers/fsl_edma.c:2625:6:DMA0_DriverIRQHandler	8	static
../drivers/fsl_edma.c:2632:6:DMA1_DriverIRQHandler	8	static
../drivers/fsl_edma.c:2639:6:DMA2_DriverIRQHandler	8	static
../drivers/fsl_edma.c:2646:6:DMA3_DriverIRQHandler	8	static
