../startup/startup_mk02f12810.c:349:6:data_init	4	static
../startup/startup_mk02f12810.c:358:6:bss_init	0	static
../startup/startup_mk02f12810.c:383:6:ResetISR	0	static
../startup/startup_mk02f12810.c:490:14:NMI_Handler	0	static
../startup/startup_mk02f12810.c:494:14:HardFault_Handler	0	static
../startup/startup_mk02f12810.c:498:14:MemManage_Handler	0	static
../startup/startup_mk02f12810.c:502:14:BusFault_Handler	0	static
../startup/startup_mk02f12810.c:506:14:UsageFault_Handler	0	static
../startup/startup_mk02f12810.c:510:14:SVC_Handler	0	static
../startup/startup_mk02f12810.c:514:14:DebugMon_Handler	0	static
../startup/startup_mk02f12810.c:518:14:PendSV_Handler	0	static
../startup/startup_mk02f12810.c:522:14:SysTick_Handler	0	static
../startup/startup_mk02f12810.c:530:14:IntDefaultHandler	0	static
../startup/startup_mk02f12810.c:540:11:DMA0_IRQHandler	8	static
../startup/startup_mk02f12810.c:544:11:DMA1_IRQHandler	8	static
../startup/startup_mk02f12810.c:548:11:DMA2_IRQHandler	8	static
../startup/startup_mk02f12810.c:552:11:DMA3_IRQHandler	8	static
../startup/startup_mk02f12810.c:556:11:Reserved20_IRQHandler	8	static
../startup/startup_mk02f12810.c:560:11:Reserved21_IRQHandler	8	static
../startup/startup_mk02f12810.c:564:11:Reserved22_IRQHandler	8	static
../startup/startup_mk02f12810.c:568:11:Reserved23_IRQHandler	8	static
../startup/startup_mk02f12810.c:572:11:Reserved24_IRQHandler	8	static
../startup/startup_mk02f12810.c:576:11:Reserved25_IRQHandler	8	static
../startup/startup_mk02f12810.c:580:11:Reserved26_IRQHandler	8	static
../startup/startup_mk02f12810.c:584:11:Reserved27_IRQHandler	8	static
../startup/startup_mk02f12810.c:588:11:Reserved28_IRQHandler	8	static
../startup/startup_mk02f12810.c:592:11:Reserved29_IRQHandler	8	static
../startup/startup_mk02f12810.c:596:11:Reserved30_IRQHandler	8	static
../startup/startup_mk02f12810.c:600:11:Reserved31_IRQHandler	8	static
../startup/startup_mk02f12810.c:604:11:DMA_Error_IRQHandler	8	static
../startup/startup_mk02f12810.c:608:11:MCM_IRQHandler	8	static
../startup/startup_mk02f12810.c:612:11:FTF_IRQHandler	8	static
../startup/startup_mk02f12810.c:616:11:Read_Collision_IRQHandler	8	static
../startup/startup_mk02f12810.c:620:11:LVD_LVW_IRQHandler	8	static
../startup/startup_mk02f12810.c:624:11:LLWU_IRQHandler	8	static
../startup/startup_mk02f12810.c:628:11:WDOG_EWM_IRQHandler	8	static
../startup/startup_mk02f12810.c:632:11:Reserved39_IRQHandler	8	static
../startup/startup_mk02f12810.c:636:11:I2C0_IRQHandler	8	static
../startup/startup_mk02f12810.c:640:11:Reserved41_IRQHandler	8	static
../startup/startup_mk02f12810.c:644:11:SPI0_IRQHandler	8	static
../startup/startup_mk02f12810.c:648:11:Reserved43_IRQHandler	8	static
../startup/startup_mk02f12810.c:652:11:Reserved44_IRQHandler	8	static
../startup/startup_mk02f12810.c:656:11:Reserved45_IRQHandler	8	static
../startup/startup_mk02f12810.c:660:11:Reserved46_IRQHandler	8	static
../startup/startup_mk02f12810.c:664:11:UART0_RX_TX_IRQHandler	8	static
../startup/startup_mk02f12810.c:668:11:UART0_ERR_IRQHandler	8	static
../startup/startup_mk02f12810.c:672:11:UART1_RX_TX_IRQHandler	8	static
../startup/startup_mk02f12810.c:676:11:UART1_ERR_IRQHandler	8	static
../startup/startup_mk02f12810.c:680:11:Reserved51_IRQHandler	8	static
../startup/startup_mk02f12810.c:684:11:Reserved52_IRQHandler	8	static
../startup/startup_mk02f12810.c:688:11:Reserved53_IRQHandler	8	static
../startup/startup_mk02f12810.c:692:11:Reserved54_IRQHandler	8	static
../startup/startup_mk02f12810.c:696:11:ADC0_IRQHandler	8	static
../startup/startup_mk02f12810.c:700:11:CMP0_IRQHandler	8	static
../startup/startup_mk02f12810.c:704:11:CMP1_IRQHandler	8	static
../startup/startup_mk02f12810.c:708:11:FTM0_IRQHandler	8	static
../startup/startup_mk02f12810.c:712:11:FTM1_IRQHandler	8	static
../startup/startup_mk02f12810.c:716:11:FTM2_IRQHandler	8	static
../startup/startup_mk02f12810.c:720:11:Reserved61_IRQHandler	8	static
../startup/startup_mk02f12810.c:724:11:Reserved62_IRQHandler	8	static
../startup/startup_mk02f12810.c:728:11:Reserved63_IRQHandler	8	static
../startup/startup_mk02f12810.c:732:11:PIT0_IRQHandler	8	static
../startup/startup_mk02f12810.c:736:11:PIT1_IRQHandler	8	static
../startup/startup_mk02f12810.c:740:11:PIT2_IRQHandler	8	static
../startup/startup_mk02f12810.c:744:11:PIT3_IRQHandler	8	static
../startup/startup_mk02f12810.c:748:11:PDB0_IRQHandler	8	static
../startup/startup_mk02f12810.c:752:11:Reserved69_IRQHandler	8	static
../startup/startup_mk02f12810.c:756:11:Reserved70_IRQHandler	8	static
../startup/startup_mk02f12810.c:760:11:Reserved71_IRQHandler	8	static
../startup/startup_mk02f12810.c:764:11:DAC0_IRQHandler	8	static
../startup/startup_mk02f12810.c:768:11:MCG_IRQHandler	8	static
../startup/startup_mk02f12810.c:772:11:LPTMR0_IRQHandler	8	static
../startup/startup_mk02f12810.c:776:11:PORTA_IRQHandler	8	static
../startup/startup_mk02f12810.c:780:11:PORTB_IRQHandler	8	static
../startup/startup_mk02f12810.c:784:11:PORTC_IRQHandler	8	static
../startup/startup_mk02f12810.c:788:11:PORTD_IRQHandler	8	static
../startup/startup_mk02f12810.c:792:11:PORTE_IRQHandler	8	static
../startup/startup_mk02f12810.c:796:11:SWI_IRQHandler	8	static
