Archive member included to satisfy reference by file (symbol)

/Applications/MCUXpressoIDE_25.6.136/ide/plugins/com.nxp.mcuxpresso.tools.macosx_25.6.0.202501151204/tools/bin/../lib/gcc/arm-none-eabi/14.2.1/../../../../arm-none-eabi/lib/thumb/v7e-m+fp/hard/libcr_nohost_nf.a(_cr__main.o)
                              ./startup/startup_mk02f12810.o (__main)
/Applications/MCUXpressoIDE_25.6.136/ide/plugins/com.nxp.mcuxpresso.tools.macosx_25.6.0.202501151204/tools/bin/../lib/gcc/arm-none-eabi/14.2.1/../../../../arm-none-eabi/lib/thumb/v7e-m+fp/hard/libcr_c.a(memcpy.o)
                              ./utilities/str/fsl_str.o (memcpy)
/Applications/MCUXpressoIDE_25.6.136/ide/plugins/com.nxp.mcuxpresso.tools.macosx_25.6.0.202501151204/tools/bin/../lib/gcc/arm-none-eabi/14.2.1/../../../../arm-none-eabi/lib/thumb/v7e-m+fp/hard/libcr_c.a(memset.o)
                              ./utilities/debug_console/fsl_debug_console.o (memset)
/Applications/MCUXpressoIDE_25.6.136/ide/plugins/com.nxp.mcuxpresso.tools.macosx_25.6.0.202501151204/tools/bin/../lib/gcc/arm-none-eabi/14.2.1/../../../../arm-none-eabi/lib/thumb/v7e-m+fp/hard/libcr_c.a(alloc.o)
                              ./source/action/action.o (malloc)
/Applications/MCUXpressoIDE_25.6.136/ide/plugins/com.nxp.mcuxpresso.tools.macosx_25.6.0.202501151204/tools/bin/../lib/gcc/arm-none-eabi/14.2.1/../../../../arm-none-eabi/lib/thumb/v7e-m+fp/hard/libcr_c.a(errno.o)
                              ./utilities/str/fsl_str.o (errno)
/Applications/MCUXpressoIDE_25.6.136/ide/plugins/com.nxp.mcuxpresso.tools.macosx_25.6.0.202501151204/tools/bin/../lib/gcc/arm-none-eabi/14.2.1/../../../../arm-none-eabi/lib/thumb/v7e-m+fp/hard/libcr_c.a(initio.o)
                              /Applications/MCUXpressoIDE_25.6.136/ide/plugins/com.nxp.mcuxpresso.tools.macosx_25.6.0.202501151204/tools/bin/../lib/gcc/arm-none-eabi/14.2.1/../../../../arm-none-eabi/lib/thumb/v7e-m+fp/hard/libcr_nohost_nf.a(_cr__main.o) (_initio)
/Applications/MCUXpressoIDE_25.6.136/ide/plugins/com.nxp.mcuxpresso.tools.macosx_25.6.0.202501151204/tools/bin/../lib/gcc/arm-none-eabi/14.2.1/../../../../arm-none-eabi/lib/thumb/v7e-m+fp/hard/libcr_c.a(scanf.o)
                              ./utilities/str/fsl_str.o (strtoul)
/Applications/MCUXpressoIDE_25.6.136/ide/plugins/com.nxp.mcuxpresso.tools.macosx_25.6.0.202501151204/tools/bin/../lib/gcc/arm-none-eabi/14.2.1/../../../../arm-none-eabi/lib/thumb/v7e-m+fp/hard/libcr_c.a(setvbuf.o)
                              /Applications/MCUXpressoIDE_25.6.136/ide/plugins/com.nxp.mcuxpresso.tools.macosx_25.6.0.202501151204/tools/bin/../lib/gcc/arm-none-eabi/14.2.1/../../../../arm-none-eabi/lib/thumb/v7e-m+fp/hard/libcr_c.a(initio.o) (setvbuf)
/Applications/MCUXpressoIDE_25.6.136/ide/plugins/com.nxp.mcuxpresso.tools.macosx_25.6.0.202501151204/tools/bin/../lib/gcc/arm-none-eabi/14.2.1/../../../../arm-none-eabi/lib/thumb/v7e-m+fp/hard/libcr_c.a(strlen.o)
                              ./utilities/str/fsl_str.o (strlen)
/Applications/MCUXpressoIDE_25.6.136/ide/plugins/com.nxp.mcuxpresso.tools.macosx_25.6.0.202501151204/tools/bin/../lib/gcc/arm-none-eabi/14.2.1/../../../../arm-none-eabi/lib/thumb/v7e-m+fp/hard/libcr_c.a(ungetc.o)
                              /Applications/MCUXpressoIDE_25.6.136/ide/plugins/com.nxp.mcuxpresso.tools.macosx_25.6.0.202501151204/tools/bin/../lib/gcc/arm-none-eabi/14.2.1/../../../../arm-none-eabi/lib/thumb/v7e-m+fp/hard/libcr_c.a(scanf.o) (ungetc)
/Applications/MCUXpressoIDE_25.6.136/ide/plugins/com.nxp.mcuxpresso.tools.macosx_25.6.0.202501151204/tools/bin/../lib/gcc/arm-none-eabi/14.2.1/../../../../arm-none-eabi/lib/thumb/v7e-m+fp/hard/libcr_c.a(__fillbuf.o)
                              /Applications/MCUXpressoIDE_25.6.136/ide/plugins/com.nxp.mcuxpresso.tools.macosx_25.6.0.202501151204/tools/bin/../lib/gcc/arm-none-eabi/14.2.1/../../../../arm-none-eabi/lib/thumb/v7e-m+fp/hard/libcr_c.a(scanf.o) (__filbuf)
/Applications/MCUXpressoIDE_25.6.136/ide/plugins/com.nxp.mcuxpresso.tools.macosx_25.6.0.202501151204/tools/bin/../lib/gcc/arm-none-eabi/14.2.1/../../../../arm-none-eabi/lib/thumb/v7e-m+fp/hard/libcr_c.a(__init_alloc.o)
                              /Applications/MCUXpressoIDE_25.6.136/ide/plugins/com.nxp.mcuxpresso.tools.macosx_25.6.0.202501151204/tools/bin/../lib/gcc/arm-none-eabi/14.2.1/../../../../arm-none-eabi/lib/thumb/v7e-m+fp/hard/libcr_c.a(alloc.o) (__heaps)
/Applications/MCUXpressoIDE_25.6.136/ide/plugins/com.nxp.mcuxpresso.tools.macosx_25.6.0.202501151204/tools/bin/../lib/gcc/arm-none-eabi/14.2.1/../../../../arm-none-eabi/lib/thumb/v7e-m+fp/hard/libcr_c.a(_cr_sbrk.o)
                              /Applications/MCUXpressoIDE_25.6.136/ide/plugins/com.nxp.mcuxpresso.tools.macosx_25.6.0.202501151204/tools/bin/../lib/gcc/arm-none-eabi/14.2.1/../../../../arm-none-eabi/lib/thumb/v7e-m+fp/hard/libcr_c.a(alloc.o) (_sbrk)
[...]
Memory Configuration

Name             Origin             Length             Attributes
PROGRAM_FLASH    0x00000000         0x00010000         xr
USER_FLASH       0x00010000         0x00010000         xr
SRAM_LOWER       0x1fffe000         0x00002000         xrw
SRAM_UPPER       0x20000000         0x00002000         xrw
*default*        0x00000000         0xffffffff

Linker script and memory map

LOAD ./utilities/str/fsl_str.o
LOAD ./utilities/debug_console/fsl_debug_console.o
LOAD ./utilities/fsl_assert.o
LOAD ./startup/startup_mk02f12810.o
LOAD ./source/uart/build_packet.o
LOAD ./source/uart/crc16.o
LOAD ./source/uart/uart.o
LOAD ./source/uart/uart_proto.o
LOAD ./source/uart/uart_rx.o
LOAD ./source/uart/uart_tx.o
LOAD ./source/spi/spi_init.o
LOAD ./source/pit/pit_init.o
LOAD ./source/gpio/gpio_utils.o
LOAD ./source/flash/check_flash.o
LOAD ./source/flash/flash_init.o
LOAD ./source/execute/execute.o
LOAD ./source/execute/init_pins.o
LOAD ./source/action/action.o
LOAD ./source/Debug_Tool.o
LOAD ./source/debug.o
LOAD ./source/semihost_hardfault.o
LOAD ./drivers/fsl_clock.o
LOAD ./drivers/fsl_common.o
LOAD ./drivers/fsl_common_arm.o
LOAD ./drivers/fsl_dmamux.o
LOAD ./drivers/fsl_dspi.o
LOAD ./drivers/fsl_edma.o
LOAD ./drivers/fsl_ftfx_cache.o
LOAD ./drivers/fsl_ftfx_controller.o
LOAD ./drivers/fsl_ftfx_flash.o
LOAD ./drivers/fsl_ftfx_flexnvm.o
LOAD ./drivers/fsl_gpio.o
LOAD ./drivers/fsl_pit.o
LOAD ./drivers/fsl_smc.o
LOAD ./drivers/fsl_uart.o
LOAD ./drivers/fsl_uart_edma.o
LOAD ./device/system_MK02F12810.o
LOAD ./component/uart/fsl_adapter_uart.o
LOAD ./component/serial_manager/fsl_component_serial_manager.o
LOAD ./component/serial_manager/fsl_component_serial_port_uart.o
LOAD ./component/lists/fsl_component_generic_list.o
LOAD ./board/board.o
LOAD ./board/clock_config.o
LOAD ./board/peripherals.o
LOAD ./board/pin_mux.o
START GROUP
LOAD /Applications/MCUXpressoIDE_25.6.136/ide/plugins/com.nxp.mcuxpresso.tools.macosx_25.6.0.202501151204/tools/bin/../lib/gcc/arm-none-eabi/14.2.1/../../../../arm-none-eabi/lib/thumb/v7e-m+fp/hard/libcr_nohost_nf.a
LOAD /Applications/MCUXpressoIDE_25.6.136/ide/plugins/com.nxp.mcuxpresso.tools.macosx_25.6.0.202501151204/tools/bin/../lib/gcc/arm-none-eabi/14.2.1/../../../../arm-none-eabi/lib/thumb/v7e-m+fp/hard/libcr_c.a
LOAD /Applications/MCUXpressoIDE_25.6.136/ide/plugins/com.nxp.mcuxpresso.tools.macosx_25.6.0.202501151204/tools/bin/../lib/gcc/arm-none-eabi/14.2.1/thumb/v7e-m+fp/hard/libcr_eabihelpers.a
LOAD /Applications/MCUXpressoIDE_25.6.136/ide/plugins/com.nxp.mcuxpresso.tools.macosx_25.6.0.202501151204/tools/bin/../lib/gcc/arm-none-eabi/14.2.1/thumb/v7e-m+fp/hard/libgcc.a
END GROUP
                0x00000000                        __base_PROGRAM_FLASH = 0x0
                0x00000000                        __base_Flash = 0x0
                0x00010000                        __top_PROGRAM_FLASH = 0x10000
                0x00010000                        __top_Flash = 0x10000
                0x00010000                        __base_USER_FLASH = 0x10000
                0x00010000                        __base_Flash2 = 0x10000
                0x00020000                        __top_USER_FLASH = 0x20000
                0x00020000                        __top_Flash2 = 0x20000
                0x1fffe000                        __base_SRAM_LOWER = 0x1fffe000
                0x1fffe000                        __base_RAM = 0x1fffe000
                0x20000000                        __top_SRAM_LOWER = 0x20000000
                0x20000000                        __top_RAM = 0x20000000
                0x20000000                        __base_SRAM_UPPER = 0x20000000
                0x20000000                        __base_RAM2 = 0x20000000
                0x20002000                        __top_SRAM_UPPER = 0x20002000
                0x20002000                        __top_RAM2 = 0x20002000

.text_Flash2    0x00010000        0x0
 FILL mask 0xff
 *(SORT_BY_ALIGNMENT(.text_Flash2))
 *(SORT_BY_ALIGNMENT(.text_USER_FLASH))
 *(SORT_BY_ALIGNMENT(.text.$Flash2))
 *(SORT_BY_ALIGNMENT(.text.$USER_FLASH))
 *(SORT_BY_ALIGNMENT(.text_Flash2.*))
 *(SORT_BY_ALIGNMENT(.text_USER_FLASH.*))
 *(SORT_BY_ALIGNMENT(.text.$Flash2.*))
 *(SORT_BY_ALIGNMENT(.text.$USER_FLASH.*))
 *(SORT_BY_ALIGNMENT(.rodata.$Flash2))
 *(SORT_BY_ALIGNMENT(.rodata.$USER_FLASH))
 *(SORT_BY_ALIGNMENT(.rodata.$Flash2.*))
 *(SORT_BY_ALIGNMENT(.rodata.$USER_FLASH.*))

.text           0x00000000     0x9270
 FILL mask 0xff
                0x00000000                        __vectors_start__ = ABSOLUTE (.)
 *(SORT_BY_ALIGNMENT(.isr_vector))
 .isr_vector    0x00000000      0x144 ./startup/startup_mk02f12810.o
                0x00000000                __Vectors
                0x00000000                g_pfnVectors
                0x00000144                        . = ALIGN (0x4)
                0x00000144                        __section_table_start = .
                0x00000144                        __data_section_table = .
                0x00000144        0x4 LONG 0x9270 LOADADDR (.data)
                0x00000148        0x4 LONG 0x1fffe000 ADDR (.data)
                0x0000014c        0x4 LONG 0x2c SIZEOF (.data)
                0x00000150        0x4 LONG 0x9270 LOADADDR (.data_RAM2)
                0x00000154        0x4 LONG 0x20002000 ADDR (.data_RAM2)
                0x00000158        0x4 LONG 0x0 SIZEOF (.data_RAM2)
                0x0000015c                        __data_section_table_end = .
                0x0000015c                        __bss_section_table = .
                0x0000015c        0x4 LONG 0x1fffe400 ADDR (.bss)
                0x00000160        0x4 LONG 0xc54 SIZEOF (.bss)
                0x00000164        0x4 LONG 0x20002000 ADDR (.bss_RAM2)
                0x00000168        0x4 LONG 0x0 SIZEOF (.bss_RAM2)
                0x0000016c                        __bss_section_table_end = .
                0x0000016c                        __section_table_end = .
 *(SORT_BY_ALIGNMENT(.after_vectors*))
 .after_vectors.reset
                0x0000016c       0x4c ./startup/startup_mk02f12810.o
                0x0000016c                ResetISR
 .after_vectors.init_data
                0x000001b8       0x1e ./startup/startup_mk02f12810.o
                0x000001b8                data_init
 .after_vectors.init_bss
                0x000001d6       0x12 ./startup/startup_mk02f12810.o
                0x000001d6                bss_init
 .after_vectors
                0x000001e8       0x14 ./startup/startup_mk02f12810.o
                0x000001e8                NMI_Handler
                0x000001ec                MemManage_Handler
                0x000001ee                BusFault_Handler
                0x000001f0                UsageFault_Handler
                0x000001f2                SVC_Handler
                0x000001f4                DebugMon_Handler
                0x000001f6                PendSV_Handler
                0x000001f8                SysTick_Handler
                0x000001fa                Reserved52_DriverIRQHandler
                0x000001fa                PIT2_DriverIRQHandler
                0x000001fa                FTF_DriverIRQHandler
                0x000001fa                LLWU_DriverIRQHandler
                0x000001fa                MCM_DriverIRQHandler
                0x000001fa                Reserved28_DriverIRQHandler
                0x000001fa                MCG_DriverIRQHandler
                0x000001fa                Reserved63_DriverIRQHandler
                0x000001fa                Reserved69_DriverIRQHandler
                0x000001fa                CMP1_DriverIRQHandler
                0x000001fa                FTM0_DriverIRQHandler
                0x000001fa                IntDefaultHandler
                0x000001fa                PORTC_DriverIRQHandler
                0x000001fa                DAC0_DriverIRQHandler
                0x000001fa                Reserved41_DriverIRQHandler
                0x000001fa                LVD_LVW_DriverIRQHandler
                0x000001fa                PIT0_DriverIRQHandler
                0x000001fa                Reserved31_DriverIRQHandler
                0x000001fa                Reserved20_DriverIRQHandler
                0x000001fa                Reserved22_DriverIRQHandler
                0x000001fa                Reserved53_DriverIRQHandler
                0x000001fa                Reserved45_DriverIRQHandler
                0x000001fa                Reserved30_DriverIRQHandler
                0x000001fa                UART0_ERR_DriverIRQHandler
                0x000001fa                Reserved24_DriverIRQHandler
                0x000001fa                Reserved71_DriverIRQHandler
                0x000001fa                PORTA_DriverIRQHandler
                0x000001fa                PIT3_DriverIRQHandler
                0x000001fa                PIT1_DriverIRQHandler
                0x000001fa                WDOG_EWM_DriverIRQHandler
                0x000001fa                PDB0_DriverIRQHandler
                0x000001fa                Reserved23_DriverIRQHandler
                0x000001fa                Reserved61_DriverIRQHandler
                0x000001fa                Read_Collision_DriverIRQHandler
                0x000001fa                Reserved54_DriverIRQHandler
                0x000001fa                SWI_DriverIRQHandler
                0x000001fa                Reserved62_DriverIRQHandler
                0x000001fa                Reserved51_DriverIRQHandler
                0x000001fa                Reserved25_DriverIRQHandler
                0x000001fa                Reserved44_DriverIRQHandler
                0x000001fa                Reserved29_DriverIRQHandler
                0x000001fa                Reserved27_DriverIRQHandler
                0x000001fa                ADC0_DriverIRQHandler
                0x000001fa                CMP0_DriverIRQHandler
                0x000001fa                Reserved26_DriverIRQHandler
                0x000001fa                UART1_ERR_DriverIRQHandler
                0x000001fa                Reserved43_DriverIRQHandler
                0x000001fa                PORTD_DriverIRQHandler
                0x000001fa                Reserved46_DriverIRQHandler
                0x000001fa                Reserved70_DriverIRQHandler
                0x000001fa                PORTE_DriverIRQHandler
                0x000001fa                I2C0_DriverIRQHandler
                0x000001fa                Reserved39_DriverIRQHandler
                0x000001fa                PORTB_DriverIRQHandler
                0x000001fa                Reserved21_DriverIRQHandler
                0x000001fa                LPTMR0_DriverIRQHandler
                0x000001fa                DMA_Error_DriverIRQHandler
                0x000001fa                FTM1_DriverIRQHandler
                0x000001fa                FTM2_DriverIRQHandler
                0x00000400                        . = 0x400
 *fill*         0x000001fc      0x204 ff
                0x00000400                        PROVIDE (__FLASH_CONFIG_START__ = .)
 *(SORT_BY_ALIGNMENT(.FlashConfig))
 .FlashConfig   0x00000400       0x10 ./startup/startup_mk02f12810.o
                0x00000400                Flash_Config
                0x00000410                        PROVIDE (__FLASH_CONFIG_END__ = .)
                0x00000001                        ASSERT (! ((__FLASH_CONFIG_START__ == __FLASH_CONFIG_END__)), Linker Flash Config Support Enabled, but no .FlashConfig section provided within application)
 *(SORT_BY_ALIGNMENT(.text*))
 .text.DbgConsole_SendDataReliable
                0x00000410       0x54 ./utilities/debug_console/fsl_debug_console.o
                0x00000410                DbgConsole_SendDataReliable
 .text.DbgConsole_Vprintf
                0x00000464       0x68 ./utilities/debug_console/fsl_debug_console.o
                0x00000464                DbgConsole_Vprintf
 .text.__assertion_failed
                0x000004cc       0x2c ./utilities/fsl_assert.o
                0x000004cc                __assertion_failed
 .text.DMAMUX_EnableChannel
                0x000004f8       0x3c ./source/uart/uart.o
 .text.DMAMUX_SetSource
                0x00000534       0x4c ./source/uart/uart.o
 .text.uart0_init
                0x00000580       0x88 ./source/uart/uart.o
                0x00000580                uart0_init
 .text.proto_rx_reset
                0x00000608       0x34 ./source/uart/uart_proto.o
                0x00000608                proto_rx_reset
 .text.crc16_feed
                0x0000063c       0x2c ./source/uart/uart_proto.o
 .text.proto_rx_poll
                0x00000668      0x1ac ./source/uart/uart_proto.o
                0x00000668                proto_rx_poll
 .text.rx_head_hw
                0x00000814       0x40 ./source/uart/uart_rx.o
 .text.uart0_try_read_byte
                0x00000854       0x54 ./source/uart/uart_rx.o
                0x00000854                uart0_try_read_byte
 .text.rb_empty
                0x000008a8       0x2c ./source/uart/uart_tx.o
 .text.rb_full  0x000008d4       0x38 ./source/uart/uart_tx.o
 .text.rb_contig_len_from_tail
                0x0000090c       0x44 ./source/uart/uart_tx.o
 .text.uart0_tx_kick_if_idle
                0x00000950       0x88 ./source/uart/uart_tx.o
 .text.uart_tx_on_done
                0x000009d8       0x64 ./source/uart/uart_tx.o
                0x000009d8                uart_tx_on_done
 .text.uart0_write
                0x00000a3c       0x74 ./source/uart/uart_tx.o
                0x00000a3c                uart0_write
 .text.uart0_puthex_pref
                0x00000ab0       0x3c ./source/uart/uart_tx.o
                0x00000ab0                uart0_puthex_pref
 .text.uart0_print_i32
                0x00000aec       0x9c ./source/uart/uart_tx.o
                0x00000aec                uart0_print_i32
 .text.__NVIC_EnableIRQ
                0x00000b88       0x3c ./source/spi/spi_init.o
 .text.SPI0_IRQHandler
                0x00000bc4      0x31c ./source/spi/spi_init.o
                0x00000bc4                SPI0_IRQHandler
 .text.spi_init
                0x00000ee0       0xd4 ./source/spi/spi_init.o
                0x00000ee0                spi_init
 .text.__NVIC_EnableIRQ
                0x00000fb4       0x3c ./source/pit/pit_init.o
 .text.__NVIC_SetPriority
                0x00000ff0       0x54 ./source/pit/pit_init.o
 .text.PIT_GetDefaultConfig
                0x00001044       0x28 ./source/pit/pit_init.o
 .text.PIT_SetTimerPeriod
                0x0000106c       0x38 ./source/pit/pit_init.o
 .text.PIT0_IRQHandler
                0x000010a4       0x2c ./source/pit/pit_init.o
                0x000010a4                PIT0_IRQHandler
 .text.pit_init
                0x000010d0       0xc0 ./source/pit/pit_init.o
                0x000010d0                pit_init
 .text.pit_start
                0x00001190       0x14 ./source/pit/pit_init.o
                0x00001190                pit_start
 .text.pit_stop
                0x000011a4       0x14 ./source/pit/pit_init.o
                0x000011a4                pit_stop
 .text.port_base
                0x000011b8       0x64 ./source/gpio/gpio_utils.o
 .text.gpio_base
                0x0000121c       0x64 ./source/gpio/gpio_utils.o
 .text.gpio_enable_clock
                0x00001280       0x74 ./source/gpio/gpio_utils.o
                0x00001280                gpio_enable_clock
 .text.gpio_set_input
                0x000012f4       0x60 ./source/gpio/gpio_utils.o
                0x000012f4                gpio_set_input
 .text.check_flash
                0x00001354      0x154 ./source/flash/check_flash.o
                0x00001354                check_flash
 .text.flash_init
                0x000014a8       0x1c ./source/flash/flash_init.o
                0x000014a8                flash_init
 .text.flash_erase
                0x000014c4       0x2c ./source/flash/flash_init.o
                0x000014c4                flash_erase
 .text.flash_program
                0x000014f0       0xb8 ./source/flash/flash_init.o
                0x000014f0                flash_program
 .text.tick_reached
                0x000015a8       0x28 ./source/execute/execute.o
 .text.start_action
                0x000015d0       0xec ./source/execute/execute.o
                0x000015d0                start_action
 .text.run_action
                0x000016bc      0x100 ./source/execute/execute.o
                0x000016bc                run_action
 .text.msus_to_ticks
                0x000017bc       0xb0 ./source/action/action.o
 .text.parse_actions
                0x0000186c      0x7ac ./source/action/action.o
                0x0000186c                parse_actions
 .text.__NVIC_SystemReset
                0x00002018       0x2c ./source/Debug_Tool.o
 .text.cspi_send_req
                0x00002044       0x48 ./source/Debug_Tool.o
 .text.cspi_check_ring
                0x0000208c       0xa8 ./source/Debug_Tool.o
 .text.cspi_shutdown
                0x00002134       0x5c ./source/Debug_Tool.o
 .text.cspi_start_one_round
                0x00002190       0x3c ./source/Debug_Tool.o
 .text.main     0x000021cc      0x620 ./source/Debug_Tool.o
                0x000021cc                main
 .text.dump_cspi
                0x000027ec      0x1e0 ./source/debug.o
                0x000027ec                dump_cspi
 .text.CLOCK_SetEr32kClock
                0x000029cc       0x30 ./drivers/fsl_clock.o
 .text.CLOCK_SetPllFllSelClock
                0x000029fc       0x38 ./drivers/fsl_clock.o
 .text.CLOCK_GetMcgExtClkFreq
                0x00002a34       0x7c ./drivers/fsl_clock.o
 .text.CLOCK_GetFllExtRefClkFreq
                0x00002ab0       0xb0 ./drivers/fsl_clock.o
 .text.CLOCK_GetInternalRefClkSelectFreq
                0x00002b60       0x4c ./drivers/fsl_clock.o
 .text.CLOCK_GetFllRefClkFreq
                0x00002bac       0x34 ./drivers/fsl_clock.o
 .text.CLOCK_GetOsc0ErClkUndivFreq
                0x00002be0       0x38 ./drivers/fsl_clock.o
                0x00002be0                CLOCK_GetOsc0ErClkUndivFreq
 .text.CLOCK_GetOsc0ErClkDivFreq
                0x00002c18       0x58 ./drivers/fsl_clock.o
                0x00002c18                CLOCK_GetOsc0ErClkDivFreq
 .text.CLOCK_GetEr32kClkFreq
                0x00002c70       0x50 ./drivers/fsl_clock.o
                0x00002c70                CLOCK_GetEr32kClkFreq
 .text.CLOCK_GetPllFllSelClkFreq
                0x00002cc0       0x44 ./drivers/fsl_clock.o
                0x00002cc0                CLOCK_GetPllFllSelClkFreq
 .text.CLOCK_GetFreq
                0x00002d04      0x120 ./drivers/fsl_clock.o
                0x00002d04                CLOCK_GetFreq
 .text.CLOCK_SetSimConfig
                0x00002e24       0x34 ./drivers/fsl_clock.o
                0x00002e24                CLOCK_SetSimConfig
 .text.CLOCK_GetOutClkFreq
                0x00002e58       0x5c ./drivers/fsl_clock.o
                0x00002e58                CLOCK_GetOutClkFreq
 .text.CLOCK_GetFllFreq
                0x00002eb4       0x78 ./drivers/fsl_clock.o
                0x00002eb4                CLOCK_GetFllFreq
 .text.CLOCK_GetInternalRefClkFreq
                0x00002f2c       0x30 ./drivers/fsl_clock.o
                0x00002f2c                CLOCK_GetInternalRefClkFreq
 .text.CLOCK_SetInternalRefClkConfig
                0x00002f5c      0x104 ./drivers/fsl_clock.o
                0x00002f5c                CLOCK_SetInternalRefClkConfig
 .text.CLOCK_SetFeiMode
                0x00003060       0xbc ./drivers/fsl_clock.o
                0x00003060                CLOCK_SetFeiMode
 .text.DMAMUX_GetInstance
                0x0000311c       0x44 ./drivers/fsl_dmamux.o
 .text.DMAMUX_Init
                0x00003160       0x24 ./drivers/fsl_dmamux.o
                0x00003160                DMAMUX_Init
 .text.DSPI_GetInstance
                0x00003184       0x44 ./drivers/fsl_dspi.o
                0x00003184                DSPI_GetInstance
 .text.DSPI_SetDummyData
                0x000031c8       0x2c ./drivers/fsl_dspi.o
                0x000031c8                DSPI_SetDummyData
 .text.DSPI_SlaveInit
                0x000031f4       0xf4 ./drivers/fsl_dspi.o
                0x000031f4                DSPI_SlaveInit
 .text.__NVIC_EnableIRQ
                0x000032e8       0x3c ./drivers/fsl_edma.o
 .text.EDMA_GetInstance
                0x00003324       0x44 ./drivers/fsl_edma.o
 .text.EDMA_InstallTCD
                0x00003368      0x14c ./drivers/fsl_edma.o
                0x00003368                EDMA_InstallTCD
 .text.EDMA_Init
                0x000034b4       0x98 ./drivers/fsl_edma.o
                0x000034b4                EDMA_Init
 .text.EDMA_ResetChannel
                0x0000354c       0x34 ./drivers/fsl_edma.o
                0x0000354c                EDMA_ResetChannel
 .text.EDMA_SetTransferConfig
                0x00003580       0x60 ./drivers/fsl_edma.o
                0x00003580                EDMA_SetTransferConfig
 .text.EDMA_TcdReset
                0x000035e0       0x78 ./drivers/fsl_edma.o
                0x000035e0                EDMA_TcdReset
 .text.EDMA_TcdSetTransferConfig
                0x00003658      0x128 ./drivers/fsl_edma.o
                0x00003658                EDMA_TcdSetTransferConfig
 .text.EDMA_GetInstanceOffset
                0x00003780       0x48 ./drivers/fsl_edma.o
 .text.EDMA_CreateHandle
                0x000037c8       0xe0 ./drivers/fsl_edma.o
                0x000037c8                EDMA_CreateHandle
 .text.EDMA_SetCallback
                0x000038a8       0x30 ./drivers/fsl_edma.o
                0x000038a8                EDMA_SetCallback
 .text.EDMA_TransferWidthMapping
                0x000038d8       0xd0 ./drivers/fsl_edma.o
 .text.EDMA_PrepareTransferConfig
                0x000039a8      0x134 ./drivers/fsl_edma.o
                0x000039a8                EDMA_PrepareTransferConfig
 .text.EDMA_PrepareTransfer
                0x00003adc       0xa4 ./drivers/fsl_edma.o
                0x00003adc                EDMA_PrepareTransfer
 .text.EDMA_SubmitTransfer
                0x00003b80      0x304 ./drivers/fsl_edma.o
                0x00003b80                EDMA_SubmitTransfer
 .text.EDMA_StartTransfer
                0x00003e84       0xb4 ./drivers/fsl_edma.o
                0x00003e84                EDMA_StartTransfer
 .text.EDMA_HandleIRQ
                0x00003f38      0x1c0 ./drivers/fsl_edma.o
                0x00003f38                EDMA_HandleIRQ
 .text.DMA0_DriverIRQHandler
                0x000040f8       0x1c ./drivers/fsl_edma.o
                0x000040f8                DMA0_DriverIRQHandler
 .text.DMA1_DriverIRQHandler
                0x00004114       0x1c ./drivers/fsl_edma.o
                0x00004114                DMA1_DriverIRQHandler
 .text.DMA2_DriverIRQHandler
                0x00004130       0x1c ./drivers/fsl_edma.o
                0x00004130                DMA2_DriverIRQHandler
 .text.DMA3_DriverIRQHandler
                0x0000414c       0x1c ./drivers/fsl_edma.o
                0x0000414c                DMA3_DriverIRQHandler
 .text.FTFx_API_Init
                0x00004168       0x44 ./drivers/fsl_ftfx_controller.o
                0x00004168                FTFx_API_Init
 .text.FTFx_CMD_Erase
                0x000041ac       0xc0 ./drivers/fsl_ftfx_controller.o
                0x000041ac                FTFx_CMD_Erase
 .text.FTFx_CMD_Program
                0x0000426c       0xd4 ./drivers/fsl_ftfx_controller.o
                0x0000426c                FTFx_CMD_Program
 .text.ftfx_copy_run_command_to_ram
                0x00004340       0x20 ./drivers/fsl_ftfx_controller.o
 .text.ftfx_command_sequence
                0x00004360       0x6c ./drivers/fsl_ftfx_controller.o
 .text.ftfx_check_user_key
                0x000043cc       0x28 ./drivers/fsl_ftfx_controller.o
 .text.flash_access_init
                0x000043f4       0x50 ./drivers/fsl_ftfx_flash.o
 .text.flash_calculate_mem_size
                0x00004444       0x5c ./drivers/fsl_ftfx_flash.o
 .text.GPIO_PinInit
                0x000044a0       0x6c ./drivers/fsl_gpio.o
                0x000044a0                GPIO_PinInit
 .text.PIT_GetInstance
                0x0000450c       0x44 ./drivers/fsl_pit.o
 .text.PIT_Init
                0x00004550       0x94 ./drivers/fsl_pit.o
                0x00004550                PIT_Init
 .text.UART_GetInstance
                0x000045e4       0x54 ./drivers/fsl_uart.o
                0x000045e4                UART_GetInstance
 .text.UART_Init
                0x00004638      0x278 ./drivers/fsl_uart.o
                0x00004638                UART_Init
 .text.UART_GetDefaultConfig
                0x000048b0       0x64 ./drivers/fsl_uart.o
                0x000048b0                UART_GetDefaultConfig
 .text.UART_EnableInterrupts
                0x00004914       0x70 ./drivers/fsl_uart.o
                0x00004914                UART_EnableInterrupts
 .text.UART_DisableInterrupts
                0x00004984       0x90 ./drivers/fsl_uart.o
                0x00004984                UART_DisableInterrupts
 .text.UART0_DriverIRQHandler
                0x00004a14       0x28 ./drivers/fsl_uart.o
                0x00004a14                UART0_DriverIRQHandler
 .text.UART1_DriverIRQHandler
                0x00004a3c       0x28 ./drivers/fsl_uart.o
                0x00004a3c                UART1_DriverIRQHandler
 .text.__NVIC_EnableIRQ
                0x00004a64       0x3c ./drivers/fsl_uart_edma.o
 .text.UART_SendEDMACallback
                0x00004aa0       0x54 ./drivers/fsl_uart_edma.o
 .text.UART_ReceiveEDMACallback
                0x00004af4       0x68 ./drivers/fsl_uart_edma.o
 .text.UART_TransferCreateHandleEDMA
                0x00004b5c       0xfc ./drivers/fsl_uart_edma.o
                0x00004b5c                UART_TransferCreateHandleEDMA
 .text.UART_SendEDMA
                0x00004c58       0xe8 ./drivers/fsl_uart_edma.o
                0x00004c58                UART_SendEDMA
 .text.UART_TransferAbortReceiveEDMA
                0x00004d40       0x4c ./drivers/fsl_uart_edma.o
                0x00004d40                UART_TransferAbortReceiveEDMA
 .text.UART_TransferEdmaHandleIRQ
                0x00004d8c       0x50 ./drivers/fsl_uart_edma.o
                0x00004d8c                UART_TransferEdmaHandleIRQ
 .text.SystemInit
                0x00004ddc       0x3c ./device/system_MK02F12810.o
                0x00004ddc                SystemInit
 .text.HAL_UartSendBlocking
                0x00004e18       0x64 ./component/uart/fsl_adapter_uart.o
                0x00004e18                HAL_UartSendBlocking
 .text.CLOCK_SetSimSafeDivs
                0x00004e7c       0x24 ./board/clock_config.o
 .text.BOARD_BootClockRUN
                0x00004ea0       0x40 ./board/clock_config.o
                0x00004ea0                BOARD_BootClockRUN
 .text.EDMA_EnableChannelRequest
                0x00004ee0       0x30 ./board/peripherals.o
 .text.DMAMUX_EnableChannel
                0x00004f10       0x3c ./board/peripherals.o
 .text.DMAMUX_SetSource
                0x00004f4c       0x4c ./board/peripherals.o
 .text.DMA_init
                0x00004f98       0x4c ./board/peripherals.o
 .text.BOARD_InitPeripherals
                0x00004fe4       0x28 ./board/peripherals.o
                0x00004fe4                BOARD_InitPeripherals
 .text.BOARD_InitPins
                0x0000500c       0xc8 ./board/pin_mux.o
                0x0000500c                BOARD_InitPins
 .text.malloc   0x000050d4       0xc8 /Applications/MCUXpressoIDE_25.6.136/ide/plugins/com.nxp.mcuxpresso.tools.macosx_25.6.0.202501151204/tools/bin/../lib/gcc/arm-none-eabi/14.2.1/../../../../arm-none-eabi/lib/thumb/v7e-m+fp/hard/libcr_c.a(alloc.o)
                0x000050d4                malloc
 .text._initio  0x0000519c       0x78 /Applications/MCUXpressoIDE_25.6.136/ide/plugins/com.nxp.mcuxpresso.tools.macosx_25.6.0.202501151204/tools/bin/../lib/gcc/arm-none-eabi/14.2.1/../../../../arm-none-eabi/lib/thumb/v7e-m+fp/hard/libcr_c.a(initio.o)
                0x0000519c                _initio
 .text._sbrk    0x00005214       0x3c /Applications/MCUXpressoIDE_25.6.136/ide/plugins/com.nxp.mcuxpresso.tools.macosx_25.6.0.202501151204/tools/bin/../lib/gcc/arm-none-eabi/14.2.1/../../../../arm-none-eabi/lib/thumb/v7e-m+fp/hard/libcr_c.a(_cr_sbrk.o)
                0x00005214                _sbrk
 .text._Cwritebuf
                0x00005250       0x70 /Applications/MCUXpressoIDE_25.6.136/ide/plugins/com.nxp.mcuxpresso.tools.macosx_25.6.0.202501151204/tools/bin/../lib/gcc/arm-none-eabi/14.2.1/../../../../arm-none-eabi/lib/thumb/v7e-m+fp/hard/libcr_c.a(_writebuf.o)
                0x00005250                _Cwritebuf
 .text.fflush   0x000052c0       0x3c /Applications/MCUXpressoIDE_25.6.136/ide/plugins/com.nxp.mcuxpresso.tools.macosx_25.6.0.202501151204/tools/bin/../lib/gcc/arm-none-eabi/14.2.1/../../../../arm-none-eabi/lib/thumb/v7e-m+fp/hard/libcr_c.a(fflush.o)
                0x000052c0                fflush
 .text.fseek    0x000052fc       0xf8 /Applications/MCUXpressoIDE_25.6.136/ide/plugins/com.nxp.mcuxpresso.tools.macosx_25.6.0.202501151204/tools/bin/../lib/gcc/arm-none-eabi/14.2.1/../../../../arm-none-eabi/lib/thumb/v7e-m+fp/hard/libcr_c.a(fseek.o)
                0x000052fc                fseek
 .text.ftell    0x000053f4       0x44 /Applications/MCUXpressoIDE_25.6.136/ide/plugins/com.nxp.mcuxpresso.tools.macosx_25.6.0.202501151204/tools/bin/../lib/gcc/arm-none-eabi/14.2.1/../../../../arm-none-eabi/lib/thumb/v7e-m+fp/hard/libcr_c.a(ftell.o)
                0x000053f4                ftell
 .text.__check_heap_overflow
                0x00005438       0x18 /Applications/MCUXpressoIDE_25.6.136/ide/plugins/com.nxp.mcuxpresso.tools.macosx_25.6.0.202501151204/tools/bin/../lib/gcc/arm-none-eabi/14.2.1/../../../../arm-none-eabi/lib/thumb/v7e-m+fp/hard/libcr_c.a(_cr_check_heap.o)
                0x00005438                __check_heap_overflow
 .text.PrintGetWidth
                0x00005450       0x6a ./utilities/str/fsl_str.o
 .text.PrintGetPrecision
                0x000054ba       0x8c ./utilities/str/fsl_str.o
 .text.PrintIsobpu
                0x00005546       0x38 ./utilities/str/fsl_str.o
 .text.PrintIsdi
                0x0000557e       0x2c ./utilities/str/fsl_str.o
 .text.PrintOutputdifFobpu
                0x000055aa       0x44 ./utilities/str/fsl_str.o
 .text.PrintOutputxX
                0x000055ee       0x44 ./utilities/str/fsl_str.o
 .text.PrintIsfF
                0x00005632       0x2c ./utilities/str/fsl_str.o
 .text.PrintIsxX
                0x0000565e       0x2c ./utilities/str/fsl_str.o
 .text.PrintFilterLengthFlag
                0x0000568a       0x3e ./utilities/str/fsl_str.o
 .text.PrintGetRadixFromobpu
                0x000056c8       0x40 ./utilities/str/fsl_str.o
 .text.ConvertRadixNumToString
                0x00005708       0xc2 ./utilities/str/fsl_str.o
 .text.StrFormatExaminedi
                0x000057ca       0x26 ./utilities/str/fsl_str.o
 .text.StrFormatExaminexX
                0x000057f0       0x26 ./utilities/str/fsl_str.o
 .text.StrFormatExamineobpu
                0x00005816       0x26 ./utilities/str/fsl_str.o
 .text.ConvertPrecisionWidthToLength
                0x0000583c       0x20 ./utilities/str/fsl_str.o
 .text.StrFormatPrintf
                0x0000585c      0x2bc ./utilities/str/fsl_str.o
                0x0000585c                StrFormatPrintf
 .text.DbgConsole_PrintCallback
                0x00005b18       0x66 ./utilities/debug_console/fsl_debug_console.o
 .text.DbgConsole_Printf
                0x00005b7e       0x2c ./utilities/debug_console/fsl_debug_console.o
                0x00005b7e                DbgConsole_Printf
 .text.fsl_assert_hook
                0x00005baa       0x1a ./utilities/fsl_assert.o
                0x00005baa                fsl_assert_hook
 .text.DMA0_IRQHandler
                0x00005bc4        0x8 ./startup/startup_mk02f12810.o
                0x00005bc4                DMA0_IRQHandler
 .text.DMA1_IRQHandler
                0x00005bcc        0x8 ./startup/startup_mk02f12810.o
                0x00005bcc                DMA1_IRQHandler
 .text.DMA2_IRQHandler
                0x00005bd4        0x8 ./startup/startup_mk02f12810.o
                0x00005bd4                DMA2_IRQHandler
 .text.DMA3_IRQHandler
                0x00005bdc        0x8 ./startup/startup_mk02f12810.o
                0x00005bdc                DMA3_IRQHandler
 .text.Reserved20_IRQHandler
                0x00005be4        0x8 ./startup/startup_mk02f12810.o
                0x00005be4                Reserved20_IRQHandler
 .text.Reserved21_IRQHandler
                0x00005bec        0x8 ./startup/startup_mk02f12810.o
                0x00005bec                Reserved21_IRQHandler
 .text.Reserved22_IRQHandler
                0x00005bf4        0x8 ./startup/startup_mk02f12810.o
                0x00005bf4                Reserved22_IRQHandler
 .text.Reserved23_IRQHandler
                0x00005bfc        0x8 ./startup/startup_mk02f12810.o
                0x00005bfc                Reserved23_IRQHandler
 .text.Reserved24_IRQHandler
                0x00005c04        0x8 ./startup/startup_mk02f12810.o
                0x00005c04                Reserved24_IRQHandler
 .text.Reserved25_IRQHandler
                0x00005c0c        0x8 ./startup/startup_mk02f12810.o
                0x00005c0c                Reserved25_IRQHandler
 .text.Reserved26_IRQHandler
                0x00005c14        0x8 ./startup/startup_mk02f12810.o
                0x00005c14                Reserved26_IRQHandler
 .text.Reserved27_IRQHandler
                0x00005c1c        0x8 ./startup/startup_mk02f12810.o
                0x00005c1c                Reserved27_IRQHandler
 .text.Reserved28_IRQHandler
                0x00005c24        0x8 ./startup/startup_mk02f12810.o
                0x00005c24                Reserved28_IRQHandler
 .text.Reserved29_IRQHandler
                0x00005c2c        0x8 ./startup/startup_mk02f12810.o
                0x00005c2c                Reserved29_IRQHandler
 .text.Reserved30_IRQHandler
                0x00005c34        0x8 ./startup/startup_mk02f12810.o
                0x00005c34                Reserved30_IRQHandler
 .text.Reserved31_IRQHandler
                0x00005c3c        0x8 ./startup/startup_mk02f12810.o
                0x00005c3c                Reserved31_IRQHandler
 .text.DMA_Error_IRQHandler
                0x00005c44        0x8 ./startup/startup_mk02f12810.o
                0x00005c44                DMA_Error_IRQHandler
 .text.MCM_IRQHandler
                0x00005c4c        0x8 ./startup/startup_mk02f12810.o
                0x00005c4c                MCM_IRQHandler
 .text.FTF_IRQHandler
                0x00005c54        0x8 ./startup/startup_mk02f12810.o
                0x00005c54                FTF_IRQHandler
 .text.Read_Collision_IRQHandler
                0x00005c5c        0x8 ./startup/startup_mk02f12810.o
                0x00005c5c                Read_Collision_IRQHandler
 .text.LVD_LVW_IRQHandler
                0x00005c64        0x8 ./startup/startup_mk02f12810.o
                0x00005c64                LVD_LVW_IRQHandler
 .text.LLWU_IRQHandler
                0x00005c6c        0x8 ./startup/startup_mk02f12810.o
                0x00005c6c                LLWU_IRQHandler
 .text.WDOG_EWM_IRQHandler
                0x00005c74        0x8 ./startup/startup_mk02f12810.o
                0x00005c74                WDOG_EWM_IRQHandler
 .text.Reserved39_IRQHandler
                0x00005c7c        0x8 ./startup/startup_mk02f12810.o
                0x00005c7c                Reserved39_IRQHandler
 .text.I2C0_IRQHandler
                0x00005c84        0x8 ./startup/startup_mk02f12810.o
                0x00005c84                I2C0_IRQHandler
 .text.Reserved41_IRQHandler
                0x00005c8c        0x8 ./startup/startup_mk02f12810.o
                0x00005c8c                Reserved41_IRQHandler
 .text.Reserved43_IRQHandler
                0x00005c94        0x8 ./startup/startup_mk02f12810.o
                0x00005c94                Reserved43_IRQHandler
 .text.Reserved44_IRQHandler
                0x00005c9c        0x8 ./startup/startup_mk02f12810.o
                0x00005c9c                Reserved44_IRQHandler
 .text.Reserved45_IRQHandler
                0x00005ca4        0x8 ./startup/startup_mk02f12810.o
                0x00005ca4                Reserved45_IRQHandler
 .text.Reserved46_IRQHandler
                0x00005cac        0x8 ./startup/startup_mk02f12810.o
                0x00005cac                Reserved46_IRQHandler
 .text.UART0_RX_TX_IRQHandler
                0x00005cb4        0x8 ./startup/startup_mk02f12810.o
                0x00005cb4                UART0_RX_TX_IRQHandler
 .text.UART0_ERR_IRQHandler
                0x00005cbc        0x8 ./startup/startup_mk02f12810.o
                0x00005cbc                UART0_ERR_IRQHandler
 .text.UART1_RX_TX_IRQHandler
                0x00005cc4        0x8 ./startup/startup_mk02f12810.o
                0x00005cc4                UART1_RX_TX_IRQHandler
 .text.UART1_ERR_IRQHandler
                0x00005ccc        0x8 ./startup/startup_mk02f12810.o
                0x00005ccc                UART1_ERR_IRQHandler
 .text.Reserved51_IRQHandler
                0x00005cd4        0x8 ./startup/startup_mk02f12810.o
                0x00005cd4                Reserved51_IRQHandler
 .text.Reserved52_IRQHandler
                0x00005cdc        0x8 ./startup/startup_mk02f12810.o
                0x00005cdc                Reserved52_IRQHandler
 .text.Reserved53_IRQHandler
                0x00005ce4        0x8 ./startup/startup_mk02f12810.o
                0x00005ce4                Reserved53_IRQHandler
 .text.Reserved54_IRQHandler
                0x00005cec        0x8 ./startup/startup_mk02f12810.o
                0x00005cec                Reserved54_IRQHandler
 .text.ADC0_IRQHandler
                0x00005cf4        0x8 ./startup/startup_mk02f12810.o
                0x00005cf4                ADC0_IRQHandler
 .text.CMP0_IRQHandler
                0x00005cfc        0x8 ./startup/startup_mk02f12810.o
                0x00005cfc                CMP0_IRQHandler
 .text.CMP1_IRQHandler
                0x00005d04        0x8 ./startup/startup_mk02f12810.o
                0x00005d04                CMP1_IRQHandler
 .text.FTM0_IRQHandler
                0x00005d0c        0x8 ./startup/startup_mk02f12810.o
                0x00005d0c                FTM0_IRQHandler
 .text.FTM1_IRQHandler
                0x00005d14        0x8 ./startup/startup_mk02f12810.o
                0x00005d14                FTM1_IRQHandler
 .text.FTM2_IRQHandler
                0x00005d1c        0x8 ./startup/startup_mk02f12810.o
                0x00005d1c                FTM2_IRQHandler
 .text.Reserved61_IRQHandler
                0x00005d24        0x8 ./startup/startup_mk02f12810.o
                0x00005d24                Reserved61_IRQHandler
 .text.Reserved62_IRQHandler
                0x00005d2c        0x8 ./startup/startup_mk02f12810.o
                0x00005d2c                Reserved62_IRQHandler
 .text.Reserved63_IRQHandler
                0x00005d34        0x8 ./startup/startup_mk02f12810.o
                0x00005d34                Reserved63_IRQHandler
 .text.PIT1_IRQHandler
                0x00005d3c        0x8 ./startup/startup_mk02f12810.o
                0x00005d3c                PIT1_IRQHandler
 .text.PIT2_IRQHandler
                0x00005d44        0x8 ./startup/startup_mk02f12810.o
                0x00005d44                PIT2_IRQHandler
 .text.PIT3_IRQHandler
                0x00005d4c        0x8 ./startup/startup_mk02f12810.o
                0x00005d4c                PIT3_IRQHandler
 .text.PDB0_IRQHandler
                0x00005d54        0x8 ./startup/startup_mk02f12810.o
                0x00005d54                PDB0_IRQHandler
 .text.Reserved69_IRQHandler
                0x00005d5c        0x8 ./startup/startup_mk02f12810.o
                0x00005d5c                Reserved69_IRQHandler
 .text.Reserved70_IRQHandler
                0x00005d64        0x8 ./startup/startup_mk02f12810.o
                0x00005d64                Reserved70_IRQHandler
 .text.Reserved71_IRQHandler
                0x00005d6c        0x8 ./startup/startup_mk02f12810.o
                0x00005d6c                Reserved71_IRQHandler
 .text.DAC0_IRQHandler
                0x00005d74        0x8 ./startup/startup_mk02f12810.o
                0x00005d74                DAC0_IRQHandler
 .text.MCG_IRQHandler
                0x00005d7c        0x8 ./startup/startup_mk02f12810.o
                0x00005d7c                MCG_IRQHandler
 .text.LPTMR0_IRQHandler
                0x00005d84        0x8 ./startup/startup_mk02f12810.o
                0x00005d84                LPTMR0_IRQHandler
 .text.PORTA_IRQHandler
                0x00005d8c        0x8 ./startup/startup_mk02f12810.o
                0x00005d8c                PORTA_IRQHandler
 .text.PORTB_IRQHandler
                0x00005d94        0x8 ./startup/startup_mk02f12810.o
                0x00005d94                PORTB_IRQHandler
 .text.PORTC_IRQHandler
                0x00005d9c        0x8 ./startup/startup_mk02f12810.o
                0x00005d9c                PORTC_IRQHandler
 .text.PORTD_IRQHandler
                0x00005da4        0x8 ./startup/startup_mk02f12810.o
                0x00005da4                PORTD_IRQHandler
 .text.PORTE_IRQHandler
                0x00005dac        0x8 ./startup/startup_mk02f12810.o
                0x00005dac                PORTE_IRQHandler
 .text.SWI_IRQHandler
                0x00005db4        0x8 ./startup/startup_mk02f12810.o
                0x00005db4                SWI_IRQHandler
 .text.build_packet
                0x00005dbc      0x134 ./source/uart/build_packet.o
                0x00005dbc                build_packet
 .text.crc16_step
                0x00005ef0       0x66 ./source/uart/crc16.o
                0x00005ef0                crc16_step
 .text.UART_EnableRxDMA
                0x00005f56       0x60 ./source/uart/uart.o
 .text.uart_tx_cb
                0x00005fb6       0x24 ./source/uart/uart.o
 .text.rx_mask  0x00005fda       0x1e ./source/uart/uart_rx.o
 .text.UART_EnableTxDMA
                0x00005ff8       0x60 ./source/uart/uart_tx.o
 .text.uart0_putc
                0x00006058       0x1c ./source/uart/uart_tx.o
                0x00006058                uart0_putc
 .text.uart0_print
                0x00006074       0x20 ./source/uart/uart_tx.o
                0x00006074                uart0_print
 .text.nib_to_hex
                0x00006094       0x2a ./source/uart/uart_tx.o
 .text.uart0_puthex
                0x000060be       0x44 ./source/uart/uart_tx.o
                0x000060be                uart0_puthex
 .text.EnableIRQ
                0x00006102       0x32 ./source/spi/spi_init.o
 .text.DSPI_GetStatusFlags
                0x00006134       0x18 ./source/spi/spi_init.o
 .text.DSPI_ClearStatusFlags
                0x0000614c       0x1c ./source/spi/spi_init.o
 .text.DSPI_DisableInterrupts
                0x00006168       0x24 ./source/spi/spi_init.o
 .text.DSPI_StartTransfer
                0x0000618c       0x20 ./source/spi/spi_init.o
 .text.DSPI_StopTransfer
                0x000061ac       0x20 ./source/spi/spi_init.o
 .text.DSPI_FlushFifo
                0x000061cc       0x48 ./source/spi/spi_init.o
 .text.DSPI_SlaveWriteData
                0x00006214       0x1c ./source/spi/spi_init.o
 .text.DSPI_ReadData
                0x00006230       0x18 ./source/spi/spi_init.o
 .text.rb_count
                0x00006248       0x3e ./source/spi/spi_init.o
 .text.rb_free  0x00006286       0x34 ./source/spi/spi_init.o
 .text.cspi_tx_push
                0x000062ba      0x106 ./source/spi/spi_init.o
                0x000062ba                cspi_tx_push
 .text.EnableIRQ
                0x000063c0       0x32 ./source/pit/pit_init.o
 .text.PIT_EnableInterrupts
                0x000063f2       0x3a ./source/pit/pit_init.o
 .text.PIT_ClearStatusFlags
                0x0000642c       0x2a ./source/pit/pit_init.o
 .text.PIT_StartTimer
                0x00006456       0x38 ./source/pit/pit_init.o
 .text.PIT_StopTimer
                0x0000648e       0x38 ./source/pit/pit_init.o
 .text.CLOCK_EnableClock
                0x000064c6       0x34 ./source/gpio/gpio_utils.o
 .text.PORT_SetPinMux
                0x000064fa       0x3a ./source/gpio/gpio_utils.o
 .text.gpio_set_mux
                0x00006534       0x36 ./source/gpio/gpio_utils.o
                0x00006534                gpio_set_mux
 .text.gpio_set_output
                0x0000656a       0x3c ./source/gpio/gpio_utils.o
                0x0000656a                gpio_set_output
 .text.gpio_write_high
                0x000065a6       0x34 ./source/gpio/gpio_utils.o
                0x000065a6                gpio_write_high
 .text.gpio_write_low
                0x000065da       0x34 ./source/gpio/gpio_utils.o
                0x000065da                gpio_write_low
 .text.gpio_read
                0x0000660e       0x3e ./source/gpio/gpio_utils.o
                0x0000660e                gpio_read
 .text.flash_read
                0x0000664c       0x46 ./source/flash/flash_init.o
                0x0000664c                flash_read
 .text.arm_deadline
                0x00006692       0x22 ./source/execute/execute.o
 .text.finish_action
                0x000066b4       0x6a ./source/execute/execute.o
 .text.execute  0x0000671e      0x174 ./source/execute/execute.o
                0x0000671e                execute
 .text.init_pins
                0x00006892      0x130 ./source/execute/init_pins.o
                0x00006892                init_pins
 .text.u16be    0x000069c2       0x26 ./source/action/action.o
 .text.u32be    0x000069e8       0x36 ./source/action/action.o
 .text.free_actions
                0x00006a1e       0xa2 ./source/action/action.o
                0x00006a1e                free_actions
 .text.parse_cspi_begin
                0x00006ac0      0x156 ./source/action/action.o
                0x00006ac0                parse_cspi_begin
 .text.free_cspi
                0x00006c16       0x52 ./source/action/action.o
                0x00006c16                free_cspi
 .text.DSPI_ClearStatusFlags
                0x00006c68       0x1c ./source/Debug_Tool.o
 .text.DSPI_DisableInterrupts
                0x00006c84       0x24 ./source/Debug_Tool.o
 .text.DSPI_StartTransfer
                0x00006ca8       0x20 ./source/Debug_Tool.o
 .text.DSPI_StopTransfer
                0x00006cc8       0x20 ./source/Debug_Tool.o
 .text.DSPI_FlushFifo
                0x00006ce8       0x48 ./source/Debug_Tool.o
 .text.HardFault_Handler
                0x00006d30       0x36 ./source/semihost_hardfault.o
                0x00006d30                HardFault_Handler
 .text.CLOCK_GetFixedFreqClkFreq
                0x00006d66       0x34 ./drivers/fsl_clock.o
                0x00006d66                CLOCK_GetFixedFreqClkFreq
 .text.CLOCK_BootToFeiMode
                0x00006d9a       0x26 ./drivers/fsl_clock.o
                0x00006d9a                CLOCK_BootToFeiMode
 .text.CLOCK_EnableClock
                0x00006dc0       0x34 ./drivers/fsl_dmamux.o
 .text.CLOCK_EnableClock
                0x00006df4       0x34 ./drivers/fsl_dspi.o
 .text.DSPI_Enable
                0x00006e28       0x38 ./drivers/fsl_dspi.o
 .text.DSPI_SetMasterSlaveMode
                0x00006e60       0x2a ./drivers/fsl_dspi.o
 .text.DSPI_StartTransfer
                0x00006e8a       0x20 ./drivers/fsl_dspi.o
 .text.DSPI_StopTransfer
                0x00006eaa       0x20 ./drivers/fsl_dspi.o
 .text.DSPI_SetOnePcsPolarity
                0x00006eca       0x4e ./drivers/fsl_dspi.o
 .text.DSPI_EnableInterrupts
                0x00006f18       0x4e ./drivers/fsl_dspi.o
                0x00006f18                DSPI_EnableInterrupts
 .text.CLOCK_EnableClock
                0x00006f66       0x34 ./drivers/fsl_edma.o
 .text.EnableIRQ
                0x00006f9a       0x32 ./drivers/fsl_edma.o
 .text.DisableGlobalIRQ
                0x00006fcc       0x22 ./drivers/fsl_edma.o
 .text.EnableGlobalIRQ
                0x00006fee       0x20 ./drivers/fsl_edma.o
 .text.EDMA_AbortTransfer
                0x0000700e       0x96 ./drivers/fsl_edma.o
                0x0000700e                EDMA_AbortTransfer
 .text.ftfx_init_ifr
                0x000070a4       0x60 ./drivers/fsl_ftfx_controller.o
 .text.ftfx_check_mem_range
                0x00007104       0x66 ./drivers/fsl_ftfx_controller.o
 .text.ftfx_read_word_from_byte_address
                0x0000716a       0x5c ./drivers/fsl_ftfx_controller.o
 .text.FLASH_Init
                0x000071c6       0xaa ./drivers/fsl_ftfx_flash.o
                0x000071c6                FLASH_Init
 .text.FLASH_Erase
                0x00007270       0x60 ./drivers/fsl_ftfx_flash.o
                0x00007270                FLASH_Erase
 .text.FLASH_Program
                0x000072d0       0x60 ./drivers/fsl_ftfx_flash.o
                0x000072d0                FLASH_Program
 .text.flash_init_features
                0x00007330       0x50 ./drivers/fsl_ftfx_flash.o
 .text.flash_opsonfig_Init
                0x00007380      0x10a ./drivers/fsl_ftfx_flash.o
 .text.flash_protection_init
                0x0000748a       0x66 ./drivers/fsl_ftfx_flash.o
 .text.flash_calculate_prot_segment_size
                0x000074f0       0x34 ./drivers/fsl_ftfx_flash.o
 .text.flash_check_range_to_get_index
                0x00007524       0x90 ./drivers/fsl_ftfx_flash.o
 .text.flash_convert_start_address
                0x000075b4       0x1c ./drivers/fsl_ftfx_flash.o
 .text.GPIO_PinWrite
                0x000075d0       0x36 ./drivers/fsl_gpio.o
 .text.GPIO_PortClockEnable
                0x00007606       0x18 ./drivers/fsl_gpio.o
 .text.CLOCK_EnableClock
                0x0000761e       0x34 ./drivers/fsl_pit.o
 .text.CLOCK_EnableClock
                0x00007652       0x34 ./drivers/fsl_uart.o
 .text.UART_WriteBlocking
                0x00007686       0x50 ./drivers/fsl_uart.o
                0x00007686                UART_WriteBlocking
 .text.UART0_RX_TX_DriverIRQHandler
                0x000076d6       0x12 ./drivers/fsl_uart.o
                0x000076d6                UART0_RX_TX_DriverIRQHandler
 .text.UART1_RX_TX_DriverIRQHandler
                0x000076e8       0x12 ./drivers/fsl_uart.o
                0x000076e8                UART1_RX_TX_DriverIRQHandler
 .text.EnableIRQ
                0x000076fa       0x32 ./drivers/fsl_uart_edma.o
 .text.UART_GetDataRegisterAddress
                0x0000772c       0x18 ./drivers/fsl_uart_edma.o
 .text.UART_EnableTxDMA
                0x00007744       0x60 ./drivers/fsl_uart_edma.o
 .text.UART_EnableRxDMA
                0x000077a4       0x60 ./drivers/fsl_uart_edma.o
 .text.SystemInitHook
                0x00007804        0xe ./device/system_MK02F12810.o
                0x00007804                SystemInitHook
 .text.SerialManager_StartWriting
                0x00007812       0x38 ./component/serial_manager/fsl_component_serial_manager.o
 .text.SerialManager_Write
                0x0000784a       0x44 ./component/serial_manager/fsl_component_serial_manager.o
 .text.SerialManager_WriteBlocking
                0x0000788e       0x20 ./component/serial_manager/fsl_component_serial_manager.o
                0x0000788e                SerialManager_WriteBlocking
 .text.Serial_UartWrite
                0x000078ae       0x38 ./component/serial_manager/fsl_component_serial_port_uart.o
                0x000078ae                Serial_UartWrite
 .text.CLOCK_CONFIG_FllStableDelay
                0x000078e6       0x28 ./board/clock_config.o
 .text.BOARD_InitBootClocks
                0x0000790e        0xc ./board/clock_config.o
                0x0000790e                BOARD_InitBootClocks
 .text.EDMA_EnableMinorLoopMapping
                0x0000791a       0x38 ./board/peripherals.o
 .text.BOARD_InitBootPeripherals
                0x00007952        0xc ./board/peripherals.o
                0x00007952                BOARD_InitBootPeripherals
 .text.CLOCK_EnableClock
                0x0000795e       0x34 ./board/pin_mux.o
 .text.PORT_SetPinMux
                0x00007992       0x3a ./board/pin_mux.o
 .text.BOARD_InitBootPins
                0x000079cc        0xc ./board/pin_mux.o
                0x000079cc                BOARD_InitBootPins
 .text.__main   0x000079d8        0xe /Applications/MCUXpressoIDE_25.6.136/ide/plugins/com.nxp.mcuxpresso.tools.macosx_25.6.0.202501151204/tools/bin/../lib/gcc/arm-none-eabi/14.2.1/../../../../arm-none-eabi/lib/thumb/v7e-m+fp/hard/libcr_nohost_nf.a(_cr__main.o)
                0x000079d8                __main
 .text.memcpy   0x000079e6        0x4 /Applications/MCUXpressoIDE_25.6.136/ide/plugins/com.nxp.mcuxpresso.tools.macosx_25.6.0.202501151204/tools/bin/../lib/gcc/arm-none-eabi/14.2.1/../../../../arm-none-eabi/lib/thumb/v7e-m+fp/hard/libcr_c.a(memcpy.o)
                0x000079e6                memcpy
 .text.memset   0x000079ea        0x4 /Applications/MCUXpressoIDE_25.6.136/ide/plugins/com.nxp.mcuxpresso.tools.macosx_25.6.0.202501151204/tools/bin/../lib/gcc/arm-none-eabi/14.2.1/../../../../arm-none-eabi/lib/thumb/v7e-m+fp/hard/libcr_c.a(memset.o)
                0x000079ea                memset
 .text.free     0x000079ee       0x30 /Applications/MCUXpressoIDE_25.6.136/ide/plugins/com.nxp.mcuxpresso.tools.macosx_25.6.0.202501151204/tools/bin/../lib/gcc/arm-none-eabi/14.2.1/../../../../arm-none-eabi/lib/thumb/v7e-m+fp/hard/libcr_c.a(alloc.o)
                0x000079ee                free
 .text.calloc   0x00007a1e       0x50 /Applications/MCUXpressoIDE_25.6.136/ide/plugins/com.nxp.mcuxpresso.tools.macosx_25.6.0.202501151204/tools/bin/../lib/gcc/arm-none-eabi/14.2.1/../../../../arm-none-eabi/lib/thumb/v7e-m+fp/hard/libcr_c.a(alloc.o)
                0x00007a1e                calloc
 .text.setvbuf  0x00007a6e       0x3e /Applications/MCUXpressoIDE_25.6.136/ide/plugins/com.nxp.mcuxpresso.tools.macosx_25.6.0.202501151204/tools/bin/../lib/gcc/arm-none-eabi/14.2.1/../../../../arm-none-eabi/lib/thumb/v7e-m+fp/hard/libcr_c.a(setvbuf.o)
                0x00007a6e                setvbuf
 .text.strlen   0x00007aac       0x4e /Applications/MCUXpressoIDE_25.6.136/ide/plugins/com.nxp.mcuxpresso.tools.macosx_25.6.0.202501151204/tools/bin/../lib/gcc/arm-none-eabi/14.2.1/../../../../arm-none-eabi/lib/thumb/v7e-m+fp/hard/libcr_c.a(strlen.o)
                0x00007aac                strlen
 .text._deferredlazyseek
                0x00007afa       0x40 /Applications/MCUXpressoIDE_25.6.136/ide/plugins/com.nxp.mcuxpresso.tools.macosx_25.6.0.202501151204/tools/bin/../lib/gcc/arm-none-eabi/14.2.1/../../../../arm-none-eabi/lib/thumb/v7e-m+fp/hard/libcr_c.a(_deferredlazyseek.o)
                0x00007afa                _deferredlazyseek
 .text._fdopen  0x00007b3a       0x68 /Applications/MCUXpressoIDE_25.6.136/ide/plugins/com.nxp.mcuxpresso.tools.macosx_25.6.0.202501151204/tools/bin/../lib/gcc/arm-none-eabi/14.2.1/../../../../arm-none-eabi/lib/thumb/v7e-m+fp/hard/libcr_c.a(_fdopen.o)
                0x00007b3a                _fdopen
 .text._fflush  0x00007ba2       0x52 /Applications/MCUXpressoIDE_25.6.136/ide/plugins/com.nxp.mcuxpresso.tools.macosx_25.6.0.202501151204/tools/bin/../lib/gcc/arm-none-eabi/14.2.1/../../../../arm-none-eabi/lib/thumb/v7e-m+fp/hard/libcr_c.a(_fflush.o)
                0x00007ba2                _fflush
 .text.fclose   0x00007bf4       0x58 /Applications/MCUXpressoIDE_25.6.136/ide/plugins/com.nxp.mcuxpresso.tools.macosx_25.6.0.202501151204/tools/bin/../lib/gcc/arm-none-eabi/14.2.1/../../../../arm-none-eabi/lib/thumb/v7e-m+fp/hard/libcr_c.a(fclose.o)
                0x00007bf4                fclose
 .text.remove   0x00007c4c       0x14 /Applications/MCUXpressoIDE_25.6.136/ide/plugins/com.nxp.mcuxpresso.tools.macosx_25.6.0.202501151204/tools/bin/../lib/gcc/arm-none-eabi/14.2.1/../../../../arm-none-eabi/lib/thumb/v7e-m+fp/hard/libcr_c.a(remove.o)
                0x00007c4c                remove
 .text._do_fflush
                0x00007c60       0x40 /Applications/MCUXpressoIDE_25.6.136/ide/plugins/com.nxp.mcuxpresso.tools.macosx_25.6.0.202501151204/tools/bin/../lib/gcc/arm-none-eabi/14.2.1/../../../../arm-none-eabi/lib/thumb/v7e-m+fp/hard/libcr_c.a(_do_fflush.o)
                0x00007c60                _do_fflush
 .text.__aeabi_division_uldivmod
                0x00007ca0      0x174 /Applications/MCUXpressoIDE_25.6.136/ide/plugins/com.nxp.mcuxpresso.tools.macosx_25.6.0.202501151204/tools/bin/../lib/gcc/arm-none-eabi/14.2.1/thumb/v7e-m+fp/hard/libcr_eabihelpers.a(division_64.o)
                0x00007ca0                __aeabi_uldivmod
                0x00007ca4                __bhs_ldivmod1
 .text.__aeabi_division_idiv0
                0x00007e14        0x2 /Applications/MCUXpressoIDE_25.6.136/ide/plugins/com.nxp.mcuxpresso.tools.macosx_25.6.0.202501151204/tools/bin/../lib/gcc/arm-none-eabi/14.2.1/thumb/v7e-m+fp/hard/libcr_eabihelpers.a(division_idiv0.o)
                0x00007e14                __aeabi_idiv0
 .text.__aeabi_memcpy
                0x00007e16       0x34 /Applications/MCUXpressoIDE_25.6.136/ide/plugins/com.nxp.mcuxpresso.tools.macosx_25.6.0.202501151204/tools/bin/../lib/gcc/arm-none-eabi/14.2.1/thumb/v7e-m+fp/hard/libcr_eabihelpers.a(memcpy.o)
                0x00007e16                __aeabi_memcpy
                0x00007e20                __aeabi_memcpy4
                0x00007e20                __aeabi_memcpy8
 .text.__aeabi_memset_lowlevel
                0x00007e4a       0x32 /Applications/MCUXpressoIDE_25.6.136/ide/plugins/com.nxp.mcuxpresso.tools.macosx_25.6.0.202501151204/tools/bin/../lib/gcc/arm-none-eabi/14.2.1/thumb/v7e-m+fp/hard/libcr_eabihelpers.a(memcpy.o)
                0x00007e4a                __aeabi_lowlevel_memset
 .text.__sys_close
                0x00007e7c        0x6 /Applications/MCUXpressoIDE_25.6.136/ide/plugins/com.nxp.mcuxpresso.tools.macosx_25.6.0.202501151204/tools/bin/../lib/gcc/arm-none-eabi/14.2.1/../../../../arm-none-eabi/lib/thumb/v7e-m+fp/hard/libcr_nohost_nf.a(__sys_close.o)
                0x00007e7c                __sys_close
 .text.__sys_flen
                0x00007e82        0x6 /Applications/MCUXpressoIDE_25.6.136/ide/plugins/com.nxp.mcuxpresso.tools.macosx_25.6.0.202501151204/tools/bin/../lib/gcc/arm-none-eabi/14.2.1/../../../../arm-none-eabi/lib/thumb/v7e-m+fp/hard/libcr_nohost_nf.a(__sys_flen.o)
                0x00007e82                __sys_flen
 .text.__sys_istty
                0x00007e88        0x6 /Applications/MCUXpressoIDE_25.6.136/ide/plugins/com.nxp.mcuxpresso.tools.macosx_25.6.0.202501151204/tools/bin/../lib/gcc/arm-none-eabi/14.2.1/../../../../arm-none-eabi/lib/thumb/v7e-m+fp/hard/libcr_nohost_nf.a(__sys_istty.o)
                0x00007e88                __sys_istty
 .text.__sys_remove
                0x00007e8e        0x6 /Applications/MCUXpressoIDE_25.6.136/ide/plugins/com.nxp.mcuxpresso.tools.macosx_25.6.0.202501151204/tools/bin/../lib/gcc/arm-none-eabi/14.2.1/../../../../arm-none-eabi/lib/thumb/v7e-m+fp/hard/libcr_nohost_nf.a(__sys_remove.o)
                0x00007e8e                __sys_remove
 .text.__sys_seek
                0x00007e94        0x6 /Applications/MCUXpressoIDE_25.6.136/ide/plugins/com.nxp.mcuxpresso.tools.macosx_25.6.0.202501151204/tools/bin/../lib/gcc/arm-none-eabi/14.2.1/../../../../arm-none-eabi/lib/thumb/v7e-m+fp/hard/libcr_nohost_nf.a(__sys_seek.o)
                0x00007e94                __sys_seek
 .text.__sys_tmpnam
                0x00007e9a        0x6 /Applications/MCUXpressoIDE_25.6.136/ide/plugins/com.nxp.mcuxpresso.tools.macosx_25.6.0.202501151204/tools/bin/../lib/gcc/arm-none-eabi/14.2.1/../../../../arm-none-eabi/lib/thumb/v7e-m+fp/hard/libcr_nohost_nf.a(__sys_tmpnam.o)
                0x00007e9a                __sys_tmpnam
 .text.__sys_write
                0x00007ea0        0x4 /Applications/MCUXpressoIDE_25.6.136/ide/plugins/com.nxp.mcuxpresso.tools.macosx_25.6.0.202501151204/tools/bin/../lib/gcc/arm-none-eabi/14.2.1/../../../../arm-none-eabi/lib/thumb/v7e-m+fp/hard/libcr_nohost_nf.a(__sys_write.o)
                0x00007ea0                __sys_write
 *(SORT_BY_ALIGNMENT(.rodata) SORT_BY_ALIGNMENT(.rodata.*) SORT_BY_ALIGNMENT(.constdata) SORT_BY_ALIGNMENT(.constdata.*))
 .rodata.__assertion_failed.str1.4
                0x00007ea4     0x135b ./utilities/fsl_assert.o
                                 0x14 (size before relaxing)
 .rodata.DMAMUX_EnableChannel.str1.4
                0x000091ff       0x94 ./source/uart/uart.o
 .rodata.DMAMUX_SetSource.str1.4
                0x000091ff       0x95 ./source/uart/uart.o
 .rodata.uart0_puthex_pref.str1.4
                0x000091ff        0x3 ./source/uart/uart_tx.o
 .rodata.PIT_GetDefaultConfig.str1.4
                0x000091ff       0x6b ./source/pit/pit_init.o
 .rodata.PIT_SetTimerPeriod.str1.4
                0x000091ff       0x68 ./source/pit/pit_init.o
 .rodata.check_flash.str1.4
                0x000091ff      0x105 ./source/flash/check_flash.o
 .rodata.cspi_send_req.str1.4
                0x000091ff        0xb ./source/Debug_Tool.o
 .rodata.cspi_shutdown.str1.4
                0x000091ff       0x10 ./source/Debug_Tool.o
 .rodata.main.str1.4
                0x000091ff      0x16d ./source/Debug_Tool.o
 .rodata.dump_action_set.str1.4
                0x000091ff       0xd5 ./source/debug.o
 .rodata.dump_cspi.str1.4
                0x000091ff      0x13a ./source/debug.o
 .rodata.CLOCK_GetMcgExtClkFreq.str1.4
                0x000091ff       0x49 ./drivers/fsl_clock.o
 .rodata.CLOCK_GetOsc0ErClkUndivFreq.str1.4
                0x000091ff       0x1e ./drivers/fsl_clock.o
 .rodata.CLOCK_GetOsc0ErClkDivFreq.str1.4
                0x000091ff       0x1e ./drivers/fsl_clock.o
 *fill*         0x000091ff        0x1 ff
 .rodata.fllFactorTable.1
                0x00009200       0x10 ./drivers/fsl_clock.o
 .rodata.DMAMUX_GetInstance.str1.4
                0x00009210       0x37 ./drivers/fsl_dmamux.o
 .rodata.DSPI_GetInstance.str1.4
                0x00009210       0x34 ./drivers/fsl_dspi.o
 .rodata.DSPI_SlaveInit.str1.4
                0x00009210       0x25 ./drivers/fsl_dspi.o
 .rodata.s_edmaIRQNumber
                0x00009210        0x4 ./drivers/fsl_edma.o
 .rodata.EDMA_GetInstance.str1.4
                0x00009214       0x33 ./drivers/fsl_edma.o
 .rodata.EDMA_InstallTCD.str1.4
                0x00009214       0x8e ./drivers/fsl_edma.o
 .rodata.EDMA_Init.str1.4
                0x00009214       0x20 ./drivers/fsl_edma.o
 .rodata.EDMA_ResetChannel.str1.4
                0x00009214       0x45 ./drivers/fsl_edma.o
 .rodata.EDMA_SetTransferConfig.str1.4
                0x00009214       0x9b ./drivers/fsl_edma.o
 .rodata.EDMA_TcdReset.str1.4
                0x00009214       0x4f ./drivers/fsl_edma.o
 .rodata.EDMA_TcdSetTransferConfig.str1.4
                0x00009214      0x154 ./drivers/fsl_edma.o
 .rodata.EDMA_GetInstanceOffset.str1.4
                0x00009214       0x2e ./drivers/fsl_edma.o
 .rodata.EDMA_CreateHandle.str1.4
                0x00009214       0x65 ./drivers/fsl_edma.o
 .rodata.EDMA_SetCallback.str1.4
                0x00009214       0x20 ./drivers/fsl_edma.o
 .rodata.EDMA_TransferWidthMapping.str1.4
                0x00009214       0x17 ./drivers/fsl_edma.o
 .rodata.EDMA_PrepareTransferConfig.str1.4
                0x00009214      0x1fb ./drivers/fsl_edma.o
 .rodata.EDMA_PrepareTransfer.str1.4
                0x00009214       0x3c ./drivers/fsl_edma.o
 .rodata.EDMA_SubmitTransfer.str1.4
                0x00009214       0x45 ./drivers/fsl_edma.o
 .rodata.EDMA_StartTransfer.str1.4
                0x00009214       0x21 ./drivers/fsl_edma.o
 .rodata.EDMA_HandleIRQ.str1.4
                0x00009214       0x21 ./drivers/fsl_edma.o
 .rodata.s_ftfxRunCommandFunctionCode
                0x00009214        0xc ./drivers/fsl_ftfx_controller.o
 .rodata.kPFlashDensities
                0x00009220       0x1e ./drivers/fsl_ftfx_flash.o
 .rodata.GPIO_PinInit.str1.4
                0x0000923e       0x20 ./drivers/fsl_gpio.o
 .rodata.PIT_GetInstance.str1.4
                0x0000923e       0x31 ./drivers/fsl_pit.o
 .rodata.PIT_Init.str1.4
                0x0000923e       0x1e ./drivers/fsl_pit.o
 *fill*         0x0000923e        0x2 ff
 .rodata.s_uartBases
                0x00009240        0x8 ./drivers/fsl_uart.o
 .rodata.s_uartIRQ
                0x00009248        0x2 ./drivers/fsl_uart.o
                0x00009248                s_uartIRQ
 *fill*         0x0000924a        0x2 ff
 .rodata.s_uartClock
                0x0000924c        0x8 ./drivers/fsl_uart.o
 .rodata.UART_GetInstance.str1.4
                0x00009254       0x2b ./drivers/fsl_uart.o
 .rodata.UART_Init.str1.4
                0x00009254       0xfb ./drivers/fsl_uart.o
 .rodata.UART_GetDefaultConfig.str1.4
                0x00009254       0x20 ./drivers/fsl_uart.o
 .rodata.UART_SendEDMACallback.str1.4
                0x00009254       0x24 ./drivers/fsl_uart_edma.o
 .rodata.UART_ReceiveEDMACallback.str1.4
                0x00009254       0x24 ./drivers/fsl_uart_edma.o
 .rodata.UART_TransferCreateHandleEDMA.str1.4
                0x00009254       0x25 ./drivers/fsl_uart_edma.o
 .rodata.UART_SendEDMA.str1.4
                0x00009254       0xd7 ./drivers/fsl_uart_edma.o
 .rodata.UART_TransferAbortReceiveEDMA.str1.4
                0x00009254       0x5b ./drivers/fsl_uart_edma.o
 .rodata.UART_TransferEdmaHandleIRQ.str1.4
                0x00009254       0x2d ./drivers/fsl_uart_edma.o
 .rodata.s_UartAdapterBase
                0x00009254        0x8 ./component/uart/fsl_adapter_uart.o
 .rodata.HAL_UartSendBlocking.str1.4
                0x0000925c       0x60 ./component/uart/fsl_adapter_uart.o
 .rodata.simConfig_BOARD_BootClockRUN
                0x0000925c        0x8 ./board/clock_config.o
                0x0000925c                simConfig_BOARD_BootClockRUN
 .rodata.EDMA_EnableChannelRequest.str1.4
                0x00009264       0x93 ./board/peripherals.o
 .rodata.DMAMUX_EnableChannel.str1.4
                0x00009264       0x94 ./board/peripherals.o
 .rodata.DMAMUX_SetSource.str1.4
                0x00009264       0x95 ./board/peripherals.o
 .rodata.DMA_config
                0x00009264        0x4 ./board/peripherals.o
                0x00009264                DMA_config
 .rodata.__num_Ciob_streams
                0x00009268        0x4 /Applications/MCUXpressoIDE_25.6.136/ide/plugins/com.nxp.mcuxpresso.tools.macosx_25.6.0.202501151204/tools/bin/../lib/gcc/arm-none-eabi/14.2.1/../../../../arm-none-eabi/lib/thumb/v7e-m+fp/hard/libcr_nohost_nf.a(__ciob.o)
                0x00009268                __num_Ciob_streams
 .rodata._initio.str1.1
                0x0000926c        0x4 /Applications/MCUXpressoIDE_25.6.136/ide/plugins/com.nxp.mcuxpresso.tools.macosx_25.6.0.202501151204/tools/bin/../lib/gcc/arm-none-eabi/14.2.1/../../../../arm-none-eabi/lib/thumb/v7e-m+fp/hard/libcr_c.a(initio.o)
                0x00009350                        . = ALIGN (0x4)

.glue_7         0x00009270        0x0
 .glue_7        0x00009270        0x0 linker stubs

.glue_7t        0x00009270        0x0
 .glue_7t       0x00009270        0x0 linker stubs

.vfp11_veneer   0x00009270        0x0
 .vfp11_veneer  0x00009270        0x0 linker stubs

.v4_bx          0x00009270        0x0
 .v4_bx         0x00009270        0x0 linker stubs

.iplt           0x00009270        0x0
 .iplt          0x00009270        0x0 ./utilities/str/fsl_str.o

.rel.dyn        0x00009270        0x0
 .rel.iplt      0x00009270        0x0 ./utilities/str/fsl_str.o

.ARM.extab
 *(SORT_BY_ALIGNMENT(.ARM.extab*) SORT_BY_ALIGNMENT(.gnu.linkonce.armextab.*))

.ARM.exidx      0x00009270        0x0
                0x00009270                        __exidx_start = .
 *(SORT_BY_ALIGNMENT(.ARM.exidx*) SORT_BY_ALIGNMENT(.gnu.linkonce.armexidx.*))
                0x00009270                        __exidx_end = .
                0x00009270                        _etext = .
                0x00002000                        _HeapSize = 0x2000

.heap           0x20000000     0x2000
                0x20000000                        _pvHeapStart = .
                0x20002000                        . = (. + _HeapSize)
 *fill*         0x20000000     0x2000 
                0x20002000                        . = ALIGN (0x4)
                0x20002000                        _pvHeapLimit = .

.data_RAM2      0x20002000        0x0 load address 0x00009270
 FILL mask 0xff
                [!provide]                        PROVIDE (__start_data_RAM2 = .)
                [!provide]                        PROVIDE (__start_data_SRAM_UPPER = .)
 *(SORT_BY_ALIGNMENT(.ramfunc.$RAM2))
 *(SORT_BY_ALIGNMENT(.ramfunc.$SRAM_UPPER))
 *(SORT_BY_ALIGNMENT(.data.$RAM2))
 *(SORT_BY_ALIGNMENT(.data.$SRAM_UPPER))
 *(SORT_BY_ALIGNMENT(.data.$RAM2.*))
 *(SORT_BY_ALIGNMENT(.data.$SRAM_UPPER.*))
                0x20002000                        . = ALIGN (0x4)
                [!provide]                        PROVIDE (__end_data_RAM2 = .)
                [!provide]                        PROVIDE (__end_data_SRAM_UPPER = .)

.uninit_RESERVED
                0x1fffe000        0x0
                0x1fffe000                        _start_uninit_RESERVED = .
 *(SORT_BY_ALIGNMENT(.bss.$RESERVED*))
                0x1fffe000                        . = ALIGN (0x4)
                0x1fffe000                        _end_uninit_RESERVED = .

.data           0x1fffe000       0x2c load address 0x00009270
 FILL mask 0xff
                0x1fffe000                        _data = .
                [!provide]                        PROVIDE (__start_data_RAM = .)
                [!provide]                        PROVIDE (__start_data_SRAM_LOWER = .)
 *(SORT_BY_ALIGNMENT(vtable))
 *(SORT_BY_ALIGNMENT(.ramfunc*))
 *(SORT_BY_ALIGNMENT(CodeQuickAccess))
 *(SORT_BY_ALIGNMENT(DataQuickAccess))
 *(SORT_BY_ALIGNMENT(RamFunction))
 *(SORT_BY_ALIGNMENT(.data*))
 .data.DMA_CH0_TCDs_config
                0x1fffe000       0x20 ./board/peripherals.o
                0x1fffe000                DMA_CH0_TCDs_config
 .data.s_slowIrcFreq
                0x1fffe020        0x4 ./drivers/fsl_clock.o
 .data.s_fastIrcFreq
                0x1fffe024        0x4 ./drivers/fsl_clock.o
 .data.SystemCoreClock
                0x1fffe028        0x4 ./device/system_MK02F12810.o
                0x1fffe028                SystemCoreClock
                0x1fffe02c                        . = ALIGN (0x4)
                0x1fffe02c                        _edata = .
                [!provide]                        PROVIDE (__end_data_RAM = .)
                [!provide]                        PROVIDE (__end_data_SRAM_LOWER = .)

.igot.plt       0x1fffe02c        0x0 load address 0x0000929c
 .igot.plt      0x1fffe02c        0x0 ./utilities/str/fsl_str.o

.bss_RAM2       0x20002000        0x0
                [!provide]                        PROVIDE (__start_bss_RAM2 = .)
                [!provide]                        PROVIDE (__start_bss_SRAM_UPPER = .)
 *(SORT_BY_ALIGNMENT(.bss.$RAM2))
 *(SORT_BY_ALIGNMENT(.bss.$SRAM_UPPER))
 *(SORT_BY_ALIGNMENT(.bss.$RAM2.*))
 *(SORT_BY_ALIGNMENT(.bss.$SRAM_UPPER.*))
                0x20002000                        . = ALIGN ((. != 0x0)?0x4:0x1)
                [!provide]                        PROVIDE (__end_bss_RAM2 = .)
                [!provide]                        PROVIDE (__end_bss_SRAM_UPPER = .)

.bss            0x1fffe400      0xc54
                0x1fffe400                        _bss = .
                [!provide]                        PROVIDE (__start_bss_RAM = .)
                [!provide]                        PROVIDE (__start_bss_SRAM_LOWER = .)
 *(SORT_BY_ALIGNMENT(.bss*))
 .bss.rxRing    0x1fffe400      0x400 ./source/uart/uart_rx.o
                0x1fffe400                rxRing
 .bss.s_txRing  0x1fffe800      0x400 ./source/uart/uart_tx.o
 .bss.s_debugConsoleState
                0x1fffec00       0x20 ./utilities/debug_console/fsl_debug_console.o
 .bss.g_serialHandle
                0x1fffec20        0x4 ./utilities/debug_console/fsl_debug_console.o
                0x1fffec20                g_serialHandle
 .bss.g_uartEdmaHandle
                0x1fffec24       0x1c ./source/uart/uart.o
                0x1fffec24                g_uartEdmaHandle
 .bss.g_uartTxEdmaHandle
                0x1fffec40       0x18 ./source/uart/uart.o
                0x1fffec40                g_uartTxEdmaHandle
 .bss.rx        0x1fffec58      0x20a ./source/uart/uart_proto.o
 *fill*         0x1fffee62        0x2 
 .bss.s_txXfer  0x1fffee64        0x8 ./source/uart/uart_tx.o
 .bss.g_tx_acc  0x1fffee6c        0x4 ./source/spi/spi_init.o
 .bss.g_cspi    0x1fffee70        0x4 ./source/spi/spi_init.o
 .bss.g_tick    0x1fffee74        0x4 ./source/pit/pit_init.o
                0x1fffee74                g_tick
 .bss.s_flash   0x1fffee78       0x64 ./source/flash/flash_init.o
 .bss.gC        0x1fffeedc       0x30 ./source/Debug_Tool.o
 .bss.g_xtal0Freq
                0x1fffef0c        0x4 ./drivers/fsl_clock.o
                0x1fffef0c                g_xtal0Freq
 .bss.g_xtal32Freq
                0x1fffef10        0x4 ./drivers/fsl_clock.o
                0x1fffef10                g_xtal32Freq
 .bss.g_dspiDummyData
                0x1fffef14        0x1 ./drivers/fsl_dspi.o
                0x1fffef14                g_dspiDummyData
 *fill*         0x1fffef15        0x3 
 .bss.s_EDMAHandle
                0x1fffef18       0x10 ./drivers/fsl_edma.o
 .bss.s_ftfxRunCommand
                0x1fffef28       0x40 ./drivers/fsl_ftfx_controller.o
 .bss.s_uartHandle
                0x1fffef68        0x8 ./drivers/fsl_uart.o
                0x1fffef68                s_uartHandle
 .bss.s_uartIsr
                0x1fffef70        0x4 ./drivers/fsl_uart.o
                0x1fffef70                s_uartIsr
 .bss.s_edmaPrivateHandle
                0x1fffef74       0x10 ./drivers/fsl_uart_edma.o
 .bss.errno     0x1fffef84        0x4 /Applications/MCUXpressoIDE_25.6.136/ide/plugins/com.nxp.mcuxpresso.tools.macosx_25.6.0.202501151204/tools/bin/../lib/gcc/arm-none-eabi/14.2.1/../../../../arm-none-eabi/lib/thumb/v7e-m+fp/hard/libcr_c.a(errno.o)
                0x1fffef84                errno
 .bss.__end_of_heap
                0x1fffef88        0x4 /Applications/MCUXpressoIDE_25.6.136/ide/plugins/com.nxp.mcuxpresso.tools.macosx_25.6.0.202501151204/tools/bin/../lib/gcc/arm-none-eabi/14.2.1/../../../../arm-none-eabi/lib/thumb/v7e-m+fp/hard/libcr_c.a(__init_alloc.o)
                0x1fffef88                __end_of_heap
 .bss.__heaps   0x1fffef8c        0x4 /Applications/MCUXpressoIDE_25.6.136/ide/plugins/com.nxp.mcuxpresso.tools.macosx_25.6.0.202501151204/tools/bin/../lib/gcc/arm-none-eabi/14.2.1/../../../../arm-none-eabi/lib/thumb/v7e-m+fp/hard/libcr_c.a(__init_alloc.o)
                0x1fffef8c                __heaps
 .bss.__Ciob    0x1fffef90       0xb4 /Applications/MCUXpressoIDE_25.6.136/ide/plugins/com.nxp.mcuxpresso.tools.macosx_25.6.0.202501151204/tools/bin/../lib/gcc/arm-none-eabi/14.2.1/../../../../arm-none-eabi/lib/thumb/v7e-m+fp/hard/libcr_nohost_nf.a(__ciob.o)
                0x1fffef90                __Ciob
 .bss.s_rxTail  0x1ffff044        0x2 ./source/uart/uart_rx.o
 .bss.s_head    0x1ffff046        0x2 ./source/uart/uart_tx.o
 .bss.s_tail    0x1ffff048        0x2 ./source/uart/uart_tx.o
 .bss.s_lastLen
                0x1ffff04a        0x2 ./source/uart/uart_tx.o
 .bss.s_busy    0x1ffff04c        0x1 ./source/uart/uart_tx.o
 .bss.g_tx_cnt  0x1ffff04d        0x1 ./source/spi/spi_init.o
 .bss.g_spi_done
                0x1ffff04e        0x1 ./source/spi/spi_init.o
                0x1ffff04e                g_spi_done
 .bss.g_cspi_active
                0x1ffff04f        0x1 ./source/Debug_Tool.o
 .bss.s_req_inflight
                0x1ffff050        0x1 ./source/Debug_Tool.o
 .bss.startInstanceNum.0
                0x1ffff051        0x1 ./drivers/fsl_edma.o
 *(SORT_BY_ALIGNMENT(COMMON))
                0x1ffff054                        . = ALIGN (0x4)
 *fill*         0x1ffff052        0x2 
                0x1ffff054                        _ebss = .
                [!provide]                        PROVIDE (__end_bss_RAM = .)
                [!provide]                        PROVIDE (__end_bss_SRAM_LOWER = .)
                [!provide]                        PROVIDE (end = .)

.noinit_RAM2    0x20002000        0x0
                [!provide]                        PROVIDE (__start_noinit_RAM2 = .)
                [!provide]                        PROVIDE (__start_noinit_SRAM_UPPER = .)
 *(SORT_BY_ALIGNMENT(.noinit.$RAM2))
 *(SORT_BY_ALIGNMENT(.noinit.$SRAM_UPPER))
 *(SORT_BY_ALIGNMENT(.noinit.$RAM2.*))
 *(SORT_BY_ALIGNMENT(.noinit.$SRAM_UPPER.*))
                0x20002000                        . = ALIGN (0x4)
                [!provide]                        PROVIDE (__end_noinit_RAM2 = .)
                [!provide]                        PROVIDE (__end_noinit_SRAM_UPPER = .)

.noinit         0x1ffff054        0x0
                0x1ffff054                        _noinit = .
                [!provide]                        PROVIDE (__start_noinit_RAM = .)
                [!provide]                        PROVIDE (__start_noinit_SRAM_LOWER = .)
 *(SORT_BY_ALIGNMENT(.noinit*))
                0x1ffff054                        . = ALIGN (0x4)
                0x1ffff054                        _end_noinit = .
                [!provide]                        PROVIDE (__end_noinit_RAM = .)
                [!provide]                        PROVIDE (__end_noinit_SRAM_LOWER = .)
                0x00000800                        _StackSize = 0x800

.heap2stackfill
                0x1ffff054      0x800
                0x1ffff854                        . = (. + _StackSize)
 *fill*         0x1ffff054      0x800 

.stack          0x1ffff800        0x0
                0x1ffff800                        _vStackBase = .
                0x1ffff800                        . = ALIGN (0x4)
                0x20000000                        _vStackTop = (. + _StackSize)
                0x00000000                        _image_start = LOADADDR (.text)
                0x0000929c                        _image_end = (LOADADDR (.data) + SIZEOF (.data))
                0x0000929c                        _image_size = (_image_end - _image_start)
OUTPUT(Debug_Tool.axf elf32-littlearm)
LOAD linker stubs

.debug_info     0x00000000    0x20914
 .debug_info    0x00000000      0xd5d ./utilities/str/fsl_str.o
 .debug_info    0x00000d5d      0xe51 ./utilities/debug_console/fsl_debug_console.o
 .debug_info    0x00001bae      0x127 ./utilities/fsl_assert.o
 .debug_info    0x00001cd5      0xa9b ./startup/startup_mk02f12810.o
 .debug_info    0x00002770      0x197 ./source/uart/build_packet.o
 .debug_info    0x00002907       0xd4 ./source/uart/crc16.o
 .debug_info    0x000029db     0x10be ./source/uart/uart.o
 .debug_info    0x00003a99      0x5b1 ./source/uart/uart_proto.o
 .debug_info    0x0000404a      0x7f6 ./source/uart/uart_rx.o
 .debug_info    0x00004840      0xe45 ./source/uart/uart_tx.o
 .debug_info    0x00005685     0x129e ./source/spi/spi_init.o
 .debug_info    0x00006923      0xe3b ./source/pit/pit_init.o
 .debug_info    0x0000775e      0x6a9 ./source/gpio/gpio_utils.o
 .debug_info    0x00007e07      0x608 ./source/flash/check_flash.o
 .debug_info    0x0000840f      0xaac ./source/flash/flash_init.o
 .debug_info    0x00008ebb      0x896 ./source/execute/execute.o
 .debug_info    0x00009751      0x655 ./source/execute/init_pins.o
 .debug_info    0x00009da6      0x965 ./source/action/action.o
 .debug_info    0x0000a70b     0x1334 ./source/Debug_Tool.o
 .debug_info    0x0000ba3f      0x68d ./source/debug.o
 .debug_info    0x0000c0cc       0x3c ./source/semihost_hardfault.o
 .debug_info    0x0000c108     0x17e3 ./drivers/fsl_clock.o
 .debug_info    0x0000d8eb      0x66c ./drivers/fsl_dmamux.o
 .debug_info    0x0000df57     0x255a ./drivers/fsl_dspi.o
 .debug_info    0x000104b1     0x20c9 ./drivers/fsl_edma.o
 .debug_info    0x0001257a     0x15da ./drivers/fsl_ftfx_controller.o
 .debug_info    0x00013b54     0x1c67 ./drivers/fsl_ftfx_flash.o
 .debug_info    0x000157bb      0x7bd ./drivers/fsl_gpio.o
 .debug_info    0x00015f78      0x735 ./drivers/fsl_pit.o
 .debug_info    0x000166ad     0x1d09 ./drivers/fsl_uart.o
 .debug_info    0x000183b6     0x173e ./drivers/fsl_uart_edma.o
 .debug_info    0x00019af4      0x634 ./device/system_MK02F12810.o
 .debug_info    0x0001a128      0xae9 ./component/uart/fsl_adapter_uart.o
 .debug_info    0x0001ac11      0xdbe ./component/serial_manager/fsl_component_serial_manager.o
 .debug_info    0x0001b9cf      0x54a ./component/serial_manager/fsl_component_serial_port_uart.o
 .debug_info    0x0001bf19      0x946 ./board/clock_config.o
 .debug_info    0x0001c85f      0xe46 ./board/peripherals.o
 .debug_info    0x0001d6a5      0x572 ./board/pin_mux.o
 .debug_info    0x0001dc17       0x85 /Applications/MCUXpressoIDE_25.6.136/ide/plugins/com.nxp.mcuxpresso.tools.macosx_25.6.0.202501151204/tools/bin/../lib/gcc/arm-none-eabi/14.2.1/../../../../arm-none-eabi/lib/thumb/v7e-m+fp/hard/libcr_nohost_nf.a(_cr__main.o)
 .debug_info    0x0001dc9c      0x12b /Applications/MCUXpressoIDE_25.6.136/ide/plugins/com.nxp.mcuxpresso.tools.macosx_25.6.0.202501151204/tools/bin/../lib/gcc/arm-none-eabi/14.2.1/../../../../arm-none-eabi/lib/thumb/v7e-m+fp/hard/libcr_c.a(memcpy.o)
 .debug_info    0x0001ddc7       0xfc /Applications/MCUXpressoIDE_25.6.136/ide/plugins/com.nxp.mcuxpresso.tools.macosx_25.6.0.202501151204/tools/bin/../lib/gcc/arm-none-eabi/14.2.1/../../../../arm-none-eabi/lib/thumb/v7e-m+fp/hard/libcr_c.a(memset.o)
 .debug_info    0x0001dec3      0x520 /Applications/MCUXpressoIDE_25.6.136/ide/plugins/com.nxp.mcuxpresso.tools.macosx_25.6.0.202501151204/tools/bin/../lib/gcc/arm-none-eabi/14.2.1/../../../../arm-none-eabi/lib/thumb/v7e-m+fp/hard/libcr_c.a(alloc.o)
 .debug_info    0x0001e3e3       0x44 /Applications/MCUXpressoIDE_25.6.136/ide/plugins/com.nxp.mcuxpresso.tools.macosx_25.6.0.202501151204/tools/bin/../lib/gcc/arm-none-eabi/14.2.1/../../../../arm-none-eabi/lib/thumb/v7e-m+fp/hard/libcr_c.a(errno.o)
 .debug_info    0x0001e427      0x339 /Applications/MCUXpressoIDE_25.6.136/ide/plugins/com.nxp.mcuxpresso.tools.macosx_25.6.0.202501151204/tools/bin/../lib/gcc/arm-none-eabi/14.2.1/../../../../arm-none-eabi/lib/thumb/v7e-m+fp/hard/libcr_c.a(initio.o)
 .debug_info    0x0001e760      0x1fd /Applications/MCUXpressoIDE_25.6.136/ide/plugins/com.nxp.mcuxpresso.tools.macosx_25.6.0.202501151204/tools/bin/../lib/gcc/arm-none-eabi/14.2.1/../../../../arm-none-eabi/lib/thumb/v7e-m+fp/hard/libcr_c.a(setvbuf.o)
 .debug_info    0x0001e95d       0xe1 /Applications/MCUXpressoIDE_25.6.136/ide/plugins/com.nxp.mcuxpresso.tools.macosx_25.6.0.202501151204/tools/bin/../lib/gcc/arm-none-eabi/14.2.1/../../../../arm-none-eabi/lib/thumb/v7e-m+fp/hard/libcr_c.a(strlen.o)
 .debug_info    0x0001ea3e       0xd4 /Applications/MCUXpressoIDE_25.6.136/ide/plugins/com.nxp.mcuxpresso.tools.macosx_25.6.0.202501151204/tools/bin/../lib/gcc/arm-none-eabi/14.2.1/../../../../arm-none-eabi/lib/thumb/v7e-m+fp/hard/libcr_c.a(__init_alloc.o)
 .debug_info    0x0001eb12      0x107 /Applications/MCUXpressoIDE_25.6.136/ide/plugins/com.nxp.mcuxpresso.tools.macosx_25.6.0.202501151204/tools/bin/../lib/gcc/arm-none-eabi/14.2.1/../../../../arm-none-eabi/lib/thumb/v7e-m+fp/hard/libcr_c.a(_cr_sbrk.o)
 .debug_info    0x0001ec19      0x396 /Applications/MCUXpressoIDE_25.6.136/ide/plugins/com.nxp.mcuxpresso.tools.macosx_25.6.0.202501151204/tools/bin/../lib/gcc/arm-none-eabi/14.2.1/../../../../arm-none-eabi/lib/thumb/v7e-m+fp/hard/libcr_c.a(_deferredlazyseek.o)
 .debug_info    0x0001efaf      0x24b /Applications/MCUXpressoIDE_25.6.136/ide/plugins/com.nxp.mcuxpresso.tools.macosx_25.6.0.202501151204/tools/bin/../lib/gcc/arm-none-eabi/14.2.1/../../../../arm-none-eabi/lib/thumb/v7e-m+fp/hard/libcr_c.a(_fdopen.o)
 .debug_info    0x0001f1fa      0x1e3 /Applications/MCUXpressoIDE_25.6.136/ide/plugins/com.nxp.mcuxpresso.tools.macosx_25.6.0.202501151204/tools/bin/../lib/gcc/arm-none-eabi/14.2.1/../../../../arm-none-eabi/lib/thumb/v7e-m+fp/hard/libcr_c.a(_fflush.o)
 .debug_info    0x0001f3dd      0x289 /Applications/MCUXpressoIDE_25.6.136/ide/plugins/com.nxp.mcuxpresso.tools.macosx_25.6.0.202501151204/tools/bin/../lib/gcc/arm-none-eabi/14.2.1/../../../../arm-none-eabi/lib/thumb/v7e-m+fp/hard/libcr_c.a(_writebuf.o)
 .debug_info    0x0001f666      0x31e /Applications/MCUXpressoIDE_25.6.136/ide/plugins/com.nxp.mcuxpresso.tools.macosx_25.6.0.202501151204/tools/bin/../lib/gcc/arm-none-eabi/14.2.1/../../../../arm-none-eabi/lib/thumb/v7e-m+fp/hard/libcr_c.a(fclose.o)
 .debug_info    0x0001f984      0x209 /Applications/MCUXpressoIDE_25.6.136/ide/plugins/com.nxp.mcuxpresso.tools.macosx_25.6.0.202501151204/tools/bin/../lib/gcc/arm-none-eabi/14.2.1/../../../../arm-none-eabi/lib/thumb/v7e-m+fp/hard/libcr_c.a(fflush.o)
 .debug_info    0x0001fb8d      0x276 /Applications/MCUXpressoIDE_25.6.136/ide/plugins/com.nxp.mcuxpresso.tools.macosx_25.6.0.202501151204/tools/bin/../lib/gcc/arm-none-eabi/14.2.1/../../../../arm-none-eabi/lib/thumb/v7e-m+fp/hard/libcr_c.a(fseek.o)
 .debug_info    0x0001fe03      0x197 /Applications/MCUXpressoIDE_25.6.136/ide/plugins/com.nxp.mcuxpresso.tools.macosx_25.6.0.202501151204/tools/bin/../lib/gcc/arm-none-eabi/14.2.1/../../../../arm-none-eabi/lib/thumb/v7e-m+fp/hard/libcr_c.a(ftell.o)
 .debug_info    0x0001ff9a      0x1d7 /Applications/MCUXpressoIDE_25.6.136/ide/plugins/com.nxp.mcuxpresso.tools.macosx_25.6.0.202501151204/tools/bin/../lib/gcc/arm-none-eabi/14.2.1/../../../../arm-none-eabi/lib/thumb/v7e-m+fp/hard/libcr_c.a(remove.o)
 .debug_info    0x00020171       0x78 /Applications/MCUXpressoIDE_25.6.136/ide/plugins/com.nxp.mcuxpresso.tools.macosx_25.6.0.202501151204/tools/bin/../lib/gcc/arm-none-eabi/14.2.1/../../../../arm-none-eabi/lib/thumb/v7e-m+fp/hard/libcr_c.a(_cr_check_heap.o)
 .debug_info    0x000201e9      0x23a /Applications/MCUXpressoIDE_25.6.136/ide/plugins/com.nxp.mcuxpresso.tools.macosx_25.6.0.202501151204/tools/bin/../lib/gcc/arm-none-eabi/14.2.1/../../../../arm-none-eabi/lib/thumb/v7e-m+fp/hard/libcr_c.a(_do_fflush.o)
 .debug_info    0x00020423      0x18b /Applications/MCUXpressoIDE_25.6.136/ide/plugins/com.nxp.mcuxpresso.tools.macosx_25.6.0.202501151204/tools/bin/../lib/gcc/arm-none-eabi/14.2.1/../../../../arm-none-eabi/lib/thumb/v7e-m+fp/hard/libcr_nohost_nf.a(__ciob.o)
 .debug_info    0x000205ae       0x6a /Applications/MCUXpressoIDE_25.6.136/ide/plugins/com.nxp.mcuxpresso.tools.macosx_25.6.0.202501151204/tools/bin/../lib/gcc/arm-none-eabi/14.2.1/../../../../arm-none-eabi/lib/thumb/v7e-m+fp/hard/libcr_nohost_nf.a(__sys_close.o)
 .debug_info    0x00020618       0x6a /Applications/MCUXpressoIDE_25.6.136/ide/plugins/com.nxp.mcuxpresso.tools.macosx_25.6.0.202501151204/tools/bin/../lib/gcc/arm-none-eabi/14.2.1/../../../../arm-none-eabi/lib/thumb/v7e-m+fp/hard/libcr_nohost_nf.a(__sys_flen.o)
 .debug_info    0x00020682       0x6a /Applications/MCUXpressoIDE_25.6.136/ide/plugins/com.nxp.mcuxpresso.tools.macosx_25.6.0.202501151204/tools/bin/../lib/gcc/arm-none-eabi/14.2.1/../../../../arm-none-eabi/lib/thumb/v7e-m+fp/hard/libcr_nohost_nf.a(__sys_istty.o)
 .debug_info    0x000206ec       0x8a /Applications/MCUXpressoIDE_25.6.136/ide/plugins/com.nxp.mcuxpresso.tools.macosx_25.6.0.202501151204/tools/bin/../lib/gcc/arm-none-eabi/14.2.1/../../../../arm-none-eabi/lib/thumb/v7e-m+fp/hard/libcr_nohost_nf.a(__sys_remove.o)
 .debug_info    0x00020776       0x78 /Applications/MCUXpressoIDE_25.6.136/ide/plugins/com.nxp.mcuxpresso.tools.macosx_25.6.0.202501151204/tools/bin/../lib/gcc/arm-none-eabi/14.2.1/../../../../arm-none-eabi/lib/thumb/v7e-m+fp/hard/libcr_nohost_nf.a(__sys_seek.o)
 .debug_info    0x000207ee       0x93 /Applications/MCUXpressoIDE_25.6.136/ide/plugins/com.nxp.mcuxpresso.tools.macosx_25.6.0.202501151204/tools/bin/../lib/gcc/arm-none-eabi/14.2.1/../../../../arm-none-eabi/lib/thumb/v7e-m+fp/hard/libcr_nohost_nf.a(__sys_tmpnam.o)
 .debug_info    0x00020881       0x93 /Applications/MCUXpressoIDE_25.6.136/ide/plugins/com.nxp.mcuxpresso.tools.macosx_25.6.0.202501151204/tools/bin/../lib/gcc/arm-none-eabi/14.2.1/../../../../arm-none-eabi/lib/thumb/v7e-m+fp/hard/libcr_nohost_nf.a(__sys_write.o)

.debug_abbrev   0x00000000     0x6c5c
 .debug_abbrev  0x00000000      0x270 ./utilities/str/fsl_str.o
 .debug_abbrev  0x00000270      0x270 ./utilities/debug_console/fsl_debug_console.o
 .debug_abbrev  0x000004e0       0xbd ./utilities/fsl_assert.o
 .debug_abbrev  0x0000059d      0x17a ./startup/startup_mk02f12810.o
 .debug_abbrev  0x00000717       0xe0 ./source/uart/build_packet.o
 .debug_abbrev  0x000007f7       0x94 ./source/uart/crc16.o
 .debug_abbrev  0x0000088b      0x2bf ./source/uart/uart.o
 .debug_abbrev  0x00000b4a      0x189 ./source/uart/uart_proto.o
 .debug_abbrev  0x00000cd3      0x20a ./source/uart/uart_rx.o
 .debug_abbrev  0x00000edd      0x2ed ./source/uart/uart_tx.o
 .debug_abbrev  0x000011ca      0x343 ./source/spi/spi_init.o
 .debug_abbrev  0x0000150d      0x2fb ./source/pit/pit_init.o
 .debug_abbrev  0x00001808      0x220 ./source/gpio/gpio_utils.o
 .debug_abbrev  0x00001a28      0x13b ./source/flash/check_flash.o
 .debug_abbrev  0x00001b63      0x25a ./source/flash/flash_init.o
 .debug_abbrev  0x00001dbd      0x1df ./source/execute/execute.o
 .debug_abbrev  0x00001f9c      0x138 ./source/execute/init_pins.o
 .debug_abbrev  0x000020d4      0x1dc ./source/action/action.o
 .debug_abbrev  0x000022b0      0x317 ./source/Debug_Tool.o
 .debug_abbrev  0x000025c7      0x166 ./source/debug.o
 .debug_abbrev  0x0000272d       0x31 ./source/semihost_hardfault.o
 .debug_abbrev  0x0000275e      0x377 ./drivers/fsl_clock.o
 .debug_abbrev  0x00002ad5      0x19d ./drivers/fsl_dmamux.o
 .debug_abbrev  0x00002c72      0x3b3 ./drivers/fsl_dspi.o
 .debug_abbrev  0x00003025      0x43e ./drivers/fsl_edma.o
 .debug_abbrev  0x00003463      0x2eb ./drivers/fsl_ftfx_controller.o
 .debug_abbrev  0x0000374e      0x35b ./drivers/fsl_ftfx_flash.o
 .debug_abbrev  0x00003aa9      0x1ee ./drivers/fsl_gpio.o
 .debug_abbrev  0x00003c97      0x1f9 ./drivers/fsl_pit.o
 .debug_abbrev  0x00003e90      0x442 ./drivers/fsl_uart.o
 .debug_abbrev  0x000042d2      0x38f ./drivers/fsl_uart_edma.o
 .debug_abbrev  0x00004661      0x18a ./device/system_MK02F12810.o
 .debug_abbrev  0x000047eb      0x1cd ./component/uart/fsl_adapter_uart.o
 .debug_abbrev  0x000049b8      0x2be ./component/serial_manager/fsl_component_serial_manager.o
 .debug_abbrev  0x00004c76      0x18c ./component/serial_manager/fsl_component_serial_port_uart.o
 .debug_abbrev  0x00004e02      0x1cd ./board/clock_config.o
 .debug_abbrev  0x00004fcf      0x2b2 ./board/peripherals.o
 .debug_abbrev  0x00005281      0x189 ./board/pin_mux.o
 .debug_abbrev  0x0000540a       0x70 /Applications/MCUXpressoIDE_25.6.136/ide/plugins/com.nxp.mcuxpresso.tools.macosx_25.6.0.202501151204/tools/bin/../lib/gcc/arm-none-eabi/14.2.1/../../../../arm-none-eabi/lib/thumb/v7e-m+fp/hard/libcr_nohost_nf.a(_cr__main.o)
 .debug_abbrev  0x0000547a       0xb6 /Applications/MCUXpressoIDE_25.6.136/ide/plugins/com.nxp.mcuxpresso.tools.macosx_25.6.0.202501151204/tools/bin/../lib/gcc/arm-none-eabi/14.2.1/../../../../arm-none-eabi/lib/thumb/v7e-m+fp/hard/libcr_c.a(memcpy.o)
 .debug_abbrev  0x00005530       0xa8 /Applications/MCUXpressoIDE_25.6.136/ide/plugins/com.nxp.mcuxpresso.tools.macosx_25.6.0.202501151204/tools/bin/../lib/gcc/arm-none-eabi/14.2.1/../../../../arm-none-eabi/lib/thumb/v7e-m+fp/hard/libcr_c.a(memset.o)
 .debug_abbrev  0x000055d8      0x284 /Applications/MCUXpressoIDE_25.6.136/ide/plugins/com.nxp.mcuxpresso.tools.macosx_25.6.0.202501151204/tools/bin/../lib/gcc/arm-none-eabi/14.2.1/../../../../arm-none-eabi/lib/thumb/v7e-m+fp/hard/libcr_c.a(alloc.o)
 .debug_abbrev  0x0000585c       0x44 /Applications/MCUXpressoIDE_25.6.136/ide/plugins/com.nxp.mcuxpresso.tools.macosx_25.6.0.202501151204/tools/bin/../lib/gcc/arm-none-eabi/14.2.1/../../../../arm-none-eabi/lib/thumb/v7e-m+fp/hard/libcr_c.a(errno.o)
 .debug_abbrev  0x000058a0      0x169 /Applications/MCUXpressoIDE_25.6.136/ide/plugins/com.nxp.mcuxpresso.tools.macosx_25.6.0.202501151204/tools/bin/../lib/gcc/arm-none-eabi/14.2.1/../../../../arm-none-eabi/lib/thumb/v7e-m+fp/hard/libcr_c.a(initio.o)
 .debug_abbrev  0x00005a09       0xe1 /Applications/MCUXpressoIDE_25.6.136/ide/plugins/com.nxp.mcuxpresso.tools.macosx_25.6.0.202501151204/tools/bin/../lib/gcc/arm-none-eabi/14.2.1/../../../../arm-none-eabi/lib/thumb/v7e-m+fp/hard/libcr_c.a(setvbuf.o)
 .debug_abbrev  0x00005aea       0xa7 /Applications/MCUXpressoIDE_25.6.136/ide/plugins/com.nxp.mcuxpresso.tools.macosx_25.6.0.202501151204/tools/bin/../lib/gcc/arm-none-eabi/14.2.1/../../../../arm-none-eabi/lib/thumb/v7e-m+fp/hard/libcr_c.a(strlen.o)
 .debug_abbrev  0x00005b91       0xaf /Applications/MCUXpressoIDE_25.6.136/ide/plugins/com.nxp.mcuxpresso.tools.macosx_25.6.0.202501151204/tools/bin/../lib/gcc/arm-none-eabi/14.2.1/../../../../arm-none-eabi/lib/thumb/v7e-m+fp/hard/libcr_c.a(__init_alloc.o)
 .debug_abbrev  0x00005c40       0xd3 /Applications/MCUXpressoIDE_25.6.136/ide/plugins/com.nxp.mcuxpresso.tools.macosx_25.6.0.202501151204/tools/bin/../lib/gcc/arm-none-eabi/14.2.1/../../../../arm-none-eabi/lib/thumb/v7e-m+fp/hard/libcr_c.a(_cr_sbrk.o)
 .debug_abbrev  0x00005d13      0x18e /Applications/MCUXpressoIDE_25.6.136/ide/plugins/com.nxp.mcuxpresso.tools.macosx_25.6.0.202501151204/tools/bin/../lib/gcc/arm-none-eabi/14.2.1/../../../../arm-none-eabi/lib/thumb/v7e-m+fp/hard/libcr_c.a(_deferredlazyseek.o)
 .debug_abbrev  0x00005ea1      0x119 /Applications/MCUXpressoIDE_25.6.136/ide/plugins/com.nxp.mcuxpresso.tools.macosx_25.6.0.202501151204/tools/bin/../lib/gcc/arm-none-eabi/14.2.1/../../../../arm-none-eabi/lib/thumb/v7e-m+fp/hard/libcr_c.a(_fdopen.o)
 .debug_abbrev  0x00005fba       0xf1 /Applications/MCUXpressoIDE_25.6.136/ide/plugins/com.nxp.mcuxpresso.tools.macosx_25.6.0.202501151204/tools/bin/../lib/gcc/arm-none-eabi/14.2.1/../../../../arm-none-eabi/lib/thumb/v7e-m+fp/hard/libcr_c.a(_fflush.o)
 .debug_abbrev  0x000060ab      0x126 /Applications/MCUXpressoIDE_25.6.136/ide/plugins/com.nxp.mcuxpresso.tools.macosx_25.6.0.202501151204/tools/bin/../lib/gcc/arm-none-eabi/14.2.1/../../../../arm-none-eabi/lib/thumb/v7e-m+fp/hard/libcr_c.a(_writebuf.o)
 .debug_abbrev  0x000061d1      0x158 /Applications/MCUXpressoIDE_25.6.136/ide/plugins/com.nxp.mcuxpresso.tools.macosx_25.6.0.202501151204/tools/bin/../lib/gcc/arm-none-eabi/14.2.1/../../../../arm-none-eabi/lib/thumb/v7e-m+fp/hard/libcr_c.a(fclose.o)