/Users/tuncay/Documents/MCUXpressoIDE_25.6.136/workspace/Debug_Tool/CMSIS/core_cm4.h:1794:22:__NVIC_EnableIRQ	16	static
/Users/tuncay/Documents/MCUXpressoIDE_25.6.136/workspace/Debug_Tool/CMSIS/core_cm4.h:1924:22:__NVIC_SetPriority	16	static
/Users/tuncay/Documents/MCUXpressoIDE_25.6.136/workspace/Debug_Tool/drivers/fsl_common_arm.h:672:24:EnableIRQ	24	static
/Users/tuncay/Documents/MCUXpressoIDE_25.6.136/workspace/Debug_Tool/drivers/fsl_pit.h:150:20:PIT_GetDefaultConfig	16	static
/Users/tuncay/Documents/MCUXpressoIDE_25.6.136/workspace/Debug_Tool/drivers/fsl_pit.h:204:20:PIT_EnableInterrupts	24	static
/Users/tuncay/Documents/MCUXpressoIDE_25.6.136/workspace/Debug_Tool/drivers/fsl_pit.h:306:20:PIT_ClearStatusFlags	24	static
/Users/tuncay/Documents/MCUXpressoIDE_25.6.136/workspace/Debug_Tool/drivers/fsl_pit.h:387:20:PIT_SetTimerPeriod	24	static
/Users/tuncay/Documents/MCUXpressoIDE_25.6.136/workspace/Debug_Tool/drivers/fsl_pit.h:483:20:PIT_StartTimer	16	static
/Users/tuncay/Documents/MCUXpressoIDE_25.6.136/workspace/Debug_Tool/drivers/fsl_pit.h:497:20:PIT_StopTimer	16	static
../source/pit/pit_init.c:20:6:PIT0_IRQHandler	8	static
../source/pit/pit_init.c:37:6:pit_init	56	static
../source/pit/pit_init.c:58:6:pit_start	8	static
../source/pit/pit_init.c:63:6:pit_stop	8	static
