Archive member included to satisfy reference by file (symbol)

/Applications/MCUXpressoIDE_25.6.136/ide/plugins/com.nxp.mcuxpresso.tools.macosx_25.6.0.202501151204/tools/bin/../lib/gcc/arm-none-eabi/14.2.1/../../../../arm-none-eabi/lib/thumb/v7e-m+fp/hard/libcr_nohost_nf.a(_cr__main.o)
                              ./startup/startup_mk02f12810.o (__main)
/Applications/MCUXpressoIDE_25.6.136/ide/plugins/com.nxp.mcuxpresso.tools.macosx_25.6.0.202501151204/tools/bin/../lib/gcc/arm-none-eabi/14.2.1/../../../../arm-none-eabi/lib/thumb/v7e-m+fp/hard/libcr_c.a(memcpy.o)
                              ./utilities/str/fsl_str.o (memcpy)
/Applications/MCUXpressoIDE_25.6.136/ide/plugins/com.nxp.mcuxpresso.tools.macosx_25.6.0.202501151204/tools/bin/../lib/gcc/arm-none-eabi/14.2.1/../../../../arm-none-eabi/lib/thumb/v7e-m+fp/hard/libcr_c.a(memset.o)
                              ./utilities/debug_console/fsl_debug_console.o (memset)
/Applications/MCUXpressoIDE_25.6.136/ide/plugins/com.nxp.mcuxpresso.tools.macosx_25.6.0.202501151204/tools/bin/../lib/gcc/arm-none-eabi/14.2.1/../../../../arm-none-eabi/lib/thumb/v7e-m+fp/hard/libcr_c.a(alloc.o)
                              ./source/action/action.o (malloc)
/Applications/MCUXpressoIDE_25.6.136/ide/plugins/com.nxp.mcuxpresso.tools.macosx_25.6.0.202501151204/tools/bin/../lib/gcc/arm-none-eabi/14.2.1/../../../../arm-none-eabi/lib/thumb/v7e-m+fp/hard/libcr_c.a(errno.o)
                              ./utilities/str/fsl_str.o (errno)
/Applications/MCUXpressoIDE_25.6.136/ide/plugins/com.nxp.mcuxpresso.tools.macosx_25.6.0.202501151204/tools/bin/../lib/gcc/arm-none-eabi/14.2.1/../../../../arm-none-eabi/lib/thumb/v7e-m+fp/hard/libcr_c.a(initio.o)
                              /Applications/MCUXpressoIDE_25.6.136/ide/plugins/com.nxp.mcuxpresso.tools.macosx_25.6.0.202501151204/tools/bin/../lib/gcc/arm-none-eabi/14.2.1/../../../../arm-none-eabi/lib/thumb/v7e-m+fp/hard/libcr_nohost_nf.a(_cr__main.o) (_initio)
/Applications/MCUXpressoIDE_25.6.136/ide/plugins/com.nxp.mcuxpresso.tools.macosx_25.6.0.202501151204/tools/bin/../lib/gcc/arm-none-eabi/14.2.1/../../../../arm-none-eabi/lib/thumb/v7e-m+fp/hard/libcr_c.a(scanf.o)
                              ./utilities/str/fsl_str.o (strtoul)
/Applications/MCUXpressoIDE_25.6.136/ide/plugins/com.nxp.mcuxpresso.tools.macosx_25.6.0.202501151204/tools/bin/../lib/gcc/arm-none-eabi/14.2.1/../../../../arm-none-eabi/lib/thumb/v7e-m+fp/hard/libcr_c.a(setvbuf.o)
                              /Applications/MCUXpressoIDE_25.6.136/ide/plugins/com.nxp.mcuxpresso.tools.macosx_25.6.0.202501151204/tools/bin/../lib/gcc/arm-none-eabi/14.2.1/../../../../arm-none-eabi/lib/thumb/v7e-m+fp/hard/libcr_c.a(initio.o) (setvbuf)
/Applications/MCUXpressoIDE_25.6.136/ide/plugins/com.nxp.mcuxpresso.tools.macosx_25.6.0.202501151204/tools/bin/../lib/gcc/arm-none-eabi/14.2.1/../../../../arm-none-eabi/lib/thumb/v7e-m+fp/hard/libcr_c.a(strlen.o)
                              ./utilities/str/fsl_str.o (strlen)
/Applications/MCUXpressoIDE_25.6.136/ide/plugins/com.nxp.mcuxpresso.tools.macosx_25.6.0.202501151204/tools/bin/../lib/gcc/arm-none-eabi/14.2.1/../../../../arm-none-eabi/lib/thumb/v7e-m+fp/hard/libcr_c.a(ungetc.o)
                              /Applications/MCUXpressoIDE_25.6.136/ide/plugins/com.nxp.mcuxpresso.tools.macosx_25.6.0.202501151204/tools/bin/../lib/gcc/arm-none-eabi/14.2.1/../../../../arm-none-eabi/lib/thumb/v7e-m+fp/hard/libcr_c.a(scanf.o) (ungetc)
/Applications/MCUXpressoIDE_25.6.136/ide/plugins/com.nxp.mcuxpresso.tools.macosx_25.6.0.202501151204/tools/bin/../lib/gcc/arm-none-eabi/14.2.1/../../../../arm-none-eabi/lib/thumb/v7e-m+fp/hard/libcr_c.a(__fillbuf.o)
                              /Applications/MCUXpressoIDE_25.6.136/ide/plugins/com.nxp.mcuxpresso.tools.macosx_25.6.0.202501151204/tools/bin/../lib/gcc/arm-none-eabi/14.2.1/../../../../arm-none-eabi/lib/thumb/v7e-m+fp/hard/libcr_c.a(scanf.o) (__filbuf)
/Applications/MCUXpressoIDE_25.6.136/ide/plugins/com.nxp.mcuxpresso.tools.macosx_25.6.0.202501151204/tools/bin/../lib/gcc/arm-none-eabi/14.2.1/../../../../arm-none-eabi/lib/thumb/v7e-m+fp/hard/libcr_c.a(__init_alloc.o)
                              /Applications/MCUXpressoIDE_25.6.136/ide/plugins/com.nxp.mcuxpresso.tools.macosx_25.6.0.202501151204/tools/bin/../lib/gcc/arm-none-eabi/14.2.1/../../../../arm-none-eabi/lib/thumb/v7e-m+fp/hard/libcr_c.a(alloc.o) (__heaps)
/Applications/MCUXpressoIDE_25.6.136/ide/plugins/com.nxp.mcuxpresso.tools.macosx_25.6.0.202501151204/tools/bin/../lib/gcc/arm-none-eabi/14.2.1/../../../../arm-none-eabi/lib/thumb/v7e-m+fp/hard/libcr_c.a(_cr_sbrk.o)
                              /Applications/MCUXpressoIDE_25.6.136/ide/plugins/com.nxp.mcuxpresso.tools.macosx_25.6.0.202501151204/tools/bin/../lib/gcc/arm-none-eabi/14.2.1/../../../../arm-none-eabi/lib/thumb/v7e-m+fp/hard/libcr_c.a(alloc.o) (_sbrk)
[...]
Memory Configuration

Name             Origin             Length             Attributes
PROGRAM_FLASH    0x00000000         0x00010000         xr
USER_FLASH       0x00010000         0x00002000         xr
SRAM_LOWER       0x1fffe000         0x00002000         xrw
SRAM_UPPER       0x00200000         0x00002000         xrw
*default*        0x00000000         0xffffffff

Linker script and memory map

LOAD ./utilities/str/fsl_str.o
LOAD ./utilities/debug_console/fsl_debug_console.o
LOAD ./utilities/fsl_assert.o
LOAD ./startup/startup_mk02f12810.o
LOAD ./source/uart/build_packet.o
LOAD ./source/uart/crc16.o
LOAD ./source/uart/uart.o
LOAD ./source/uart/uart_proto.o
LOAD ./source/spi/spi_init.o
LOAD ./source/pit/pit_init.o
LOAD ./source/gpio/gpio_utils.o
LOAD ./source/flash/check_flash.o
LOAD ./source/flash/flash_init.o
LOAD ./source/execute/execute.o
LOAD ./source/execute/init_pins.o
LOAD ./source/action/action.o
LOAD ./source/Debug_Tool.o
LOAD ./source/debug.o
LOAD ./source/semihost_hardfault.o
LOAD ./drivers/fsl_clock.o
LOAD ./drivers/fsl_common.o
LOAD ./drivers/fsl_common_arm.o
LOAD ./drivers/fsl_dmamux.o
LOAD ./drivers/fsl_dspi.o
LOAD ./drivers/fsl_edma.o
LOAD ./drivers/fsl_ftfx_cache.o
LOAD ./drivers/fsl_ftfx_controller.o
LOAD ./drivers/fsl_ftfx_flash.o
LOAD ./drivers/fsl_ftfx_flexnvm.o
LOAD ./drivers/fsl_gpio.o
LOAD ./drivers/fsl_pit.o
LOAD ./drivers/fsl_smc.o
LOAD ./drivers/fsl_uart.o
LOAD ./device/system_MK02F12810.o
LOAD ./component/uart/fsl_adapter_uart.o
LOAD ./component/serial_manager/fsl_component_serial_manager.o
LOAD ./component/serial_manager/fsl_component_serial_port_uart.o
LOAD ./component/lists/fsl_component_generic_list.o
LOAD ./board/board.o
LOAD ./board/clock_config.o
LOAD ./board/peripherals.o
LOAD ./board/pin_mux.o
START GROUP
LOAD /Applications/MCUXpressoIDE_25.6.136/ide/plugins/com.nxp.mcuxpresso.tools.macosx_25.6.0.202501151204/tools/bin/../lib/gcc/arm-none-eabi/14.2.1/../../../../arm-none-eabi/lib/thumb/v7e-m+fp/hard/libcr_nohost_nf.a
LOAD /Applications/MCUXpressoIDE_25.6.136/ide/plugins/com.nxp.mcuxpresso.tools.macosx_25.6.0.202501151204/tools/bin/../lib/gcc/arm-none-eabi/14.2.1/../../../../arm-none-eabi/lib/thumb/v7e-m+fp/hard/libcr_c.a
LOAD /Applications/MCUXpressoIDE_25.6.136/ide/plugins/com.nxp.mcuxpresso.tools.macosx_25.6.0.202501151204/tools/bin/../lib/gcc/arm-none-eabi/14.2.1/thumb/v7e-m+fp/hard/libcr_eabihelpers.a
LOAD /Applications/MCUXpressoIDE_25.6.136/ide/plugins/com.nxp.mcuxpresso.tools.macosx_25.6.0.202501151204/tools/bin/../lib/gcc/arm-none-eabi/14.2.1/thumb/v7e-m+fp/hard/libgcc.a
END GROUP
                0x00000000                        __base_PROGRAM_FLASH = 0x0
                0x00000000                        __base_Flash = 0x0
                0x00010000                        __top_PROGRAM_FLASH = 0x10000
                0x00010000                        __top_Flash = 0x10000
                0x00010000                        __base_USER_FLASH = 0x10000
                0x00010000                        __base_Flash2 = 0x10000
                0x00012000                        __top_USER_FLASH = 0x12000
                0x00012000                        __top_Flash2 = 0x12000
                0x1fffe000                        __base_SRAM_LOWER = 0x1fffe000
                0x1fffe000                        __base_RAM = 0x1fffe000
                0x20000000                        __top_SRAM_LOWER = 0x20000000
                0x20000000                        __top_RAM = 0x20000000
                0x00200000                        __base_SRAM_UPPER = 0x200000
                0x00200000                        __base_RAM2 = 0x200000
                0x00202000                        __top_SRAM_UPPER = 0x202000
                0x00202000                        __top_RAM2 = 0x202000

.text_Flash2    0x00010000        0x0
 FILL mask 0xff
 *(SORT_BY_ALIGNMENT(.text_Flash2))
 *(SORT_BY_ALIGNMENT(.text_USER_FLASH))
 *(SORT_BY_ALIGNMENT(.text.$Flash2))
 *(SORT_BY_ALIGNMENT(.text.$USER_FLASH))
 *(SORT_BY_ALIGNMENT(.text_Flash2.*))
 *(SORT_BY_ALIGNMENT(.text_USER_FLASH.*))
 *(SORT_BY_ALIGNMENT(.text.$Flash2.*))
 *(SORT_BY_ALIGNMENT(.text.$USER_FLASH.*))
 *(SORT_BY_ALIGNMENT(.rodata.$Flash2))
 *(SORT_BY_ALIGNMENT(.rodata.$USER_FLASH))
 *(SORT_BY_ALIGNMENT(.rodata.$Flash2.*))
 *(SORT_BY_ALIGNMENT(.rodata.$USER_FLASH.*))

.text           0x00000000     0x3490
 FILL mask 0xff
                0x00000000                        __vectors_start__ = ABSOLUTE (.)
 *(SORT_BY_ALIGNMENT(.isr_vector))
 .isr_vector    0x00000000      0x144 ./startup/startup_mk02f12810.o
                0x00000000                __Vectors
                0x00000000                g_pfnVectors
                0x00000144                        . = ALIGN (0x4)
                0x00000144                        __section_table_start = .
                0x00000144                        __data_section_table = .
                0x00000144        0x4 LONG 0x3490 LOADADDR (.data)
                0x00000148        0x4 LONG 0x1fffe000 ADDR (.data)
                0x0000014c        0x4 LONG 0xc SIZEOF (.data)
                0x00000150        0x4 LONG 0x3490 LOADADDR (.data_RAM2)
                0x00000154        0x4 LONG 0x200000 ADDR (.data_RAM2)
                0x00000158        0x4 LONG 0x0 SIZEOF (.data_RAM2)
                0x0000015c                        __data_section_table_end = .
                0x0000015c                        __bss_section_table = .
                0x0000015c        0x4 LONG 0x1fffe00c ADDR (.bss)
                0x00000160        0x4 LONG 0x5e8 SIZEOF (.bss)
                0x00000164        0x4 LONG 0x200000 ADDR (.bss_RAM2)
                0x00000168        0x4 LONG 0x0 SIZEOF (.bss_RAM2)
                0x0000016c                        __bss_section_table_end = .
                0x0000016c                        __section_table_end = .
 *(SORT_BY_ALIGNMENT(.after_vectors*))
 .after_vectors.reset
                0x0000016c       0x44 ./startup/startup_mk02f12810.o
                0x0000016c                ResetISR
 .after_vectors
                0x000001b0       0x14 ./startup/startup_mk02f12810.o
                0x000001b0                NMI_Handler
                0x000001b4                MemManage_Handler
                0x000001b6                BusFault_Handler
                0x000001b8                UsageFault_Handler
                0x000001ba                SVC_Handler
                0x000001bc                DebugMon_Handler
                0x000001be                PendSV_Handler
                0x000001c0                SysTick_Handler
                0x000001c2                Reserved52_DriverIRQHandler
                0x000001c2                PIT2_DriverIRQHandler
                0x000001c2                FTF_DriverIRQHandler
                0x000001c2                LLWU_DriverIRQHandler
                0x000001c2                MCM_DriverIRQHandler
                0x000001c2                Reserved28_DriverIRQHandler
                0x000001c2                MCG_DriverIRQHandler
                0x000001c2                Reserved63_DriverIRQHandler
                0x000001c2                Reserved69_DriverIRQHandler
                0x000001c2                CMP1_DriverIRQHandler
                0x000001c2                FTM0_DriverIRQHandler
                0x000001c2                IntDefaultHandler
                0x000001c2                PORTC_DriverIRQHandler
                0x000001c2                DAC0_DriverIRQHandler
                0x000001c2                Reserved41_DriverIRQHandler
                0x000001c2                LVD_LVW_DriverIRQHandler
                0x000001c2                PIT0_DriverIRQHandler
                0x000001c2                Reserved31_DriverIRQHandler
                0x000001c2                Reserved20_DriverIRQHandler
                0x000001c2                Reserved22_DriverIRQHandler
                0x000001c2                Reserved53_DriverIRQHandler
                0x000001c2                Reserved45_DriverIRQHandler
                0x000001c2                Reserved30_DriverIRQHandler
                0x000001c2                UART0_ERR_DriverIRQHandler
                0x000001c2                Reserved24_DriverIRQHandler
                0x000001c2                Reserved71_DriverIRQHandler
                0x000001c2                PORTA_DriverIRQHandler
                0x000001c2                PIT3_DriverIRQHandler
                0x000001c2                PIT1_DriverIRQHandler
                0x000001c2                WDOG_EWM_DriverIRQHandler
                0x000001c2                PDB0_DriverIRQHandler
                0x000001c2                Reserved23_DriverIRQHandler
                0x000001c2                Reserved61_DriverIRQHandler
                0x000001c2                Read_Collision_DriverIRQHandler
                0x000001c2                Reserved54_DriverIRQHandler
                0x000001c2                SWI_DriverIRQHandler
                0x000001c2                Reserved62_DriverIRQHandler
                0x000001c2                Reserved51_DriverIRQHandler
                0x000001c2                Reserved25_DriverIRQHandler
                0x000001c2                Reserved44_DriverIRQHandler
                0x000001c2                Reserved29_DriverIRQHandler
                0x000001c2                Reserved27_DriverIRQHandler
                0x000001c2                ADC0_DriverIRQHandler
                0x000001c2                CMP0_DriverIRQHandler
                0x000001c2                Reserved26_DriverIRQHandler
                0x000001c2                UART1_ERR_DriverIRQHandler
                0x000001c2                Reserved43_DriverIRQHandler
                0x000001c2                PORTD_DriverIRQHandler
                0x000001c2                Reserved46_DriverIRQHandler
                0x000001c2                Reserved70_DriverIRQHandler
                0x000001c2                PORTE_DriverIRQHandler
                0x000001c2                I2C0_DriverIRQHandler
                0x000001c2                Reserved39_DriverIRQHandler
                0x000001c2                PORTB_DriverIRQHandler
                0x000001c2                Reserved21_DriverIRQHandler
                0x000001c2                LPTMR0_DriverIRQHandler
                0x000001c2                DMA_Error_DriverIRQHandler
                0x000001c2                FTM1_DriverIRQHandler
                0x000001c2                FTM2_DriverIRQHandler
 .after_vectors.init_data
                0x000001c4       0x12 ./startup/startup_mk02f12810.o
                0x000001c4                data_init
 .after_vectors.init_bss
                0x000001d6       0x10 ./startup/startup_mk02f12810.o
                0x000001d6                bss_init
                0x00000400                        . = 0x400
 *fill*         0x000001e6      0x21a ff
                0x00000400                        PROVIDE (__FLASH_CONFIG_START__ = .)
 *(SORT_BY_ALIGNMENT(.FlashConfig))
 .FlashConfig   0x00000400       0x10 ./startup/startup_mk02f12810.o
                0x00000400                Flash_Config
                0x00000410                        PROVIDE (__FLASH_CONFIG_END__ = .)
                0x00000001                        ASSERT (! ((__FLASH_CONFIG_START__ == __FLASH_CONFIG_END__)), Linker Flash Config Support Enabled, but no .FlashConfig section provided within application)
 *(SORT_BY_ALIGNMENT(.text*))
 .text.DbgConsole_Init
                0x00000410       0x8c ./utilities/debug_console/fsl_debug_console.o
                0x00000410                DbgConsole_Init
 .text.uart0_init
                0x0000049c       0x4c ./source/uart/uart.o
                0x0000049c                uart0_init
 .text.uart0_putc
                0x000004e8       0x1c ./source/uart/uart.o
                0x000004e8                uart0_putc
 .text.uart0_try_read_byte
                0x00000504       0x38 ./source/uart/uart.o
                0x00000504                uart0_try_read_byte
 .text.UART0_RX_TX_IRQHandler
                0x0000053c       0x50 ./source/uart/uart.o
                0x0000053c                UART0_RX_TX_IRQHandler
 .text.crc16_feed
                0x0000058c       0x14 ./source/uart/uart_proto.o
 .text.proto_rx_reset
                0x000005a0       0x18 ./source/uart/uart_proto.o
                0x000005a0                proto_rx_reset
 .text.proto_rx_poll
                0x000005b8      0x108 ./source/uart/uart_proto.o
                0x000005b8                proto_rx_poll
 .text.SPI0_IRQHandler
                0x000006c0      0x16c ./source/spi/spi_init.o
                0x000006c0                SPI0_IRQHandler
 .text.spi_init
                0x0000082c       0x94 ./source/spi/spi_init.o
                0x0000082c                spi_init
 .text.PIT0_IRQHandler
                0x000008c0       0x20 ./source/pit/pit_init.o
                0x000008c0                PIT0_IRQHandler
 .text.pit_init
                0x000008e0       0x70 ./source/pit/pit_init.o
                0x000008e0                pit_init
 .text.pit_start
                0x00000950       0x14 ./source/pit/pit_init.o
                0x00000950                pit_start
 .text.pit_stop
                0x00000964       0x14 ./source/pit/pit_init.o
                0x00000964                pit_stop
 .text.gpio_enable_clock
                0x00000978       0x48 ./source/gpio/gpio_utils.o
                0x00000978                gpio_enable_clock
 .text.gpio_set_input
                0x000009c0       0x3c ./source/gpio/gpio_utils.o
                0x000009c0                gpio_set_input
 .text.check_flash
                0x000009fc       0xcc ./source/flash/check_flash.o
                0x000009fc                check_flash
 .text.flash_init
                0x00000ac8        0xc ./source/flash/flash_init.o
                0x00000ac8                flash_init
 .text.flash_erase
                0x00000ad4       0x18 ./source/flash/flash_init.o
                0x00000ad4                flash_erase
 .text.flash_program
                0x00000aec       0x5c ./source/flash/flash_init.o
                0x00000aec                flash_program
 .text.start_action
                0x00000b48       0x68 ./source/execute/execute.o
                0x00000b48                start_action
 .text.run_action
                0x00000bb0       0x84 ./source/execute/execute.o
                0x00000bb0                run_action
 .text.parse_cspi
                0x00000c34       0xec ./source/action/action.o
                0x00000c34                parse_cspi
 .text.startup.main
                0x00000d20      0x1ac ./source/Debug_Tool.o
                0x00000d20                main
 .text.print_targets
                0x00000ecc       0x44 ./source/debug.o
 .text.print_ms_us
                0x00000f10       0x58 ./source/debug.o
 .text.print_ticks_if_any.constprop.0
                0x00000f68       0x30 ./source/debug.o
 .text.dump_action_set
                0x00000f98      0x17c ./source/debug.o
                0x00000f98                dump_action_set
 .text.dump_cspi
                0x00001114      0x170 ./source/debug.o
                0x00001114                dump_cspi
 .text.CLOCK_GetMcgExtClkFreq
                0x00001284       0x34 ./drivers/fsl_clock.o
 .text.CLOCK_GetFllRefClkFreq
                0x000012b8       0x54 ./drivers/fsl_clock.o
 .text.CLOCK_GetInternalRefClkSelectFreq
                0x0000130c       0x28 ./drivers/fsl_clock.o
 .text.CLOCK_GetOsc0ErClkUndivFreq
                0x00001334       0x18 ./drivers/fsl_clock.o
                0x00001334                CLOCK_GetOsc0ErClkUndivFreq
 .text.CLOCK_GetOsc0ErClkDivFreq
                0x0000134c       0x20 ./drivers/fsl_clock.o
                0x0000134c                CLOCK_GetOsc0ErClkDivFreq
 .text.CLOCK_GetEr32kClkFreq
                0x0000136c       0x30 ./drivers/fsl_clock.o
                0x0000136c                CLOCK_GetEr32kClkFreq
 .text.CLOCK_SetSimConfig
                0x0000139c       0x28 ./drivers/fsl_clock.o
                0x0000139c                CLOCK_SetSimConfig
 .text.CLOCK_GetFllFreq
                0x000013c4       0x38 ./drivers/fsl_clock.o
                0x000013c4                CLOCK_GetFllFreq
 .text.CLOCK_GetPllFllSelClkFreq
                0x000013fc       0x24 ./drivers/fsl_clock.o
                0x000013fc                CLOCK_GetPllFllSelClkFreq
 .text.CLOCK_GetOutClkFreq
                0x00001420       0x28 ./drivers/fsl_clock.o
                0x00001420                CLOCK_GetOutClkFreq
 .text.CLOCK_GetCoreSysClkFreq
                0x00001448       0x18 ./drivers/fsl_clock.o
                0x00001448                CLOCK_GetCoreSysClkFreq
 .text.CLOCK_GetInternalRefClkFreq
                0x00001460       0x14 ./drivers/fsl_clock.o
                0x00001460                CLOCK_GetInternalRefClkFreq
 .text.CLOCK_GetFreq
                0x00001474       0x9c ./drivers/fsl_clock.o
                0x00001474                CLOCK_GetFreq
 .text.CLOCK_SetInternalRefClkConfig
                0x00001510       0x7c ./drivers/fsl_clock.o
                0x00001510                CLOCK_SetInternalRefClkConfig
 .text.CLOCK_SetFeiMode
                0x0000158c       0x60 ./drivers/fsl_clock.o
                0x0000158c                CLOCK_SetFeiMode
 .text.DSPI_GetInstance
                0x000015ec       0x10 ./drivers/fsl_dspi.o
                0x000015ec                DSPI_GetInstance
 .text.DSPI_SetDummyData
                0x000015fc       0x10 ./drivers/fsl_dspi.o
                0x000015fc                DSPI_SetDummyData
 .text.DSPI_SlaveInit
                0x0000160c       0x94 ./drivers/fsl_dspi.o
                0x0000160c                DSPI_SlaveInit
 .text.DMA0_DriverIRQHandler
                0x000016a0       0x14 ./drivers/fsl_edma.o
                0x000016a0                DMA0_DriverIRQHandler
 .text.DMA1_DriverIRQHandler
                0x000016b4       0x14 ./drivers/fsl_edma.o
                0x000016b4                DMA1_DriverIRQHandler
 .text.DMA2_DriverIRQHandler
                0x000016c8       0x14 ./drivers/fsl_edma.o
                0x000016c8                DMA2_DriverIRQHandler
 .text.DMA3_DriverIRQHandler
                0x000016dc       0x14 ./drivers/fsl_edma.o
                0x000016dc                DMA3_DriverIRQHandler
 .text.ftfx_command_sequence
                0x000016f0       0x40 ./drivers/fsl_ftfx_controller.o
 .text.FTFx_API_Init
                0x00001730       0x44 ./drivers/fsl_ftfx_controller.o
                0x00001730                FTFx_API_Init
 .text.FTFx_CMD_Erase
                0x00001774       0x6c ./drivers/fsl_ftfx_controller.o
                0x00001774                FTFx_CMD_Erase
 .text.FTFx_CMD_Program
                0x000017e0       0x84 ./drivers/fsl_ftfx_controller.o
                0x000017e0                FTFx_CMD_Program
 .text.FLASH_Init
                0x00001864       0x8c ./drivers/fsl_ftfx_flash.o
                0x00001864                FLASH_Init
 .text.PIT_Init
                0x000018f0       0x48 ./drivers/fsl_pit.o
                0x000018f0                PIT_Init
 .text.UART_GetInstance
                0x00001938       0x1c ./drivers/fsl_uart.o
                0x00001938                UART_GetInstance
 .text.UART_Init
                0x00001954       0xec ./drivers/fsl_uart.o
                0x00001954                UART_Init
 .text.UART1_DriverIRQHandler
                0x00001a40       0x20 ./drivers/fsl_uart.o
                0x00001a40                UART1_DriverIRQHandler
 .text.SystemInit
                0x00001a60       0x34 ./device/system_MK02F12810.o
                0x00001a60                SystemInit
 .text.HAL_UartInit
                0x00001a94       0x84 ./component/uart/fsl_adapter_uart.o
                0x00001a94                HAL_UartInit
 .text.BOARD_BootClockRUN
                0x00001b18       0x58 ./board/clock_config.o
                0x00001b18                BOARD_BootClockRUN
 .text.BOARD_InitPins
                0x00001b70       0xa8 ./board/pin_mux.o
                0x00001b70                BOARD_InitPins
 .text.malloc   0x00001c18       0xc8 /Applications/MCUXpressoIDE_25.6.136/ide/plugins/com.nxp.mcuxpresso.tools.macosx_25.6.0.202501151204/tools/bin/../lib/gcc/arm-none-eabi/14.2.1/../../../../arm-none-eabi/lib/thumb/v7e-m+fp/hard/libcr_c.a(alloc.o)
                0x00001c18                malloc
 .text._initio  0x00001ce0       0x78 /Applications/MCUXpressoIDE_25.6.136/ide/plugins/com.nxp.mcuxpresso.tools.macosx_25.6.0.202501151204/tools/bin/../lib/gcc/arm-none-eabi/14.2.1/../../../../arm-none-eabi/lib/thumb/v7e-m+fp/hard/libcr_c.a(initio.o)
                0x00001ce0                _initio
 .text._sbrk    0x00001d58       0x3c /Applications/MCUXpressoIDE_25.6.136/ide/plugins/com.nxp.mcuxpresso.tools.macosx_25.6.0.202501151204/tools/bin/../lib/gcc/arm-none-eabi/14.2.1/../../../../arm-none-eabi/lib/thumb/v7e-m+fp/hard/libcr_c.a(_cr_sbrk.o)
                0x00001d58                _sbrk
 .text._Cwritebuf
                0x00001d94       0x70 /Applications/MCUXpressoIDE_25.6.136/ide/plugins/com.nxp.mcuxpresso.tools.macosx_25.6.0.202501151204/tools/bin/../lib/gcc/arm-none-eabi/14.2.1/../../../../arm-none-eabi/lib/thumb/v7e-m+fp/hard/libcr_c.a(_writebuf.o)
                0x00001d94                _Cwritebuf
 .text.fflush   0x00001e04       0x3c /Applications/MCUXpressoIDE_25.6.136/ide/plugins/com.nxp.mcuxpresso.tools.macosx_25.6.0.202501151204/tools/bin/../lib/gcc/arm-none-eabi/14.2.1/../../../../arm-none-eabi/lib/thumb/v7e-m+fp/hard/libcr_c.a(fflush.o)
                0x00001e04                fflush
 .text.fseek    0x00001e40       0xf8 /Applications/MCUXpressoIDE_25.6.136/ide/plugins/com.nxp.mcuxpresso.tools.macosx_25.6.0.202501151204/tools/bin/../lib/gcc/arm-none-eabi/14.2.1/../../../../arm-none-eabi/lib/thumb/v7e-m+fp/hard/libcr_c.a(fseek.o)
                0x00001e40                fseek
 .text.ftell    0x00001f38       0x44 /Applications/MCUXpressoIDE_25.6.136/ide/plugins/com.nxp.mcuxpresso.tools.macosx_25.6.0.202501151204/tools/bin/../lib/gcc/arm-none-eabi/14.2.1/../../../../arm-none-eabi/lib/thumb/v7e-m+fp/hard/libcr_c.a(ftell.o)
                0x00001f38                ftell
 .text.__check_heap_overflow
                0x00001f7c       0x18 /Applications/MCUXpressoIDE_25.6.136/ide/plugins/com.nxp.mcuxpresso.tools.macosx_25.6.0.202501151204/tools/bin/../lib/gcc/arm-none-eabi/14.2.1/../../../../arm-none-eabi/lib/thumb/v7e-m+fp/hard/libcr_c.a(_cr_check_heap.o)
                0x00001f7c                __check_heap_overflow
 .text.DMA0_IRQHandler
                0x00001f94        0x8 ./startup/startup_mk02f12810.o
                0x00001f94                DMA0_IRQHandler
 .text.DMA1_IRQHandler
                0x00001f9c        0x8 ./startup/startup_mk02f12810.o
                0x00001f9c                DMA1_IRQHandler
 .text.DMA2_IRQHandler
                0x00001fa4        0x8 ./startup/startup_mk02f12810.o
                0x00001fa4                DMA2_IRQHandler
 .text.DMA3_IRQHandler
                0x00001fac        0x8 ./startup/startup_mk02f12810.o
                0x00001fac                DMA3_IRQHandler
 .text.Reserved20_IRQHandler
                0x00001fb4        0x8 ./startup/startup_mk02f12810.o
                0x00001fb4                Reserved20_IRQHandler
 .text.Reserved21_IRQHandler
                0x00001fbc        0x8 ./startup/startup_mk02f12810.o
                0x00001fbc                Reserved21_IRQHandler
 .text.Reserved22_IRQHandler
                0x00001fc4        0x8 ./startup/startup_mk02f12810.o
                0x00001fc4                Reserved22_IRQHandler
 .text.Reserved23_IRQHandler
                0x00001fcc        0x8 ./startup/startup_mk02f12810.o
                0x00001fcc                Reserved23_IRQHandler
 .text.Reserved24_IRQHandler
                0x00001fd4        0x8 ./startup/startup_mk02f12810.o
                0x00001fd4                Reserved24_IRQHandler
 .text.Reserved25_IRQHandler
                0x00001fdc        0x8 ./startup/startup_mk02f12810.o
                0x00001fdc                Reserved25_IRQHandler
 .text.Reserved26_IRQHandler
                0x00001fe4        0x8 ./startup/startup_mk02f12810.o
                0x00001fe4                Reserved26_IRQHandler
 .text.Reserved27_IRQHandler
                0x00001fec        0x8 ./startup/startup_mk02f12810.o
                0x00001fec                Reserved27_IRQHandler
 .text.Reserved28_IRQHandler
                0x00001ff4        0x8 ./startup/startup_mk02f12810.o
                0x00001ff4                Reserved28_IRQHandler
 .text.Reserved29_IRQHandler
                0x00001ffc        0x8 ./startup/startup_mk02f12810.o
                0x00001ffc                Reserved29_IRQHandler
 .text.Reserved30_IRQHandler
                0x00002004        0x8 ./startup/startup_mk02f12810.o
                0x00002004                Reserved30_IRQHandler
 .text.Reserved31_IRQHandler
                0x0000200c        0x8 ./startup/startup_mk02f12810.o
                0x0000200c                Reserved31_IRQHandler
 .text.DMA_Error_IRQHandler
                0x00002014        0x8 ./startup/startup_mk02f12810.o
                0x00002014                DMA_Error_IRQHandler
 .text.MCM_IRQHandler
                0x0000201c        0x8 ./startup/startup_mk02f12810.o
                0x0000201c                MCM_IRQHandler
 .text.FTF_IRQHandler
                0x00002024        0x8 ./startup/startup_mk02f12810.o
                0x00002024                FTF_IRQHandler
 .text.Read_Collision_IRQHandler
                0x0000202c        0x8 ./startup/startup_mk02f12810.o
                0x0000202c                Read_Collision_IRQHandler
 .text.LVD_LVW_IRQHandler
                0x00002034        0x8 ./startup/startup_mk02f12810.o
                0x00002034                LVD_LVW_IRQHandler
 .text.LLWU_IRQHandler
                0x0000203c        0x8 ./startup/startup_mk02f12810.o
                0x0000203c                LLWU_IRQHandler
 .text.WDOG_EWM_IRQHandler
                0x00002044        0x8 ./startup/startup_mk02f12810.o
                0x00002044                WDOG_EWM_IRQHandler
 .text.Reserved39_IRQHandler
                0x0000204c        0x8 ./startup/startup_mk02f12810.o
                0x0000204c                Reserved39_IRQHandler
 .text.I2C0_IRQHandler
                0x00002054        0x8 ./startup/startup_mk02f12810.o
                0x00002054                I2C0_IRQHandler
 .text.Reserved41_IRQHandler
                0x0000205c        0x8 ./startup/startup_mk02f12810.o
                0x0000205c                Reserved41_IRQHandler
 .text.Reserved43_IRQHandler
                0x00002064        0x8 ./startup/startup_mk02f12810.o
                0x00002064                Reserved43_IRQHandler
 .text.Reserved44_IRQHandler
                0x0000206c        0x8 ./startup/startup_mk02f12810.o
                0x0000206c                Reserved44_IRQHandler
 .text.Reserved45_IRQHandler
                0x00002074        0x8 ./startup/startup_mk02f12810.o
                0x00002074                Reserved45_IRQHandler
 .text.Reserved46_IRQHandler
                0x0000207c        0x8 ./startup/startup_mk02f12810.o
                0x0000207c                Reserved46_IRQHandler
 .text.UART0_ERR_IRQHandler
                0x00002084        0x8 ./startup/startup_mk02f12810.o
                0x00002084                UART0_ERR_IRQHandler
 .text.UART1_RX_TX_IRQHandler
                0x0000208c        0x8 ./startup/startup_mk02f12810.o
                0x0000208c                UART1_RX_TX_IRQHandler
 .text.UART1_ERR_IRQHandler
                0x00002094        0x8 ./startup/startup_mk02f12810.o
                0x00002094                UART1_ERR_IRQHandler
 .text.Reserved51_IRQHandler
                0x0000209c        0x8 ./startup/startup_mk02f12810.o
                0x0000209c                Reserved51_IRQHandler
 .text.Reserved52_IRQHandler
                0x000020a4        0x8 ./startup/startup_mk02f12810.o
                0x000020a4                Reserved52_IRQHandler
 .text.Reserved53_IRQHandler
                0x000020ac        0x8 ./startup/startup_mk02f12810.o
                0x000020ac                Reserved53_IRQHandler
 .text.Reserved54_IRQHandler
                0x000020b4        0x8 ./startup/startup_mk02f12810.o
                0x000020b4                Reserved54_IRQHandler
 .text.ADC0_IRQHandler
                0x000020bc        0x8 ./startup/startup_mk02f12810.o
                0x000020bc                ADC0_IRQHandler
 .text.CMP0_IRQHandler
                0x000020c4        0x8 ./startup/startup_mk02f12810.o
                0x000020c4                CMP0_IRQHandler
 .text.CMP1_IRQHandler
                0x000020cc        0x8 ./startup/startup_mk02f12810.o
                0x000020cc                CMP1_IRQHandler
 .text.FTM0_IRQHandler
                0x000020d4        0x8 ./startup/startup_mk02f12810.o
                0x000020d4                FTM0_IRQHandler
 .text.FTM1_IRQHandler
                0x000020dc        0x8 ./startup/startup_mk02f12810.o
                0x000020dc                FTM1_IRQHandler
 .text.FTM2_IRQHandler
                0x000020e4        0x8 ./startup/startup_mk02f12810.o
                0x000020e4                FTM2_IRQHandler
 .text.Reserved61_IRQHandler
                0x000020ec        0x8 ./startup/startup_mk02f12810.o
                0x000020ec                Reserved61_IRQHandler
 .text.Reserved62_IRQHandler
                0x000020f4        0x8 ./startup/startup_mk02f12810.o
                0x000020f4                Reserved62_IRQHandler
 .text.Reserved63_IRQHandler
                0x000020fc        0x8 ./startup/startup_mk02f12810.o
                0x000020fc                Reserved63_IRQHandler
 .text.PIT1_IRQHandler
                0x00002104        0x8 ./startup/startup_mk02f12810.o
                0x00002104                PIT1_IRQHandler
 .text.PIT2_IRQHandler
                0x0000210c        0x8 ./startup/startup_mk02f12810.o
                0x0000210c                PIT2_IRQHandler
 .text.PIT3_IRQHandler
                0x00002114        0x8 ./startup/startup_mk02f12810.o
                0x00002114                PIT3_IRQHandler
 .text.PDB0_IRQHandler
                0x0000211c        0x8 ./startup/startup_mk02f12810.o
                0x0000211c                PDB0_IRQHandler
 .text.Reserved69_IRQHandler
                0x00002124        0x8 ./startup/startup_mk02f12810.o
                0x00002124                Reserved69_IRQHandler
 .text.Reserved70_IRQHandler
                0x0000212c        0x8 ./startup/startup_mk02f12810.o
                0x0000212c                Reserved70_IRQHandler
 .text.Reserved71_IRQHandler
                0x00002134        0x8 ./startup/startup_mk02f12810.o
                0x00002134                Reserved71_IRQHandler
 .text.DAC0_IRQHandler
                0x0000213c        0x8 ./startup/startup_mk02f12810.o
                0x0000213c                DAC0_IRQHandler
 .text.MCG_IRQHandler
                0x00002144        0x8 ./startup/startup_mk02f12810.o
                0x00002144                MCG_IRQHandler
 .text.LPTMR0_IRQHandler
                0x0000214c        0x8 ./startup/startup_mk02f12810.o
                0x0000214c                LPTMR0_IRQHandler
 .text.PORTA_IRQHandler
                0x00002154        0x8 ./startup/startup_mk02f12810.o
                0x00002154                PORTA_IRQHandler
 .text.PORTB_IRQHandler
                0x0000215c        0x8 ./startup/startup_mk02f12810.o
                0x0000215c                PORTB_IRQHandler
 .text.PORTC_IRQHandler
                0x00002164        0x8 ./startup/startup_mk02f12810.o
                0x00002164                PORTC_IRQHandler
 .text.PORTD_IRQHandler
                0x0000216c        0x8 ./startup/startup_mk02f12810.o
                0x0000216c                PORTD_IRQHandler
 .text.PORTE_IRQHandler
                0x00002174        0x8 ./startup/startup_mk02f12810.o
                0x00002174                PORTE_IRQHandler
 .text.SWI_IRQHandler
                0x0000217c        0x8 ./startup/startup_mk02f12810.o
                0x0000217c                SWI_IRQHandler
 .text.build_packet
                0x00002184       0x7c ./source/uart/build_packet.o
                0x00002184                build_packet
 .text.crc16_step
                0x00002200       0x20 ./source/uart/crc16.o
                0x00002200                crc16_step
 .text.uart0_print
                0x00002220       0x12 ./source/uart/uart.o
                0x00002220                uart0_print
 .text.uart0_puthex
                0x00002232       0x38 ./source/uart/uart.o
                0x00002232                uart0_puthex
 .text.uart0_print_i32
                0x0000226a       0x50 ./source/uart/uart.o
                0x0000226a                uart0_print_i32
 .text.gpio_set_mux
                0x000022ba       0x20 ./source/gpio/gpio_utils.o
                0x000022ba                gpio_set_mux
 .text.gpio_set_output
                0x000022da       0x1c ./source/gpio/gpio_utils.o
                0x000022da                gpio_set_output
 .text.gpio_write_high
                0x000022f6       0x18 ./source/gpio/gpio_utils.o
                0x000022f6                gpio_write_high
 .text.gpio_write_low
                0x0000230e       0x18 ./source/gpio/gpio_utils.o
                0x0000230e                gpio_write_low
 .text.gpio_read
                0x00002326       0x1c ./source/gpio/gpio_utils.o
                0x00002326                gpio_read
 .text.flash_read
                0x00002342       0x10 ./source/flash/flash_init.o
                0x00002342                flash_read
 .text.finish_action
                0x00002352       0x2e ./source/execute/execute.o
 .text.execute  0x00002380       0xb8 ./source/execute/execute.o
                0x00002380                execute
 .text.init_pins
                0x00002438       0x98 ./source/execute/init_pins.o
                0x00002438                init_pins
 .text.u32be    0x000024d0        0x6 ./source/action/action.o
 .text.free_actions
                0x000024d6       0x44 ./source/action/action.o
                0x000024d6                free_actions
 .text.parse_actions
                0x0000251a      0x3ca ./source/action/action.o
                0x0000251a                parse_actions
 .text.lvl_ch   0x000028e4       0x10 ./source/debug.o
 .text.HardFault_Handler
                0x000028f4       0x34 ./source/semihost_hardfault.o
                0x000028f4                HardFault_Handler
 .text.CLOCK_GetFixedFreqClkFreq
                0x00002928       0x18 ./drivers/fsl_clock.o
                0x00002928                CLOCK_GetFixedFreqClkFreq
 .text.CLOCK_BootToFeiMode
                0x00002940        0xa ./drivers/fsl_clock.o
                0x00002940                CLOCK_BootToFeiMode
 .text.DSPI_EnableInterrupts
                0x0000294a       0x20 ./drivers/fsl_dspi.o
                0x0000294a                DSPI_EnableInterrupts
 .text.EDMA_HandleIRQ
                0x0000296a       0xc4 ./drivers/fsl_edma.o
                0x0000296a                EDMA_HandleIRQ
 .text.ftfx_check_mem_range
                0x00002a2e       0x2c ./drivers/fsl_ftfx_controller.o
 .text.ftfx_read_word_from_byte_address
                0x00002a5a       0x20 ./drivers/fsl_ftfx_controller.o
 .text.flash_check_range_to_get_index
                0x00002a7a       0x24 ./drivers/fsl_ftfx_flash.o
 .text.FLASH_Erase
                0x00002a9e       0x34 ./drivers/fsl_ftfx_flash.o
                0x00002a9e                FLASH_Erase
 .text.FLASH_Program
                0x00002ad2       0x36 ./drivers/fsl_ftfx_flash.o
                0x00002ad2                FLASH_Program
 .text.GPIO_PinInit
                0x00002b08       0x24 ./drivers/fsl_gpio.o
                0x00002b08                GPIO_PinInit
 .text.SMC_SetPowerModeHsrun
                0x00002b2c        0xc ./drivers/fsl_smc.o
                0x00002b2c                SMC_SetPowerModeHsrun
 .text.UART_GetDefaultConfig
                0x00002b38       0x1e ./drivers/fsl_uart.o
                0x00002b38                UART_GetDefaultConfig
 .text.UART_EnableInterrupts
                0x00002b56       0x36 ./drivers/fsl_uart.o
                0x00002b56                UART_EnableInterrupts
 .text.UART_GetStatusFlags
                0x00002b8c       0x16 ./drivers/fsl_uart.o
                0x00002b8c                UART_GetStatusFlags
 .text.UART_WriteBlocking
                0x00002ba2       0x1e ./drivers/fsl_uart.o
                0x00002ba2                UART_WriteBlocking
 .text.UART1_RX_TX_DriverIRQHandler
                0x00002bc0        0xc ./drivers/fsl_uart.o
                0x00002bc0                UART1_RX_TX_DriverIRQHandler
 .text.SystemInitHook
                0x00002bcc        0x2 ./device/system_MK02F12810.o
                0x00002bcc                SystemInitHook
 .text.SerialManager_Init
                0x00002bce       0x2a ./component/serial_manager/fsl_component_serial_manager.o
                0x00002bce                SerialManager_Init
 .text.SerialManager_OpenWriteHandle
                0x00002bf8       0x26 ./component/serial_manager/fsl_component_serial_manager.o
                0x00002bf8                SerialManager_OpenWriteHandle
 .text.SerialManager_OpenReadHandle
                0x00002c1e       0x2c ./component/serial_manager/fsl_component_serial_manager.o
                0x00002c1e                SerialManager_OpenReadHandle
 .text.Serial_UartInit
                0x00002c4a        0x4 ./component/serial_manager/fsl_component_serial_port_uart.o
                0x00002c4a                Serial_UartInit
 .text.BOARD_InitDebugConsole
                0x00002c4e       0x18 ./board/board.o
                0x00002c4e                BOARD_InitDebugConsole
 .text.CLOCK_CONFIG_FllStableDelay
                0x00002c66        0xc ./board/clock_config.o
 .text.BOARD_InitBootClocks
                0x00002c72        0x4 ./board/clock_config.o
                0x00002c72                BOARD_InitBootClocks
 .text.BOARD_InitBootPeripherals
                0x00002c76        0x2 ./board/peripherals.o
                0x00002c76                BOARD_InitBootPeripherals
 .text.BOARD_InitBootPins
                0x00002c78        0x4 ./board/pin_mux.o
                0x00002c78                BOARD_InitBootPins
 .text.__main   0x00002c7c        0xe /Applications/MCUXpressoIDE_25.6.136/ide/plugins/com.nxp.mcuxpresso.tools.macosx_25.6.0.202501151204/tools/bin/../lib/gcc/arm-none-eabi/14.2.1/../../../../arm-none-eabi/lib/thumb/v7e-m+fp/hard/libcr_nohost_nf.a(_cr__main.o)
                0x00002c7c                __main
 .text.memcpy   0x00002c8a        0x4 /Applications/MCUXpressoIDE_25.6.136/ide/plugins/com.nxp.mcuxpresso.tools.macosx_25.6.0.202501151204/tools/bin/../lib/gcc/arm-none-eabi/14.2.1/../../../../arm-none-eabi/lib/thumb/v7e-m+fp/hard/libcr_c.a(memcpy.o)
                0x00002c8a                memcpy
 .text.memset   0x00002c8e        0x4 /Applications/MCUXpressoIDE_25.6.136/ide/plugins/com.nxp.mcuxpresso.tools.macosx_25.6.0.202501151204/tools/bin/../lib/gcc/arm-none-eabi/14.2.1/../../../../arm-none-eabi/lib/thumb/v7e-m+fp/hard/libcr_c.a(memset.o)
                0x00002c8e                memset
 .text.free     0x00002c92       0x30 /Applications/MCUXpressoIDE_25.6.136/ide/plugins/com.nxp.mcuxpresso.tools.macosx_25.6.0.202501151204/tools/bin/../lib/gcc/arm-none-eabi/14.2.1/../../../../arm-none-eabi/lib/thumb/v7e-m+fp/hard/libcr_c.a(alloc.o)
                0x00002c92                free
 .text.calloc   0x00002cc2       0x50 /Applications/MCUXpressoIDE_25.6.136/ide/plugins/com.nxp.mcuxpresso.tools.macosx_25.6.0.202501151204/tools/bin/../lib/gcc/arm-none-eabi/14.2.1/../../../../arm-none-eabi/lib/thumb/v7e-m+fp/hard/libcr_c.a(alloc.o)
                0x00002cc2                calloc
 .text.setvbuf  0x00002d12       0x3e /Applications/MCUXpressoIDE_25.6.136/ide/plugins/com.nxp.mcuxpresso.tools.macosx_25.6.0.202501151204/tools/bin/../lib/gcc/arm-none-eabi/14.2.1/../../../../arm-none-eabi/lib/thumb/v7e-m+fp/hard/libcr_c.a(setvbuf.o)
                0x00002d12                setvbuf
 .text.strlen   0x00002d50       0x4e /Applications/MCUXpressoIDE_25.6.136/ide/plugins/com.nxp.mcuxpresso.tools.macosx_25.6.0.202501151204/tools/bin/../lib/gcc/arm-none-eabi/14.2.1/../../../../arm-none-eabi/lib/thumb/v7e-m+fp/hard/libcr_c.a(strlen.o)
                0x00002d50                strlen
 .text._deferredlazyseek
                0x00002d9e       0x40 /Applications/MCUXpressoIDE_25.6.136/ide/plugins/com.nxp.mcuxpresso.tools.macosx_25.6.0.202501151204/tools/bin/../lib/gcc/arm-none-eabi/14.2.1/../../../../arm-none-eabi/lib/thumb/v7e-m+fp/hard/libcr_c.a(_deferredlazyseek.o)
                0x00002d9e                _deferredlazyseek
 .text._fdopen  0x00002dde       0x68 /Applications/MCUXpressoIDE_25.6.136/ide/plugins/com.nxp.mcuxpresso.tools.macosx_25.6.0.202501151204/tools/bin/../lib/gcc/arm-none-eabi/14.2.1/../../../../arm-none-eabi/lib/thumb/v7e-m+fp/hard/libcr_c.a(_fdopen.o)
                0x00002dde                _fdopen
 .text._fflush  0x00002e46       0x52 /Applications/MCUXpressoIDE_25.6.136/ide/plugins/com.nxp.mcuxpresso.tools.macosx_25.6.0.202501151204/tools/bin/../lib/gcc/arm-none-eabi/14.2.1/../../../../arm-none-eabi/lib/thumb/v7e-m+fp/hard/libcr_c.a(_fflush.o)
                0x00002e46                _fflush
 .text.fclose   0x00002e98       0x58 /Applications/MCUXpressoIDE_25.6.136/ide/plugins/com.nxp.mcuxpresso.tools.macosx_25.6.0.202501151204/tools/bin/../lib/gcc/arm-none-eabi/14.2.1/../../../../arm-none-eabi/lib/thumb/v7e-m+fp/hard/libcr_c.a(fclose.o)
                0x00002e98                fclose
 .text.remove   0x00002ef0       0x14 /Applications/MCUXpressoIDE_25.6.136/ide/plugins/com.nxp.mcuxpresso.tools.macosx_25.6.0.202501151204/tools/bin/../lib/gcc/arm-none-eabi/14.2.1/../../../../arm-none-eabi/lib/thumb/v7e-m+fp/hard/libcr_c.a(remove.o)
                0x00002ef0                remove
 .text._do_fflush
                0x00002f04       0x40 /Applications/MCUXpressoIDE_25.6.136/ide/plugins/com.nxp.mcuxpresso.tools.macosx_25.6.0.202501151204/tools/bin/../lib/gcc/arm-none-eabi/14.2.1/../../../../arm-none-eabi/lib/thumb/v7e-m+fp/hard/libcr_c.a(_do_fflush.o)
                0x00002f04                _do_fflush
 .text.__aeabi_division_uldivmod
                0x00002f44      0x174 /Applications/MCUXpressoIDE_25.6.136/ide/plugins/com.nxp.mcuxpresso.tools.macosx_25.6.0.202501151204/tools/bin/../lib/gcc/arm-none-eabi/14.2.1/thumb/v7e-m+fp/hard/libcr_eabihelpers.a(division_64.o)
                0x00002f44                __aeabi_uldivmod
                0x00002f48                __bhs_ldivmod1
 .text.__aeabi_division_idiv0
                0x000030b8        0x2 /Applications/MCUXpressoIDE_25.6.136/ide/plugins/com.nxp.mcuxpresso.tools.macosx_25.6.0.202501151204/tools/bin/../lib/gcc/arm-none-eabi/14.2.1/thumb/v7e-m+fp/hard/libcr_eabihelpers.a(division_idiv0.o)
                0x000030b8                __aeabi_idiv0
 .text.__aeabi_memcpy
                0x000030ba       0x34 /Applications/MCUXpressoIDE_25.6.136/ide/plugins/com.nxp.mcuxpresso.tools.macosx_25.6.0.202501151204/tools/bin/../lib/gcc/arm-none-eabi/14.2.1/thumb/v7e-m+fp/hard/libcr_eabihelpers.a(memcpy.o)
                0x000030ba                __aeabi_memcpy
                0x000030c4                __aeabi_memcpy4
                0x000030c4                __aeabi_memcpy8
 .text.__aeabi_memset_lowlevel
                0x000030ee       0x32 /Applications/MCUXpressoIDE_25.6.136/ide/plugins/com.nxp.mcuxpresso.tools.macosx_25.6.0.202501151204/tools/bin/../lib/gcc/arm-none-eabi/14.2.1/thumb/v7e-m+fp/hard/libcr_eabihelpers.a(memcpy.o)
                0x000030ee                __aeabi_lowlevel_memset
 .text.__sys_close
                0x00003120        0x6 /Applications/MCUXpressoIDE_25.6.136/ide/plugins/com.nxp.mcuxpresso.tools.macosx_25.6.0.202501151204/tools/bin/../lib/gcc/arm-none-eabi/14.2.1/../../../../arm-none-eabi/lib/thumb/v7e-m+fp/hard/libcr_nohost_nf.a(__sys_close.o)
                0x00003120                __sys_close
 .text.__sys_flen
                0x00003126        0x6 /Applications/MCUXpressoIDE_25.6.136/ide/plugins/com.nxp.mcuxpresso.tools.macosx_25.6.0.202501151204/tools/bin/../lib/gcc/arm-none-eabi/14.2.1/../../../../arm-none-eabi/lib/thumb/v7e-m+fp/hard/libcr_nohost_nf.a(__sys_flen.o)
                0x00003126                __sys_flen
 .text.__sys_istty
                0x0000312c        0x6 /Applications/MCUXpressoIDE_25.6.136/ide/plugins/com.nxp.mcuxpresso.tools.macosx_25.6.0.202501151204/tools/bin/../lib/gcc/arm-none-eabi/14.2.1/../../../../arm-none-eabi/lib/thumb/v7e-m+fp/hard/libcr_nohost_nf.a(__sys_istty.o)
                0x0000312c                __sys_istty
 .text.__sys_remove
                0x00003132        0x6 /Applications/MCUXpressoIDE_25.6.136/ide/plugins/com.nxp.mcuxpresso.tools.macosx_25.6.0.202501151204/tools/bin/../lib/gcc/arm-none-eabi/14.2.1/../../../../arm-none-eabi/lib/thumb/v7e-m+fp/hard/libcr_nohost_nf.a(__sys_remove.o)
                0x00003132                __sys_remove
 .text.__sys_seek
                0x00003138        0x6 /Applications/MCUXpressoIDE_25.6.136/ide/plugins/com.nxp.mcuxpresso.tools.macosx_25.6.0.202501151204/tools/bin/../lib/gcc/arm-none-eabi/14.2.1/../../../../arm-none-eabi/lib/thumb/v7e-m+fp/hard/libcr_nohost_nf.a(__sys_seek.o)
                0x00003138                __sys_seek
 .text.__sys_tmpnam
                0x0000313e        0x6 /Applications/MCUXpressoIDE_25.6.136/ide/plugins/com.nxp.mcuxpresso.tools.macosx_25.6.0.202501151204/tools/bin/../lib/gcc/arm-none-eabi/14.2.1/../../../../arm-none-eabi/lib/thumb/v7e-m+fp/hard/libcr_nohost_nf.a(__sys_tmpnam.o)
                0x0000313e                __sys_tmpnam
 .text.__sys_write
                0x00003144        0x4 /Applications/MCUXpressoIDE_25.6.136/ide/plugins/com.nxp.mcuxpresso.tools.macosx_25.6.0.202501151204/tools/bin/../lib/gcc/arm-none-eabi/14.2.1/../../../../arm-none-eabi/lib/thumb/v7e-m+fp/hard/libcr_nohost_nf.a(__sys_write.o)
                0x00003144                __sys_write
 *(SORT_BY_ALIGNMENT(.rodata) SORT_BY_ALIGNMENT(.rodata.*) SORT_BY_ALIGNMENT(.constdata) SORT_BY_ALIGNMENT(.constdata.*))
 .rodata.s_ftfxRunCommandFunctionCode
                0x00003148        0xc ./drivers/fsl_ftfx_controller.o
 .rodata.s_uartClock
                0x00003154        0x8 ./drivers/fsl_uart.o
 .rodata.s_UartAdapterBase
                0x0000315c        0x8 ./component/uart/fsl_adapter_uart.o
 .rodata.simConfig_BOARD_BootClockRUN
                0x00003164        0x8 ./board/clock_config.o
                0x00003164                simConfig_BOARD_BootClockRUN
 .rodata.__num_Ciob_streams
                0x0000316c        0x4 /Applications/MCUXpressoIDE_25.6.136/ide/plugins/com.nxp.mcuxpresso.tools.macosx_25.6.0.202501151204/tools/bin/../lib/gcc/arm-none-eabi/14.2.1/../../../../arm-none-eabi/lib/thumb/v7e-m+fp/hard/libcr_nohost_nf.a(__ciob.o)
                0x0000316c                __num_Ciob_streams
 .rodata.fllFactorTable.1
                0x00003170       0x10 ./drivers/fsl_clock.o
 .rodata.kPFlashDensities
                0x00003180       0x1e ./drivers/fsl_ftfx_flash.o
 .rodata.check_flash.str1.1
                0x0000319e      0x2f2 ./source/flash/check_flash.o
                                 0xd9 (size before relaxing)
 .rodata.main.str1.1
                0x00003490       0xb7 ./source/Debug_Tool.o
 .rodata.print_targets.str1.1
                0x00003490       0x10 ./source/debug.o
 .rodata.print_ms_us.str1.1
                0x00003490        0x8 ./source/debug.o
 .rodata.print_ticks_if_any.constprop.0.str1.1
                0x00003490        0x6 ./source/debug.o
 .rodata.dump_action_set.str1.1
                0x00003490       0xb2 ./source/debug.o
 .rodata.dump_cspi.str1.1
                0x00003490       0xa7 ./source/debug.o
 .rodata._initio.str1.1
                0x00003490        0x4 /Applications/MCUXpressoIDE_25.6.136/ide/plugins/com.nxp.mcuxpresso.tools.macosx_25.6.0.202501151204/tools/bin/../lib/gcc/arm-none-eabi/14.2.1/../../../../arm-none-eabi/lib/thumb/v7e-m+fp/hard/libcr_c.a(initio.o)
                0x00003548                        . = ALIGN (0x4)

.glue_7         0x00003490        0x0
 .glue_7        0x00003490        0x0 linker stubs

.glue_7t        0x00003490        0x0
 .glue_7t       0x00003490        0x0 linker stubs

.vfp11_veneer   0x00003490        0x0
 .vfp11_veneer  0x00003490        0x0 linker stubs

.v4_bx          0x00003490        0x0
 .v4_bx         0x00003490        0x0 linker stubs

.iplt           0x00003490        0x0
 .iplt          0x00003490        0x0 ./utilities/debug_console/fsl_debug_console.o

.rel.dyn        0x00003490        0x0
 .rel.iplt      0x00003490        0x0 ./utilities/debug_console/fsl_debug_console.o

.ARM.extab
 *(SORT_BY_ALIGNMENT(.ARM.extab*) SORT_BY_ALIGNMENT(.gnu.linkonce.armextab.*))

.ARM.exidx      0x00003490        0x0
                0x00003490                        __exidx_start = .
 *(SORT_BY_ALIGNMENT(.ARM.exidx*) SORT_BY_ALIGNMENT(.gnu.linkonce.armexidx.*))
                0x00003490                        __exidx_end = .
                0x00003490                        _etext = .

.data_RAM2      0x00200000        0x0 load address 0x00003490
 FILL mask 0xff
                [!provide]                        PROVIDE (__start_data_RAM2 = .)
                [!provide]                        PROVIDE (__start_data_SRAM_UPPER = .)
 *(SORT_BY_ALIGNMENT(.ramfunc.$RAM2))
 *(SORT_BY_ALIGNMENT(.ramfunc.$SRAM_UPPER))
 *(SORT_BY_ALIGNMENT(.data.$RAM2))
 *(SORT_BY_ALIGNMENT(.data.$SRAM_UPPER))
 *(SORT_BY_ALIGNMENT(.data.$RAM2.*))
 *(SORT_BY_ALIGNMENT(.data.$SRAM_UPPER.*))
                0x00200000                        . = ALIGN (0x4)
                [!provide]                        PROVIDE (__end_data_RAM2 = .)
                [!provide]                        PROVIDE (__end_data_SRAM_UPPER = .)

.uninit_RESERVED
                0x1fffe000        0x0
                0x1fffe000                        _start_uninit_RESERVED = .
 *(SORT_BY_ALIGNMENT(.bss.$RESERVED*))
                0x1fffe000                        . = ALIGN (0x4)
                0x1fffe000                        _end_uninit_RESERVED = .

.data           0x1fffe000        0xc load address 0x00003490
 FILL mask 0xff
                0x1fffe000                        _data = .
                [!provide]                        PROVIDE (__start_data_RAM = .)
                [!provide]                        PROVIDE (__start_data_SRAM_LOWER = .)
 *(SORT_BY_ALIGNMENT(vtable))
 *(SORT_BY_ALIGNMENT(.ramfunc*))
 *(SORT_BY_ALIGNMENT(CodeQuickAccess))
 *(SORT_BY_ALIGNMENT(DataQuickAccess))
 *(SORT_BY_ALIGNMENT(RamFunction))
 *(SORT_BY_ALIGNMENT(.data*))
 .data.s_fastIrcFreq
                0x1fffe000        0x4 ./drivers/fsl_clock.o
 .data.s_slowIrcFreq
                0x1fffe004        0x4 ./drivers/fsl_clock.o
 .data.SystemCoreClock
                0x1fffe008        0x4 ./device/system_MK02F12810.o
                0x1fffe008                SystemCoreClock
                0x1fffe00c                        . = ALIGN (0x4)
                0x1fffe00c                        _edata = .
                [!provide]                        PROVIDE (__end_data_RAM = .)
                [!provide]                        PROVIDE (__end_data_SRAM_LOWER = .)

.igot.plt       0x1fffe00c        0x0 load address 0x0000349c
 .igot.plt      0x1fffe00c        0x0 ./utilities/debug_console/fsl_debug_console.o

.bss_RAM2       0x00200000        0x0
                [!provide]                        PROVIDE (__start_bss_RAM2 = .)
                [!provide]                        PROVIDE (__start_bss_SRAM_UPPER = .)
 *(SORT_BY_ALIGNMENT(.bss.$RAM2))
 *(SORT_BY_ALIGNMENT(.bss.$SRAM_UPPER))
 *(SORT_BY_ALIGNMENT(.bss.$RAM2.*))
 *(SORT_BY_ALIGNMENT(.bss.$SRAM_UPPER.*))
                0x00200000                        . = ALIGN ((. != 0x0)?0x4:0x1)
                [!provide]                        PROVIDE (__end_bss_RAM2 = .)
                [!provide]                        PROVIDE (__end_bss_SRAM_UPPER = .)

.bss            0x1fffe00c      0x5e8
                0x1fffe00c                        _bss = .
                [!provide]                        PROVIDE (__start_bss_RAM = .)
                [!provide]                        PROVIDE (__start_bss_SRAM_LOWER = .)
 *(SORT_BY_ALIGNMENT(.bss*))
 .bss.g_serialHandle
                0x1fffe00c        0x4 ./utilities/debug_console/fsl_debug_console.o
                0x1fffe00c                g_serialHandle
 .bss.s_debugConsoleState
                0x1fffe010       0x20 ./utilities/debug_console/fsl_debug_console.o
 .bss.g_cspi    0x1fffe030        0x4 ./source/spi/spi_init.o
 .bss.g_tick    0x1fffe034        0x4 ./source/pit/pit_init.o
                0x1fffe034                g_tick
 .bss.s_flash   0x1fffe038       0x64 ./source/flash/flash_init.o
 .bss.gC        0x1fffe09c       0x20 ./source/Debug_Tool.o
 .bss.g_xtal32Freq
                0x1fffe0bc        0x4 ./drivers/fsl_clock.o
                0x1fffe0bc                g_xtal32Freq
 .bss.g_xtal0Freq
                0x1fffe0c0        0x4 ./drivers/fsl_clock.o
                0x1fffe0c0                g_xtal0Freq
 .bss.s_EDMAHandle
                0x1fffe0c4       0x10 ./drivers/fsl_edma.o
 .bss.s_ftfxRunCommand
                0x1fffe0d4       0x40 ./drivers/fsl_ftfx_controller.o
 .bss.s_uartIsr
                0x1fffe114        0x4 ./drivers/fsl_uart.o
                0x1fffe114                s_uartIsr
 .bss.s_uartHandle
                0x1fffe118        0x8 ./drivers/fsl_uart.o
                0x1fffe118                s_uartHandle
 .bss.errno     0x1fffe120        0x4 /Applications/MCUXpressoIDE_25.6.136/ide/plugins/com.nxp.mcuxpresso.tools.macosx_25.6.0.202501151204/tools/bin/../lib/gcc/arm-none-eabi/14.2.1/../../../../arm-none-eabi/lib/thumb/v7e-m+fp/hard/libcr_c.a(errno.o)
                0x1fffe120                errno
 .bss.__end_of_heap
                0x1fffe124        0x4 /Applications/MCUXpressoIDE_25.6.136/ide/plugins/com.nxp.mcuxpresso.tools.macosx_25.6.0.202501151204/tools/bin/../lib/gcc/arm-none-eabi/14.2.1/../../../../arm-none-eabi/lib/thumb/v7e-m+fp/hard/libcr_c.a(__init_alloc.o)
                0x1fffe124                __end_of_heap
 .bss.__heaps   0x1fffe128        0x4 /Applications/MCUXpressoIDE_25.6.136/ide/plugins/com.nxp.mcuxpresso.tools.macosx_25.6.0.202501151204/tools/bin/../lib/gcc/arm-none-eabi/14.2.1/../../../../arm-none-eabi/lib/thumb/v7e-m+fp/hard/libcr_c.a(__init_alloc.o)
                0x1fffe128                __heaps
 .bss.__Ciob    0x1fffe12c       0xb4 /Applications/MCUXpressoIDE_25.6.136/ide/plugins/com.nxp.mcuxpresso.tools.macosx_25.6.0.202501151204/tools/bin/../lib/gcc/arm-none-eabi/14.2.1/../../../../arm-none-eabi/lib/thumb/v7e-m+fp/hard/libcr_nohost_nf.a(__ciob.o)
                0x1fffe12c                __Ciob
 .bss.s_rxTail  0x1fffe1e0        0x2 ./source/uart/uart.o
 .bss.s_rxHead  0x1fffe1e2        0x2 ./source/uart/uart.o
 .bss.rx        0x1fffe1e4      0x20a ./source/uart/uart_proto.o
 .bss.s_debugConsoleReadWaitSemaphore
                0x1fffe3ee        0x1 ./utilities/debug_console/fsl_debug_console.o
 .bss.s_rxRing  0x1fffe3ef      0x200 ./source/uart/uart.o
 .bss.g_spi_done
                0x1fffe5ef        0x1 ./source/spi/spi_init.o
                0x1fffe5ef                g_spi_done
 .bss.g_cspi_active
                0x1fffe5f0        0x1 ./source/Debug_Tool.o
 .bss.g_dspiDummyData
                0x1fffe5f1        0x1 ./drivers/fsl_dspi.o
                0x1fffe5f1                g_dspiDummyData
 *(SORT_BY_ALIGNMENT(COMMON))
                0x1fffe5f4                        . = ALIGN (0x4)
 *fill*         0x1fffe5f2        0x2 
                0x1fffe5f4                        _ebss = .
                [!provide]                        PROVIDE (__end_bss_RAM = .)
                [!provide]                        PROVIDE (__end_bss_SRAM_LOWER = .)
                [!provide]                        PROVIDE (end = .)

.noinit_RAM2    0x00200000        0x0
                [!provide]                        PROVIDE (__start_noinit_RAM2 = .)
                [!provide]                        PROVIDE (__start_noinit_SRAM_UPPER = .)
 *(SORT_BY_ALIGNMENT(.noinit.$RAM2))
 *(SORT_BY_ALIGNMENT(.noinit.$SRAM_UPPER))
 *(SORT_BY_ALIGNMENT(.noinit.$RAM2.*))
 *(SORT_BY_ALIGNMENT(.noinit.$SRAM_UPPER.*))
                0x00200000                        . = ALIGN (0x4)
                [!provide]                        PROVIDE (__end_noinit_RAM2 = .)
                [!provide]                        PROVIDE (__end_noinit_SRAM_UPPER = .)

.noinit         0x1fffe5f4        0x0
                0x1fffe5f4                        _noinit = .
                [!provide]                        PROVIDE (__start_noinit_RAM = .)
                [!provide]                        PROVIDE (__start_noinit_SRAM_LOWER = .)
 *(SORT_BY_ALIGNMENT(.noinit*))
                0x1fffe5f4                        . = ALIGN (0x4)
                0x1fffe5f4                        _end_noinit = .
                [!provide]                        PROVIDE (__end_noinit_RAM = .)
                [!provide]                        PROVIDE (__end_noinit_SRAM_LOWER = .)
                0x00002000                        _HeapSize = 0x2000

.heap           0x00200000     0x2000
                0x00200000                        _pvHeapStart = .
                0x00202000                        . = (. + _HeapSize)
 *fill*         0x00200000     0x2000 
                0x00202000                        . = ALIGN (0x4)
                0x00202000                        _pvHeapLimit = .
                0x00001000                        _StackSize = 0x1000

.heap2stackfill
                0x1fffe5f4     0x1000
                0x1ffff5f4                        . = (. + _StackSize)
 *fill*         0x1fffe5f4     0x1000 

.stack          0x1ffff000        0x0
                0x1ffff000                        _vStackBase = .
                0x1ffff000                        . = ALIGN (0x4)
                0x20000000                        _vStackTop = (. + _StackSize)
                0x00000000                        _image_start = LOADADDR (.text)
                0x0000349c                        _image_end = (LOADADDR (.data) + SIZEOF (.data))
                0x0000349c                        _image_size = (_image_end - _image_start)
OUTPUT(Debug_Tool.axf elf32-littlearm)
LOAD linker stubs

.debug_info     0x00000000    0x2238b
 .debug_info    0x00000000     0x1261 ./utilities/debug_console/fsl_debug_console.o
 .debug_info    0x00001261      0xacc ./startup/startup_mk02f12810.o
 .debug_info    0x00001d2d      0x204 ./source/uart/build_packet.o
 .debug_info    0x00001f31       0xdb ./source/uart/crc16.o
 .debug_info    0x0000200c     0x13fc ./source/uart/uart.o
 .debug_info    0x00003408      0x644 ./source/uart/uart_proto.o
 .debug_info    0x00003a4c     0x12bf ./source/spi/spi_init.o
 .debug_info    0x00004d0b      0xfe8 ./source/pit/pit_init.o
 .debug_info    0x00005cf3      0x81b ./source/gpio/gpio_utils.o
 .debug_info    0x0000650e      0x6d1 ./source/flash/check_flash.o
 .debug_info    0x00006bdf      0xb64 ./source/flash/flash_init.o
 .debug_info    0x00007743      0xa3c ./source/execute/execute.o
 .debug_info    0x0000817f      0x6be ./source/execute/init_pins.o
 .debug_info    0x0000883d      0xc97 ./source/action/action.o
 .debug_info    0x000094d4     0x11c3 ./source/Debug_Tool.o
 .debug_info    0x0000a697      0xd21 ./source/debug.o
 .debug_info    0x0000b3b8       0x38 ./source/semihost_hardfault.o
 .debug_info    0x0000b3f0     0x1cd8 ./drivers/fsl_clock.o
 .debug_info    0x0000d0c8     0x4015 ./drivers/fsl_dspi.o
 .debug_info    0x000110dd     0x23ce ./drivers/fsl_edma.o
 .debug_info    0x000134ab     0x1c67 ./drivers/fsl_ftfx_controller.o
 .debug_info    0x00015112     0x208f ./drivers/fsl_ftfx_flash.o
 .debug_info    0x000171a1      0x824 ./drivers/fsl_gpio.o
 .debug_info    0x000179c5      0x418 ./drivers/fsl_pit.o
 .debug_info    0x00017ddd      0xca1 ./drivers/fsl_smc.o
 .debug_info    0x00018a7e     0x2c64 ./drivers/fsl_uart.o
 .debug_info    0x0001b6e2      0x649 ./device/system_MK02F12810.o
 .debug_info    0x0001bd2b      0xbaa ./component/uart/fsl_adapter_uart.o
 .debug_info    0x0001c8d5     0x12ff ./component/serial_manager/fsl_component_serial_manager.o
 .debug_info    0x0001dbd4      0x65c ./component/serial_manager/fsl_component_serial_port_uart.o
 .debug_info    0x0001e230      0x177 ./board/board.o
 .debug_info    0x0001e3a7      0xb63 ./board/clock_config.o
 .debug_info    0x0001ef0a       0x38 ./board/peripherals.o
 .debug_info    0x0001ef42      0x74c ./board/pin_mux.o
 .debug_info    0x0001f68e       0x85 /Applications/MCUXpressoIDE_25.6.136/ide/plugins/com.nxp.mcuxpresso.tools.macosx_25.6.0.202501151204/tools/bin/../lib/gcc/arm-none-eabi/14.2.1/../../../../arm-none-eabi/lib/thumb/v7e-m+fp/hard/libcr_nohost_nf.a(_cr__main.o)
 .debug_info    0x0001f713      0x12b /Applications/MCUXpressoIDE_25.6.136/ide/plugins/com.nxp.mcuxpresso.tools.macosx_25.6.0.202501151204/tools/bin/../lib/gcc/arm-none-eabi/14.2.1/../../../../arm-none-eabi/lib/thumb/v7e-m+fp/hard/libcr_c.a(memcpy.o)
 .debug_info    0x0001f83e       0xfc /Applications/MCUXpressoIDE_25.6.136/ide/plugins/com.nxp.mcuxpresso.tools.macosx_25.6.0.202501151204/tools/bin/../lib/gcc/arm-none-eabi/14.2.1/../../../../arm-none-eabi/lib/thumb/v7e-m+fp/hard/libcr_c.a(memset.o)
 .debug_info    0x0001f93a      0x520 /Applications/MCUXpressoIDE_25.6.136/ide/plugins/com.nxp.mcuxpresso.tools.macosx_25.6.0.202501151204/tools/bin/../lib/gcc/arm-none-eabi/14.2.1/../../../../arm-none-eabi/lib/thumb/v7e-m+fp/hard/libcr_c.a(alloc.o)
 .debug_info    0x0001fe5a       0x44 /Applications/MCUXpressoIDE_25.6.136/ide/plugins/com.nxp.mcuxpresso.tools.macosx_25.6.0.202501151204/tools/bin/../lib/gcc/arm-none-eabi/14.2.1/../../../../arm-none-eabi/lib/thumb/v7e-m+fp/hard/libcr_c.a(errno.o)
 .debug_info    0x0001fe9e      0x339 /Applications/MCUXpressoIDE_25.6.136/ide/plugins/com.nxp.mcuxpresso.tools.macosx_25.6.0.202501151204/tools/bin/../lib/gcc/arm-none-eabi/14.2.1/../../../../arm-none-eabi/lib/thumb/v7e-m+fp/hard/libcr_c.a(initio.o)
 .debug_info    0x000201d7      0x1fd /Applications/MCUXpressoIDE_25.6.136/ide/plugins/com.nxp.mcuxpresso.tools.macosx_25.6.0.202501151204/tools/bin/../lib/gcc/arm-none-eabi/14.2.1/../../../../arm-none-eabi/lib/thumb/v7e-m+fp/hard/libcr_c.a(setvbuf.o)
 .debug_info    0x000203d4       0xe1 /Applications/MCUXpressoIDE_25.6.136/ide/plugins/com.nxp.mcuxpresso.tools.macosx_25.6.0.202501151204/tools/bin/../lib/gcc/arm-none-eabi/14.2.1/../../../../arm-none-eabi/lib/thumb/v7e-m+fp/hard/libcr_c.a(strlen.o)
 .debug_info    0x000204b5       0xd4 /Applications/MCUXpressoIDE_25.6.136/ide/plugins/com.nxp.mcuxpresso.tools.macosx_25.6.0.202501151204/tools/bin/../lib/gcc/arm-none-eabi/14.2.1/../../../../arm-none-eabi/lib/thumb/v7e-m+fp/hard/libcr_c.a(__init_alloc.o)
 .debug_info    0x00020589      0x107 /Applications/MCUXpressoIDE_25.6.136/ide/plugins/com.nxp.mcuxpresso.tools.macosx_25.6.0.202501151204/tools/bin/../lib/gcc/arm-none-eabi/14.2.1/../../../../arm-none-eabi/lib/thumb/v7e-m+fp/hard/libcr_c.a(_cr_sbrk.o)
 .debug_info    0x00020690      0x396 /Applications/MCUXpressoIDE_25.6.136/ide/plugins/com.nxp.mcuxpresso.tools.macosx_25.6.0.202501151204/tools/bin/../lib/gcc/arm-none-eabi/14.2.1/../../../../arm-none-eabi/lib/thumb/v7e-m+fp/hard/libcr_c.a(_deferredlazyseek.o)
 .debug_info    0x00020a26      0x24b /Applications/MCUXpressoIDE_25.6.136/ide/plugins/com.nxp.mcuxpresso.tools.macosx_25.6.0.202501151204/tools/bin/../lib/gcc/arm-none-eabi/14.2.1/../../../../arm-none-eabi/lib/thumb/v7e-m+fp/hard/libcr_c.a(_fdopen.o)
 .debug_info    0x00020c71      0x1e3 /Applications/MCUXpressoIDE_25.6.136/ide/plugins/com.nxp.mcuxpresso.tools.macosx_25.6.0.202501151204/tools/bin/../lib/gcc/arm-none-eabi/14.2.1/../../../../arm-none-eabi/lib/thumb/v7e-m+fp/hard/libcr_c.a(_fflush.o)
 .debug_info    0x00020e54      0x289 /Applications/MCUXpressoIDE_25.6.136/ide/plugins/com.nxp.mcuxpresso.tools.macosx_25.6.0.202501151204/tools/bin/../lib/gcc/arm-none-eabi/14.2.1/../../../../arm-none-eabi/lib/thumb/v7e-m+fp/hard/libcr_c.a(_writebuf.o)
 .debug_info    0x000210dd      0x31e /Applications/MCUXpressoIDE_25.6.136/ide/plugins/com.nxp.mcuxpresso.tools.macosx_25.6.0.202501151204/tools/bin/../lib/gcc/arm-none-eabi/14.2.1/../../../../arm-none-eabi/lib/thumb/v7e-m+fp/hard/libcr_c.a(fclose.o)
 .debug_info    0x000213fb      0x209 /Applications/MCUXpressoIDE_25.6.136/ide/plugins/com.nxp.mcuxpresso.tools.macosx_25.6.0.202501151204/tools/bin/../lib/gcc/arm-none-eabi/14.2.1/../../../../arm-none-eabi/lib/thumb/v7e-m+fp/hard/libcr_c.a(fflush.o)
 .debug_info    0x00021604      0x276 /Applications/MCUXpressoIDE_25.6.136/ide/plugins/com.nxp.mcuxpresso.tools.macosx_25.6.0.202501151204/tools/bin/../lib/gcc/arm-none-eabi/14.2.1/../../../../arm-none-eabi/lib/thumb/v7e-m+fp/hard/libcr_c.a(fseek.o)
 .debug_info    0x0002187a      0x197 /Applications/MCUXpressoIDE_25.6.136/ide/plugins/com.nxp.mcuxpresso.tools.macosx_25.6.0.202501151204/tools/bin/../lib/gcc/arm-none-eabi/14.2.1/../../../../arm-none-eabi/lib/thumb/v7e-m+fp/hard/libcr_c.a(ftell.o)
 .debug_info    0x00021a11      0x1d7 /Applications/MCUXpressoIDE_25.6.136/ide/plugins/com.nxp.mcuxpresso.tools.macosx_25.6.0.202501151204/tools/bin/../lib/gcc/arm-none-eabi/14.2.1/../../../../arm-none-eabi/lib/thumb/v7e-m+fp/hard/libcr_c.a(remove.o)
 .debug_info    0x00021be8       0x78 /Applications/MCUXpressoIDE_25.6.136/ide/plugins/com.nxp.mcuxpresso.tools.macosx_25.6.0.202501151204/tools/bin/../lib/gcc/arm-none-eabi/14.2.1/../../../../arm-none-eabi/lib/thumb/v7e-m+fp/hard/libcr_c.a(_cr_check_heap.o)
 .debug_info    0x00021c60      0x23a /Applications/MCUXpressoIDE_25.6.136/ide/plugins/com.nxp.mcuxpresso.tools.macosx_25.6.0.202501151204/tools/bin/../lib/gcc/arm-none-eabi/14.2.1/../../../../arm-none-eabi/lib/thumb/v7e-m+fp/hard/libcr_c.a(_do_fflush.o)
 .debug_info    0x00021e9a      0x18b /Applications/MCUXpressoIDE_25.6.136/ide/plugins/com.nxp.mcuxpresso.tools.macosx_25.6.0.202501151204/tools/bin/../lib/gcc/arm-none-eabi/14.2.1/../../../../arm-none-eabi/lib/thumb/v7e-m+fp/hard/libcr_nohost_nf.a(__ciob.o)
 .debug_info    0x00022025       0x6a /Applications/MCUXpressoIDE_25.6.136/ide/plugins/com.nxp.mcuxpresso.tools.macosx_25.6.0.202501151204/tools/bin/../lib/gcc/arm-none-eabi/14.2.1/../../../../arm-none-eabi/lib/thumb/v7e-m+fp/hard/libcr_nohost_nf.a(__sys_close.o)
 .debug_info    0x0002208f       0x6a /Applications/MCUXpressoIDE_25.6.136/ide/plugins/com.nxp.mcuxpresso.tools.macosx_25.6.0.202501151204/tools/bin/../lib/gcc/arm-none-eabi/14.2.1/../../../../arm-none-eabi/lib/thumb/v7e-m+fp/hard/libcr_nohost_nf.a(__sys_flen.o)
 .debug_info    0x000220f9       0x6a /Applications/MCUXpressoIDE_25.6.136/ide/plugins/com.nxp.mcuxpresso.tools.macosx_25.6.0.202501151204/tools/bin/../lib/gcc/arm-none-eabi/14.2.1/../../../../arm-none-eabi/lib/thumb/v7e-m+fp/hard/libcr_nohost_nf.a(__sys_istty.o)
 .debug_info    0x00022163       0x8a /Applications/MCUXpressoIDE_25.6.136/ide/plugins/com.nxp.mcuxpresso.tools.macosx_25.6.0.202501151204/tools/bin/../lib/gcc/arm-none-eabi/14.2.1/../../../../arm-none-eabi/lib/thumb/v7e-m+fp/hard/libcr_nohost_nf.a(__sys_remove.o)
 .debug_info    0x000221ed       0x78 /Applications/MCUXpressoIDE_25.6.136/ide/plugins/com.nxp.mcuxpresso.tools.macosx_25.6.0.202501151204/tools/bin/../lib/gcc/arm-none-eabi/14.2.1/../../../../arm-none-eabi/lib/thumb/v7e-m+fp/hard/libcr_nohost_nf.a(__sys_seek.o)
 .debug_info    0x00022265       0x93 /Applications/MCUXpressoIDE_25.6.136/ide/plugins/com.nxp.mcuxpresso.tools.macosx_25.6.0.202501151204/tools/bin/../lib/gcc/arm-none-eabi/14.2.1/../../../../arm-none-eabi/lib/thumb/v7e-m+fp/hard/libcr_nohost_nf.a(__sys_tmpnam.o)
 .debug_info    0x000222f8       0x93 /Applications/MCUXpressoIDE_25.6.136/ide/plugins/com.nxp.mcuxpresso.tools.macosx_25.6.0.202501151204/tools/bin/../lib/gcc/arm-none-eabi/14.2.1/../../../../arm-none-eabi/lib/thumb/v7e-m+fp/hard/libcr_nohost_nf.a(__sys_write.o)

.debug_abbrev   0x00000000     0x7228
 .debug_abbrev  0x00000000      0x385 ./utilities/debug_console/fsl_debug_console.o
 .debug_abbrev  0x00000385      0x1af ./startup/startup_mk02f12810.o
 .debug_abbrev  0x00000534      0x129 ./source/uart/build_packet.o
 .debug_abbrev  0x0000065d       0x98 ./source/uart/crc16.o
 .debug_abbrev  0x000006f5      0x39f ./source/uart/uart.o
 .debug_abbrev  0x00000a94      0x1be ./source/uart/uart_proto.o
 .debug_abbrev  0x00000c52      0x32d ./source/spi/spi_init.o
 .debug_abbrev  0x00000f7f      0x336 ./source/pit/pit_init.o
 .debug_abbrev  0x000012b5      0x2c8 ./source/gpio/gpio_utils.o
 .debug_abbrev  0x0000157d      0x18d ./source/flash/check_flash.o
 .debug_abbrev  0x0000170a      0x2ac ./source/flash/flash_init.o
 .debug_abbrev  0x000019b6      0x28e ./source/execute/execute.o
 .debug_abbrev  0x00001c44      0x190 ./source/execute/init_pins.o
 .debug_abbrev  0x00001dd4      0x2d5 ./source/action/action.o
 .debug_abbrev  0x000020a9      0x36b ./source/Debug_Tool.o
 .debug_abbrev  0x00002414      0x23b ./source/debug.o
 .debug_abbrev  0x0000264f       0x2e ./source/semihost_hardfault.o
 .debug_abbrev  0x0000267d      0x4cb ./drivers/fsl_clock.o
 .debug_abbrev  0x00002b48      0x559 ./drivers/fsl_dspi.o
 .debug_abbrev  0x000030a1      0x549 ./drivers/fsl_edma.o
 .debug_abbrev  0x000035ea      0x450 ./drivers/fsl_ftfx_controller.o
 .debug_abbrev  0x00003a3a      0x481 ./drivers/fsl_ftfx_flash.o
 .debug_abbrev  0x00003ebb      0x2ae ./drivers/fsl_gpio.o
 .debug_abbrev  0x00004169      0x1fd ./drivers/fsl_pit.o
 .debug_abbrev  0x00004366      0x352 ./drivers/fsl_smc.o
 .debug_abbrev  0x000046b8      0x4a5 ./drivers/fsl_uart.o
 .debug_abbrev  0x00004b5d      0x195 ./device/system_MK02F12810.o
 .debug_abbrev  0x00004cf2      0x277 ./component/uart/fsl_adapter_uart.o
 .debug_abbrev  0x00004f69      0x2f3 ./component/serial_manager/fsl_component_serial_manager.o
 .debug_abbrev  0x0000525c      0x1eb ./component/serial_manager/fsl_component_serial_port_uart.o
 .debug_abbrev  0x00005447       0xec ./board/board.o
 .debug_abbrev  0x00005533      0x290 ./board/clock_config.o
 .debug_abbrev  0x000057c3       0x2e ./board/peripherals.o
 .debug_abbrev  0x000057f1      0x1e5 ./board/pin_mux.o
 .debug_abbrev  0x000059d6       0x70 /Applications/MCUXpressoIDE_25.6.136/ide/plugins/com.nxp.mcuxpresso.tools.macosx_25.6.0.202501151204/tools/bin/../lib/gcc/arm-none-eabi/14.2.1/../../../../arm-none-eabi/lib/thumb/v7e-m+fp/hard/libcr_nohost_nf.a(_cr__main.o)
 .debug_abbrev  0x00005a46       0xb6 /Applications/MCUXpressoIDE_25.6.136/ide/plugins/com.nxp.mcuxpresso.tools.macosx_25.6.0.202501151204/tools/bin/../lib/gcc/arm-none-eabi/14.2.1/../../../../arm-none-eabi/lib/thumb/v7e-m+fp/hard/libcr_c.a(memcpy.o)
 .debug_abbrev  0x00005afc       0xa8 /Applications/MCUXpressoIDE_25.6.136/ide/plugins/com.nxp.mcuxpresso.tools.macosx_25.6.0.202501151204/tools/bin/../lib/gcc/arm-none-eabi/14.2.1/../../../../arm-none-eabi/lib/thumb/v7e-m+fp/hard/libcr_c.a(memset.o)
 .debug_abbrev  0x00005ba4      0x284 /Applications/MCUXpressoIDE_25.6.136/ide/plugins/com.nxp.mcuxpresso.tools.macosx_25.6.0.202501151204/tools/bin/../lib/gcc/arm-none-eabi/14.2.1/../../../../arm-none-eabi/lib/thumb/v7e-m+fp/hard/libcr_c.a(alloc.o)
 .debug_abbrev  0x00005e28       0x44 /Applications/MCUXpressoIDE_25.6.136/ide/plugins/com.nxp.mcuxpresso.tools.macosx_25.6.0.202501151204/tools/bin/../lib/gcc/arm-none-eabi/14.2.1/../../../../arm-none-eabi/lib/thumb/v7e-m+fp/hard/libcr_c.a(errno.o)
 .debug_abbrev  0x00005e6c      0x169 /Applications/MCUXpressoIDE_25.6.136/ide/plugins/com.nxp.mcuxpresso.tools.macosx_25.6.0.202501151204/tools/bin/../lib/gcc/arm-none-eabi/14.2.1/../../../../arm-none-eabi/lib/thumb/v7e-m+fp/hard/libcr_c.a(initio.o)
 .debug_abbrev  0x00005fd5       0xe1 /Applications/MCUXpressoIDE_25.6.136/ide/plugins/com.nxp.mcuxpresso.tools.macosx_25.6.0.202501151204/tools/bin/../lib/gcc/arm-none-eabi/14.2.1/../../../../arm-none-eabi/lib/thumb/v7e-m+fp/hard/libcr_c.a(setvbuf.o)
 .debug_abbrev  0x000060b6       0xa7 /Applications/MCUXpressoIDE_25.6.136/ide/plugins/com.nxp.mcuxpresso.tools.macosx_25.6.0.202501151204/tools/bin/../lib/gcc/arm-none-eabi/14.2.1/../../../../arm-none-eabi/lib/thumb/v7e-m+fp/hard/libcr_c.a(strlen.o)
 .debug_abbrev  0x0000615d       0xaf /Applications/MCUXpressoIDE_25.6.136/ide/plugins/com.nxp.mcuxpresso.tools.macosx_25.6.0.202501151204/tools/bin/../lib/gcc/arm-none-eabi/14.2.1/../../../../arm-none-eabi/lib/thumb/v7e-m+fp/hard/libcr_c.a(__init_alloc.o)
 .debug_abbrev  0x0000620c       0xd3 /Applications/MCUXpressoIDE_25.6.136/ide/plugins/com.nxp.mcuxpresso.tools.macosx_25.6.0.202501151204/tools/bin/../lib/gcc/arm-none-eabi/14.2.1/../../../../arm-none-eabi/lib/thumb/v7e-m+fp/hard/libcr_c.a(_cr_sbrk.o)
 .debug_abbrev  0x000062df      0x18e /Applications/MCUXpressoIDE_25.6.136/ide/plugins/com.nxp.mcuxpresso.tools.macosx_25.6.0.202501151204/tools/bin/../lib/gcc/arm-none-eabi/14.2.1/../../../../arm-none-eabi/lib/thumb/v7e-m+fp/hard/libcr_c.a(_deferredlazyseek.o)
 .debug_abbrev  0x0000646d      0x119 /Applications/MCUXpressoIDE_25.6.136/ide/plugins/com.nxp.mcuxpresso.tools.macosx_25.6.0.202501151204/tools/bin/../lib/gcc/arm-none-eabi/14.2.1/../../../../arm-none-eabi/lib/thumb/v7e-m+fp/hard/libcr_c.a(_fdopen.o)
 .debug_abbrev  0x00006586       0xf1 /Applications/MCUXpressoIDE_25.6.136/ide/plugins/com.nxp.mcuxpresso.tools.macosx_25.6.0.202501151204/tools/bin/../lib/gcc/arm-none-eabi/14.2.1/../../../../arm-none-eabi/lib/thumb/v7e-m+fp/hard/libcr_c.a(_fflush.o)
 .debug_abbrev  0x00006677      0x126 /Applications/MCUXpressoIDE_25.6.136/ide/plugins/com.nxp.mcuxpresso.tools.macosx_25.6.0.202501151204/tools/bin/../lib/gcc/arm-none-eabi/14.2.1/../../../../arm-none-eabi/lib/thumb/v7e-m+fp/hard/libcr_c.a(_writebuf.o)
 .debug_abbrev  0x0000679d      0x158 /Applications/MCUXpressoIDE_25.6.136/ide/plugins/com.nxp.mcuxpresso.tools.macosx_25.6.0.202501151204/tools/bin/../lib/gcc/arm-none-eabi/14.2.1/../../../../arm-none-eabi/lib/thumb/v7e-m+fp/hard/libcr_c.a(fclose.o)
 .debug_abbrev  0x000068f5      0x125 /Applications/MCUXpressoIDE_25.6.136/ide/plugins/com.nxp.mcuxpresso.tools.macosx_25.6.0.202501151204/tools/bin/../lib/gcc/arm-none-eabi/14.2.1/../../../../arm-none-eabi/lib/thumb/v7e-m+fp/hard/libcr_c.a(fflush.o)
 .debug_abbrev  0x00006a1a      0x11b /Applications/MCUXpressoIDE_25.6.136/ide/plugins/com.nxp.mcuxpresso.tools.macosx_25.6.0.202501151204/tools/bin/../lib/gcc/arm-none-eabi/14.2.1/../../../../arm-none-eabi/lib/thumb/v7e-m+fp/hard/libcr_c.a(fseek.o)
 .debug_abbrev  0x00006b35       0xc2 /Applications/MCUXpressoIDE_25.6.136/ide/plugins/com.nxp.mcuxpresso.tools.macosx_25.6.0.202501151204/tools/bin/../lib/gcc/arm-none-eabi/14.2.1/../../../../arm-none-eabi/lib/thumb/v7e-m+fp/hard/libcr_c.a(ftell.o)
 .debug_abbrev  0x00006bf7       0xfb /Applications/MCUXpressoIDE_25.6.136/ide/plugins/com.nxp.mcuxpresso.tools.macosx_25.6.0.202501151204/tools/bin/../lib/gcc/arm-none-eabi/14.2.1/../../../../arm-none-eabi/lib/thumb/v7e-m+fp/hard/libcr_c.a(remove.o)
 .debug_abbrev  0x00006cf2       0x6b /Applications/MCUXpressoIDE_25.6.136/ide/plugins/com.nxp.mcuxpresso.tools.macosx_25.6.0.202501151204/tools/bin/../lib/gcc/arm-none-eabi/14.2.1/../../../../arm-none-eabi/lib/thumb/v7e-m+fp/hard/libcr_c.a(_cr_check_heap.o)
 .debug_abbrev  0x00006d5d      0x12c /Applications/MCUXpressoIDE_25.6.136/ide/plugins/com.nxp.mcuxpresso.tools.macosx_25.6.0.202501151204/tools/bin/../lib/gcc/arm-none-eabi/14.2.1/../../../../arm-none-eabi/lib/thumb/v7e-m+fp/hard/libcr_c.a(_do_fflush.o)
 .debug_abbrev  0x00006e89       0xb5 /Applications/MCUXpressoIDE_25.6.136/ide/plugins/com.nxp.mcuxpresso.tools.macosx_25.6.0.202501151204/tools/bin/../lib/gcc/arm-none-eabi/14.2.1/../../../../arm-none-eabi/lib/thumb/v7e-m+fp/hard/libcr_nohost_nf.a(__ciob.o)
 .debug_abbrev  0x00006f3e       0x5c /Applications/MCUXpressoIDE_25.6.136/ide/plugins/com.nxp.mcuxpresso.tools.macosx_25.6.0.202501151204/tools/bin/../lib/gcc/arm-none-eabi/14.2.1/../../../../arm-none-eabi/lib/thumb/v7e-m+fp/hard/libcr_nohost_nf.a(__sys_close.o)
 .debug_abbrev  0x00006f9a       0x5c /Applications/MCUXpressoIDE_25.6.136/ide/plugins/com.nxp.mcuxpresso.tools.macosx_25.6.0.202501151204/tools/bin/../lib/gcc/arm-none-eabi/14.2.1/../../../../arm-none-eabi/lib/thumb/v7e-m+fp/hard/libcr_nohost_nf.a(__sys_flen.o)
 .debug_abbrev  0x00006ff6       0x5c /Applications/MCUXpressoIDE_25.6.136/ide/plugins/com.nxp.mcuxpresso.tools.macosx_25.6.0.202501151204/tools/bin/../lib/gcc/arm-none-eabi/14.2.1/../../../../arm-none-eabi/lib/thumb/v7e-m+fp/hard/libcr_nohost_nf.a(__sys_istty.o)
 .debug_abbrev  0x00007052       0x7d /Applications/MCUXpressoIDE_25.6.136/ide/plugins/com.nxp.mcuxpresso.tools.macosx_25.6.0.202501151204/tools/bin/../lib/gcc/arm-none-eabi/14.2.1/../../../../arm-none-eabi/lib/thumb/v7e-m+fp/hard/libcr_nohost_nf.a(__sys_remove.o)
 .debug_abbrev  0x000070cf       0x6d /Applications/MCUXpressoIDE_25.6.136/ide/plugins/com.nxp.mcuxpresso.tools.macosx_25.6.0.202501151204/tools/bin/../lib/gcc/arm-none-eabi/14.2.1/../../../../arm-none-eabi/lib/thumb/v7e-m+fp/hard/libcr_nohost_nf.a(__sys_seek.o)
 .debug_abbrev  0x0000713c       0x76 /Applications/MCUXpressoIDE_25.6.136/ide/plugins/com.nxp.mcuxpresso.tools.macosx_25.6.0.202501151204/tools/bin/../lib/gcc/arm-none-eabi/14.2.1/../../../../arm-none-eabi/lib/thumb/v7e-m+fp/hard/libcr_nohost_nf.a(__sys_tmpnam.o)
 .debug_abbrev  0x000071b2       0x76 /Applications/MCUXpressoIDE_25.6.136/ide/plugins/com.nxp.mcuxpresso.tools.macosx_25.6.0.202501151204/tools/bin/../lib/gcc/arm-none-eabi/14.2.1/../../../../arm-none-eabi/lib/thumb/v7e-m+fp/hard/libcr_nohost_nf.a(__sys_write.o)

.debug_loc      0x00000000    0x111f1
 .debug_loc     0x00000000      0x752 ./utilities/debug_console/fsl_debug_console.o
 .debug_loc     0x00000752      0x188 ./startup/startup_mk02f12810.o
 .debug_loc     0x000008da      0x321 ./source/uart/build_packet.o
 .debug_loc     0x00000bfb       0xa3 ./source/uart/crc16.o
 .debug_loc     0x00000c9e      0x381 ./source/uart/uart.o
 .debug_loc     0x0000101f      0x125 ./source/uart/uart_proto.o
 .debug_loc     0x00001144      0x451 ./source/spi/spi_init.o
 .debug_loc     0x00001595      0x264 ./source/pit/pit_init.o
 .debug_loc     0x000017f9      0x380 ./source/gpio/gpio_utils.o
 .debug_loc     0x00001b79      0x2fb ./source/flash/check_flash.o
 .debug_loc     0x00001e74      0x174 ./source/flash/flash_init.o
 .debug_loc     0x00001fe8      0x527 ./source/execute/execute.o
 .debug_loc     0x0000250f      0x153 ./source/execute/init_pins.o
 .debug_loc     0x00002662      0xe67 ./source/action/action.o
 .debug_loc     0x000034c9      0x124 ./source/Debug_Tool.o
 .debug_loc     0x000035ed      0x3be ./source/debug.o
 .debug_loc     0x000039ab      0xf7d ./drivers/fsl_clock.o
 .debug_loc     0x00004928     0x2d1a ./drivers/fsl_dspi.o
 .debug_loc     0x00007642     0x15b2 ./drivers/fsl_edma.o
 .debug_loc     0x00008bf4     0x1848 ./drivers/fsl_ftfx_controller.o
 .debug_loc     0x0000a43c     0x196b ./drivers/fsl_ftfx_flash.o
 .debug_loc     0x0000bda7      0x4ee ./drivers/fsl_gpio.o
 .debug_loc     0x0000c295       0x9a ./drivers/fsl_pit.o
 .debug_loc     0x0000c32f      0x3fd ./drivers/fsl_smc.o
 .debug_loc     0x0000c72c     0x1d9c ./drivers/fsl_uart.o
 .debug_loc     0x0000e4c8       0xa8 ./device/system_MK02F12810.o
 .debug_loc     0x0000e570      0x27e ./component/uart/fsl_adapter_uart.o
 .debug_loc     0x0000e7ee      0xc7b ./component/serial_manager/fsl_component_serial_manager.o
 .debug_loc     0x0000f469      0x2db ./component/serial_manager/fsl_component_serial_port_uart.o
 .debug_loc     0x0000f744       0x22 ./board/board.o
 .debug_loc     0x0000f766       0xa0 ./board/clock_config.o
 .debug_loc     0x0000f806      0x20c ./board/pin_mux.o
 .debug_loc     0x0000fa12       0x81 /Applications/MCUXpressoIDE_25.6.136/ide/plugins/com.nxp.mcuxpresso.tools.macosx_25.6.0.202501151204/tools/bin/../lib/gcc/arm-none-eabi/14.2.1/../../../../arm-none-eabi/lib/thumb/v7e-m+fp/hard/libcr_c.a(memcpy.o)
 .debug_loc     0x0000fa93       0x81 /Applications/MCUXpressoIDE_25.6.136/ide/plugins/com.nxp.mcuxpresso.tools.macosx_25.6.0.202501151204/tools/bin/../lib/gcc/arm-none-eabi/14.2.1/../../../../arm-none-eabi/lib/thumb/v7e-m+fp/hard/libcr_c.a(memset.o)
 .debug_loc     0x0000fb14      0x8a8 /Applications/MCUXpressoIDE_25.6.136/ide/plugins/com.nxp.mcuxpresso.tools.macosx_25.6.0.202501151204/tools/bin/../lib/gcc/arm-none-eabi/14.2.1/../../../../arm-none-eabi/lib/thumb/v7e-m+fp/hard/libcr_c.a(alloc.o)
 .debug_loc     0x000103bc       0x68 /Applications/MCUXpressoIDE_25.6.136/ide/plugins/com.nxp.mcuxpresso.tools.macosx_25.6.0.202501151204/tools/bin/../lib/gcc/arm-none-eabi/14.2.1/../../../../arm-none-eabi/lib/thumb/v7e-m+fp/hard/libcr_c.a(initio.o)
 .debug_loc     0x00010424      0x108 /Applications/MCUXpressoIDE_25.6.136/ide/plugins/com.nxp.mcuxpresso.tools.macosx_25.6.0.202501151204/tools/bin/../lib/gcc/arm-none-eabi/14.2.1/../../../../arm-none-eabi/lib/thumb/v7e-m+fp/hard/libcr_c.a(setvbuf.o)
 .debug_loc     0x0001052c       0xf0 /Applications/MCUXpressoIDE_25.6.136/ide/plugins/com.nxp.mcuxpresso.tools.macosx_25.6.0.202501151204/tools/bin/../lib/gcc/arm-none-eabi/14.2.1/../../../../arm-none-eabi/lib/thumb/v7e-m+fp/hard/libcr_c.a(strlen.o)
 .debug_loc     0x0001061c       0x56 /Applications/MCUXpressoIDE_25.6.136/ide/plugins/com.nxp.mcuxpresso.tools.macosx_25.6.0.202501151204/tools/bin/../lib/gcc/arm-none-eabi/14.2.1/../../../../arm-none-eabi/lib/thumb/v7e-m+fp/hard/libcr_c.a(_cr_sbrk.o)
 .debug_loc     0x00010672      0x212 /Applications/MCUXpressoIDE_25.6.136/ide/plugins/com.nxp.mcuxpresso.tools.macosx_25.6.0.202501151204/tools/bin/../lib/gcc/arm-none-eabi/14.2.1/../../../../arm-none-eabi/lib/thumb/v7e-m+fp/hard/libcr_c.a(_deferredlazyseek.o)
 .debug_loc     0x00010884      0x12d /Applications/MCUXpressoIDE_25.6.136/ide/plugins/com.nxp.mcuxpresso.tools.macosx_25.6.0.202501151204/tools/bin/../lib/gcc/arm-none-eabi/14.2.1/../../../../arm-none-eabi/lib/thumb/v7e-m+fp/hard/libcr_c.a(_fdopen.o)
 .debug_loc     0x000109b1       0xfa /Applications/MCUXpressoIDE_25.6.136/ide/plugins/com.nxp.mcuxpresso.tools.macosx_25.6.0.202501151204/tools/bin/../lib/gcc/arm-none-eabi/14.2.1/../../../../arm-none-eabi/lib/thumb/v7e-m+fp/hard/libcr_c.a(_fflush.o)
 .debug_loc     0x00010aab      0x15a /Applications/MCUXpressoIDE_25.6.136/ide/plugins/com.nxp.mcuxpresso.tools.macosx_25.6.0.202501151204/tools/bin/../lib/gcc/arm-none-eabi/14.2.1/../../../../arm-none-eabi/lib/thumb/v7e-m+fp/hard/libcr_c.a(_writebuf.o)
 .debug_loc     0x00010c05       0xc2 /Applications/MCUXpressoIDE_25.6.136/ide/plugins/com.nxp.mcuxpresso.tools.macosx_25.6.0.202501151204/tools/bin/../lib/gcc/arm-none-eabi/14.2.1/../../../../arm-none-eabi/lib/thumb/v7e-m+fp/hard/libcr_c.a(fclose.o)
 .debug_loc     0x00010cc7       0xae /Applications/MCUXpressoIDE_25.6.136/ide/plugins/com.nxp.mcuxpresso.tools.macosx_25.6.0.202501151204/tools/bin/../lib/gcc/arm-none-eabi/14.2.1/../../../../arm-none-eabi/lib/thumb/v7e-m+fp/hard/libcr_c.a(fflush.o)
 .debug_loc     0x00010d75      0x10a /Applications/MCUXpressoIDE_25.6.136/ide/plugins/com.nxp.mcuxpresso.tools.macosx_25.6.0.202501151204/tools/bin/../lib/gcc/arm-none-eabi/14.2.1/../../../../arm-none-eabi/lib/thumb/v7e-m+fp/hard/libcr_c.a(fseek.o)
 .debug_loc     0x00010e7f       0xb7 /Applications/MCUXpressoIDE_25.6.136/ide/plugins/com.nxp.mcuxpresso.tools.macosx_25.6.0.202501151204/tools/bin/../lib/gcc/arm-none-eabi/14.2.1/../../../../arm-none-eabi/lib/thumb/v7e-m+fp/hard/libcr_c.a(ftell.o)
 .debug_loc     0x00010f36       0xcd /Applications/MCUXpressoIDE_25.6.136/ide/plugins/com.nxp.mcuxpresso.tools.macosx_25.6.0.202501151204/tools/bin/../lib/gcc/arm-none-eabi/14.2.1/../../../../arm-none-eabi/lib/thumb/v7e-m+fp/hard/libcr_c.a(remove.o)
 .debug_loc     0x00011003       0x4e /Applications/MCUXpressoIDE_25.6.136/ide/plugins/com.nxp.mcuxpresso.tools.macosx_25.6.0.202501151204/tools/bin/../lib/gcc/arm-none-eabi/14.2.1/../../../../arm-none-eabi/lib/thumb/v7e-m+fp/hard/libcr_c.a(_cr_check_heap.o)
 .debug_loc     0x00011051       0x73 /Applications/MCUXpressoIDE_25.6.136/ide/plugins/com.nxp.mcuxpresso.tools.macosx_25.6.0.202501151204/tools/bin/../lib/gcc/arm-none-eabi/14.2.1/../../../../arm-none-eabi/lib/thumb/v7e-m+fp/hard/libcr_c.a(_do_fflush.o)
 .debug_loc     0x000110c4       0x2b /Applications/MCUXpressoIDE_25.6.136/ide/plugins/com.nxp.mcuxpresso.tools.macosx_25.6.0.202501151204/tools/bin/../lib/gcc/arm-none-eabi/14.2.1/../../../../arm-none-eabi/lib/thumb/v7e-m+fp/hard/libcr_nohost_nf.a(__sys_close.o)
 .debug_loc     0x000110ef       0x2b /Applications/MCUXpressoIDE_25.6.136/ide/plugins/com.nxp.mcuxpresso.tools.macosx_25.6.0.202501151204/tools/bin/../lib/gcc/arm-none-eabi/14.2.1/../../../../arm-none-eabi/lib/thumb/v7e-m+fp/hard/libcr_nohost_nf.a(__sys_flen.o)
 .debug_loc     0x0001111a       0x2b /Applications/MCUXpressoIDE_25.6.136/ide/plugins/com.nxp.mcuxpresso.tools.macosx_25.6.0.202501151204/tools/bin/../lib/gcc/arm-none-eabi/14.2.1/../../../../arm-none-eabi/lib/thumb/v7e-m+fp/hard/libcr_nohost_nf.a(__sys_istty.o)
 .debug_loc     0x00011145       0x2b /Applications/MCUXpressoIDE_25.6.136/ide/plugins/com.nxp.mcuxpresso.tools.macosx_25.6.0.202501151204/tools/bin/../lib/gcc/arm-none-eabi/14.2.1/../../../../arm-none-eabi/lib/thumb/v7e-m+fp/hard/libcr_nohost_nf.a(__sys_remove.o)
 .debug_loc     0x00011170       0x2b /Applications/MCUXpressoIDE_25.6.136/ide/plugins/com.nxp.mcuxpresso.tools.macosx_25.6.0.202501151204/tools/bin/../lib/gcc/arm-none-eabi/14.2.1/../../../../arm-none-eabi/lib/thumb/v7e-m+fp/hard/libcr_nohost_nf.a(__sys_seek.o)
 .debug_loc     0x0001119b       0x2b /Applications/MCUXpressoIDE_25.6.136/ide/plugins/com.nxp.mcuxpresso.tools.macosx_25.6.0.202501151204/tools/bin/../lib/gcc/arm-none-eabi/14.2.1/../../../../arm-none-eabi/lib/thumb/v7e-m+fp/hard/libcr_nohost_nf.a(__sys_tmpnam.o)
 .debug_loc     0x000111c6       0x2b /Applications/MCUXpressoIDE_25.6.136/ide/plugins/com.nxp.mcuxpresso.tools.macosx_25.6.0.202501151204/tools/bin/../lib/gcc/arm-none-eabi/14.2.1/../../../../arm-none-eabi/lib/thumb/v7e-m+fp/hard/libcr_nohost_nf.a(__sys_write.o)

.debug_aranges  0x00000000     0x1300
 .debug_aranges
                0x00000000       0xa8 ./utilities/debug_console/fsl_debug_console.o
 .debug_aranges
                0x000000a8      0x288 ./startup/startup_mk02f12810.o
 .debug_aranges
                0x00000330       0x20 ./source/uart/build_packet.o
 .debug_aranges
                0x00000350       0x20 ./source/uart/crc16.o
 .debug_aranges
                0x00000370       0x60 ./source/uart/uart.o
 .debug_aranges
                0x000003d0       0x30 ./source/uart/uart_proto.o
 .debug_aranges
                0x00000400       0x28 ./source/spi/spi_init.o
 .debug_aranges
                0x00000428       0x38 ./source/pit/pit_init.o
 .debug_aranges
                0x00000460       0x50 ./source/gpio/gpio_utils.o
 .debug_aranges
                0x000004b0       0x20 ./source/flash/check_flash.o
 .debug_aranges
                0x000004d0       0x38 ./source/flash/flash_init.o
 .debug_aranges
                0x00000508       0x40 ./source/execute/execute.o
 .debug_aranges
                0x00000548       0x20 ./source/execute/init_pins.o
 .debug_aranges
                0x00000568       0x40 ./source/action/action.o
 .debug_aranges
                0x000005a8       0x20 ./source/Debug_Tool.o
 .debug_aranges
                0x000005c8       0x48 ./source/debug.o
 .debug_aranges
                0x00000610       0x20 ./source/semihost_hardfault.o
 .debug_aranges
                0x00000630      0x170 ./drivers/fsl_clock.o
 .debug_aranges
                0x000007a0      0x118 ./drivers/fsl_dspi.o
 .debug_aranges
                0x000008b8      0x150 ./drivers/fsl_edma.o
 .debug_aranges
                0x00000a08       0xa8 ./drivers/fsl_ftfx_controller.o
 .debug_aranges
                0x00000ab0       0xb8 ./drivers/fsl_ftfx_flash.o
 .debug_aranges
                0x00000b68       0x40 ./drivers/fsl_gpio.o
 .debug_aranges
                0x00000ba8       0x28 ./drivers/fsl_pit.o
 .debug_aranges
                0x00000bd0       0x88 ./drivers/fsl_smc.o
 .debug_aranges
                0x00000c58      0x118 ./drivers/fsl_uart.o
 .debug_aranges
                0x00000d70       0x30 ./device/system_MK02F12810.o
 .debug_aranges
                0x00000da0       0x48 ./component/uart/fsl_adapter_uart.o
 .debug_aranges
                0x00000de8       0x70 ./component/serial_manager/fsl_component_serial_manager.o
 .debug_aranges
                0x00000e58       0x48 ./component/serial_manager/fsl_component_serial_port_uart.o
 .debug_aranges
                0x00000ea0       0x20 ./board/board.o
 .debug_aranges
                0x00000ec0       0x30 ./board/clock_config.o
 .debug_aranges
                0x00000ef0       0x20 ./board/peripherals.o
 .debug_aranges
                0x00000f10       0x28 ./board/pin_mux.o
 .debug_aranges
                0x00000f38       0x20 /Applications/MCUXpressoIDE_25.6.136/ide/plugins/com.nxp.mcuxpresso.tools.macosx_25.6.0.202501151204/tools/bin/../lib/gcc/arm-none-eabi/14.2.1/../../../../arm-none-eabi/lib/thumb/v7e-m+fp/hard/libcr_nohost_nf.a(_cr__main.o)
 .debug_aranges
                0x00000f58       0x20 /Applications/MCUXpressoIDE_25.6.136/ide/plugins/com.nxp.mcuxpresso.tools.macosx_25.6.0.202501151204/tools/bin/../lib/gcc/arm-none-eabi/14.2.1/../../../../arm-none-eabi/lib/thumb/v7e-m+fp/hard/libcr_c.a(memcpy.o)
 .debug_aranges
                0x00000f78       0x20 /Applications/MCUXpressoIDE_25.6.136/ide/plugins/com.nxp.mcuxpresso.tools.macosx_25.6.0.202501151204/tools/bin/../lib/gcc/arm-none-eabi/14.2.1/../../../../arm-none-eabi/lib/thumb/v7e-m+fp/hard/libcr_c.a(memset.o)
 .debug_aranges
                0x00000f98       0x40 /Applications/MCUXpressoIDE_25.6.136/ide/plugins/com.nxp.mcuxpresso.tools.macosx_25.6.0.202501151204/tools/bin/../lib/gcc/arm-none-eabi/14.2.1/../../../../arm-none-eabi/lib/thumb/v7e-m+fp/hard/libcr_c.a(alloc.o)
 .debug_aranges
                0x00000fd8       0x18 /Applications/MCUXpressoIDE_25.6.136/ide/plugins/com.nxp.mcuxpresso.tools.macosx_25.6.0.202501151204/tools/bin/../lib/gcc/arm-none-eabi/14.2.1/../../../../arm-none-eabi/lib/thumb/v7e-m+fp/hard/libcr_c.a(errno.o)
 .debug_aranges
                0x00000ff0       0x28 /Applications/MCUXpressoIDE_25.6.136/ide/plugins/com.nxp.mcuxpresso.tools.macosx_25.6.0.202501151204/tools/bin/../lib/gcc/arm-none-eabi/14.2.1/../../../../arm-none-eabi/lib/thumb/v7e-m+fp/hard/libcr_c.a(initio.o)
 .debug_aranges
                0x00001018       0x20 /Applications/MCUXpressoIDE_25.6.136/ide/plugins/com.nxp.mcuxpresso.tools.macosx_25.6.0.202501151204/tools/bin/../lib/gcc/arm-none-eabi/14.2.1/../../../../arm-none-eabi/lib/thumb/v7e-m+fp/hard/libcr_c.a(setvbuf.o)
 .debug_aranges
                0x00001038       0x20 /Applications/MCUXpressoIDE_25.6.136/ide/plugins/com.nxp.mcuxpresso.tools.macosx_25.6.0.202501151204/tools/bin/../lib/gcc/arm-none-eabi/14.2.1/../../../../arm-none-eabi/lib/thumb/v7e-m+fp/hard/libcr_c.a(strlen.o)
 .debug_aranges
                0x00001058       0x20 /Applications/MCUXpressoIDE_25.6.136/ide/plugins/com.nxp.mcuxpresso.tools.macosx_25.6.0.202501151204/tools/bin/../lib/gcc/arm-none-eabi/14.2.1/../../../../arm-none-eabi/lib/thumb/v7e-m+fp/hard/libcr_c.a(__init_alloc.o)
 .debug_aranges
                0x00001078       0x20 /Applications/MCUXpressoIDE_25.6.136/ide/plugins/com.nxp.mcuxpresso.tools.macosx_25.6.0.202501151204/tools/bin/../lib/gcc/arm-none-eabi/14.2.1/../../../../arm-none-eabi/lib/thumb/v7e-m+fp/hard/libcr_c.a(_cr_sbrk.o)
 .debug_aranges
                0x00001098       0x28 /Applications/MCUXpressoIDE_25.6.136/ide/plugins/com.nxp.mcuxpresso.tools.macosx_25.6.0.202501151204/tools/bin/../lib/gcc/arm-none-eabi/14.2.1/../../../../arm-none-eabi/lib/thumb/v7e-m+fp/hard/libcr_c.a(_deferredlazyseek.o)
 .debug_aranges
                0x000010c0       0x20 /Applications/MCUXpressoIDE_25.6.136/ide/plugins/com.nxp.mcuxpresso.tools.macosx_25.6.0.202501151204/tools/bin/../lib/gcc/arm-none-eabi/14.2.1/../../../../arm-none-eabi/lib/thumb/v7e-m+fp/hard/libcr_c.a(_fdopen.o)
 .debug_aranges
                0x000010e0       0x20 /Applications/MCUXpressoIDE_25.6.136/ide/plugins/com.nxp.mcuxpresso.tools.macosx_25.6.0.202501151204/tools/bin/../lib/gcc/arm-none-eabi/14.2.1/../../../../arm-none-eabi/lib/thumb/v7e-m+fp/hard/libcr_c.a(_fflush.o)
 .debug_aranges
                0x00001100       0x20 /Applications/MCUXpressoIDE_25.6.136/ide/plugins/com.nxp.mcuxpresso.tools.macosx_25.6.0.202501151204/tools/bin/../lib/gcc/arm-none-eabi/14.2.1/../../../../arm-none-eabi/lib/thumb/v7e-m+fp/hard/libcr_c.a(_writebuf.o)
 .debug_aranges
                0x00001120       0x20 /Applications/MCUXpressoIDE_25.6.136/ide/plugins/com.nxp.mcuxpresso.tools.macosx_25.6.0.202501151204/tools/bin/../lib/gcc/arm-none-eabi/14.2.1/../../../../arm-none-eabi/lib/thumb/v7e-m+fp/hard/libcr_c.a(fclose.o)
 .debug_aranges
                0x00001140       0x20 /Applications/MCUXpressoIDE_25.6.136/ide/plugins/com.nxp.mcuxpresso.tools.macosx_25.6.0.202501151204/tools/bin/../lib/gcc/arm-none-eabi/14.2.1/../../../../arm-none-eabi/lib/thumb/v7e-m+fp/hard/libcr_c.a(fflush.o)
 .debug_aranges
                0x00001160       0x20 /Applications/MCUXpressoIDE_25.6.136/ide/plugins/com.nxp.mcuxpresso.tools.macosx_25.6.0.202501151204/tools/bin/../lib/gcc/arm-none-eabi/14.2.1/../../../../arm-none-eabi/lib/thumb/v7e-m+fp/hard/libcr_c.a(fseek.o)
 .debug_aranges
                0x00001180       0x20 /Applications/MCUXpressoIDE_25.6.136/ide/plugins/com.nxp.mcuxpresso.tools.macosx_25.6.0.202501151204/tools/bin/../lib/gcc/arm-none-eabi/14.2.1/../../../../arm-none-eabi/lib/thumb/v7e-m+fp/hard/libcr_c.a(ftell.o)
 .debug_aranges
                0x000011a0       0x28 /Applications/MCUXpressoIDE_25.6.136/ide/plugins/com.nxp.mcuxpresso.tools.macosx_25.6.0.202501151204/tools/bin/../lib/gcc/arm-none-eabi/14.2.1/../../../../arm-none-eabi/lib/thumb/v7e-m+fp/hard/libcr_c.a(remove.o)
 .debug_aranges