../drivers/fsl_ftfx_flash.c:1400:17:flash_check_range_to_get_index	8	static
../drivers/fsl_ftfx_flash.c:170:10:FLASH_Init	16	static
../drivers/fsl_ftfx_flash.c:238:10:FLASH_Erase	32	static
../drivers/fsl_ftfx_flash.c:262:10:FLASH_EraseSectorNonBlocking	24	static
../drivers/fsl_ftfx_flash.c:284:10:FLASH_EraseAll	0	static
../drivers/fsl_ftfx_flash.c:305:10:FLASH_Program	32	static
../drivers/fsl_ftfx_flash.c:326:10:FLASH_ProgramOnce	0	static
../drivers/fsl_ftfx_flash.c:362:10:FLASH_ReadResource	4	static
../drivers/fsl_ftfx_flash.c:372:10:FLASH_ReadOnce	0	static
../drivers/fsl_ftfx_flash.c:384:10:FLASH_VerifyErase	32	static
../drivers/fsl_ftfx_flash.c:405:10:FLASH_VerifyEraseAll	0	static
../drivers/fsl_ftfx_flash.c:417:10:FLASH_VerifyProgram	40	static
../drivers/fsl_ftfx_flash.c:445:10:FLASH_GetSecurityState	0	static
../drivers/fsl_ftfx_flash.c:453:10:FLASH_SecurityBypass	0	static
../drivers/fsl_ftfx_flash.c:578:10:FLASH_IsProtected	208	static
../drivers/fsl_ftfx_flash.c:778:10:FLASH_IsExecuteOnly	40	static
../drivers/fsl_ftfx_flash.c:915:10:FLASH_PflashSetProtection	0	static
../drivers/fsl_ftfx_flash.c:999:10:FLASH_PflashGetProtection	0	static
../drivers/fsl_ftfx_flash.c:1056:10:FLASH_GetProperty	0	static
../drivers/fsl_ftfx_flash.c:1510:10:FLASH_GetCommandState	0	static
