../drivers/fsl_edma.c:88:6:EDMA_InstallTCD	8	static
../drivers/fsl_edma.c:120:6:EDMA_Init	0	static
../drivers/fsl_edma.c:150:6:EDMA_Deinit	0	static
../drivers/fsl_edma.c:172:6:EDMA_GetDefaultConfig	8	static
../drivers/fsl_edma.c:254:6:EDMA_SetMinorOffsetConfig	12	static
../drivers/fsl_edma.c:279:6:EDMA_SetMajorOffsetConfig	0	static
../drivers/fsl_edma.c:296:6:EDMA_SetChannelPreemptionConfig	8	static
../drivers/fsl_edma.c:349:6:EDMA_SetBandWidth	0	static
../drivers/fsl_edma.c:368:6:EDMA_SetModulo	0	static
../drivers/fsl_edma.c:386:6:EDMA_EnableChannelInterrupts	12	static
../drivers/fsl_edma.c:417:6:EDMA_DisableChannelInterrupts	12	static
../drivers/fsl_edma.c:448:6:EDMA_TcdReset	0	static
../drivers/fsl_edma.c:196:6:EDMA_ResetChannel	0	static
../drivers/fsl_edma.c:495:6:EDMA_TcdSetTransferConfig	8	static
../drivers/fsl_edma.c:228:6:EDMA_SetTransferConfig	4	static
../drivers/fsl_edma.c:556:6:EDMA_TcdSetMinorOffsetConfig	0	static
../drivers/fsl_edma.c:580:6:EDMA_TcdSetMajorOffsetConfig	0	static
../drivers/fsl_edma.c:604:6:EDMA_TcdSetChannelLink	0	static
../drivers/fsl_edma.c:327:6:EDMA_SetChannelLink	4	static
../drivers/fsl_edma.c:654:6:EDMA_TcdSetModulo	0	static
../drivers/fsl_edma.c:672:6:EDMA_TcdEnableInterrupts	0	static
../drivers/fsl_edma.c:696:6:EDMA_TcdDisableInterrupts	0	static
../drivers/fsl_edma.c:734:10:EDMA_GetRemainingMajorLoopCount	0	static
../drivers/fsl_edma.c:770:10:EDMA_GetChannelStatusFlags	0	static
../drivers/fsl_edma.c:794:6:EDMA_ClearChannelStatusFlags	0	static
../drivers/fsl_edma.c:845:6:EDMA_CreateHandle	16	static
../drivers/fsl_edma.c:899:6:EDMA_InstallTCDMemory	0	static
../drivers/fsl_edma.c:931:6:EDMA_SetCallback	0	static
../drivers/fsl_edma.c:1001:6:EDMA_PrepareTransferConfig	24	static
../drivers/fsl_edma.c:1055:6:EDMA_PrepareTransfer	48	static
../drivers/fsl_edma.c:1109:10:EDMA_SubmitTransfer	40	static
../drivers/fsl_edma.c:1285:6:EDMA_StartTransfer	16	static
../drivers/fsl_edma.c:1332:6:EDMA_StopTransfer	0	static
../drivers/fsl_edma.c:1348:6:EDMA_AbortTransfer	0	static
../drivers/fsl_edma.c:1401:6:EDMA_HandleIRQ	24	static
../drivers/fsl_edma.c:2625:6:DMA0_DriverIRQHandler	8	static
../drivers/fsl_edma.c:2632:6:DMA1_DriverIRQHandler	8	static
../drivers/fsl_edma.c:2639:6:DMA2_DriverIRQHandler	8	static
../drivers/fsl_edma.c:2646:6:DMA3_DriverIRQHandler	8	static
