../drivers/fsl_dspi.h:977:24:DSPI_MasterGetFormattedCommand.constprop	0	static
../drivers/fsl_dspi.c:135:10:DSPI_GetInstance	0	static
../drivers/fsl_dspi.c:161:9:DSPI_GetDummyDataInstance	8	static
../drivers/fsl_dspi.c:1452:13:DSPI_MasterTransferFillUpTxFifo	24	static
../drivers/fsl_dspi.c:1612:6:DSPI_MasterTransferHandleIRQ	16	static
../drivers/fsl_dspi.c:2037:6:DSPI_SlaveTransferHandleIRQ	16	static
../drivers/fsl_dspi.c:174:6:DSPI_SetDummyData	8	static
../drivers/fsl_dspi.c:269:6:DSPI_MasterGetDefaultConfig	8	static
../drivers/fsl_dspi.c:317:6:DSPI_SlaveInit	16	static
../drivers/fsl_dspi.c:370:6:DSPI_SlaveGetDefaultConfig	8	static
../drivers/fsl_dspi.c:393:6:DSPI_Deinit	0	static
../drivers/fsl_dspi.c:435:10:DSPI_MasterSetBaudRate	64	static
../drivers/fsl_dspi.c:530:6:DSPI_MasterSetDelayScaler	12	static
../drivers/fsl_dspi.c:583:10:DSPI_MasterSetDelayTimes	56	static
../drivers/fsl_dspi.c:208:6:DSPI_MasterInit	32	static
../drivers/fsl_dspi.c:677:6:DSPI_GetDefaultDataCommandConfig	8	static
../drivers/fsl_dspi.c:718:6:DSPI_MasterWriteDataBlocking	8	static
../drivers/fsl_dspi.c:782:6:DSPI_MasterWriteCommandDataBlocking	0	static
../drivers/fsl_dspi.c:812:6:DSPI_SlaveWriteDataBlocking	0	static
../drivers/fsl_dspi.c:847:6:DSPI_EnableInterrupts	0	static
../drivers/fsl_dspi.c:873:6:DSPI_MasterTransferCreateHandle	24	static
../drivers/fsl_dspi.c:899:10:DSPI_MasterTransferBlocking	48	static
../drivers/fsl_dspi.c:1221:10:DSPI_MasterTransferNonBlocking	40	static
../drivers/fsl_dspi.c:1274:10:DSPI_MasterHalfDuplexTransferBlocking	32	static
../drivers/fsl_dspi.c:1341:10:DSPI_MasterHalfDuplexTransferNonBlocking	32	static
../drivers/fsl_dspi.c:1407:10:DSPI_MasterTransferGetCount	0	static
../drivers/fsl_dspi.c:1591:6:DSPI_MasterTransferAbort	0	static
../drivers/fsl_dspi.c:1736:6:DSPI_SlaveTransferCreateHandle	24	static
../drivers/fsl_dspi.c:1765:10:DSPI_SlaveTransferNonBlocking	24	static
../drivers/fsl_dspi.c:1848:10:DSPI_SlaveTransferGetCount	0	static
../drivers/fsl_dspi.c:2007:6:DSPI_SlaveTransferAbort	0	static
../drivers/fsl_dspi.c:2236:6:SPI0_DriverIRQHandler	8	static
