../drivers/fsl_ftfx_controller.c:1287:17:ftfx_command_sequence	16	static
../drivers/fsl_ftfx_controller.c:1370:17:ftfx_check_mem_range	8	static
../drivers/fsl_ftfx_controller.c:1418:17:ftfx_read_word_from_byte_address	0	static
../drivers/fsl_ftfx_controller.c:1441:13:ftfx_write_word_to_byte_address	0	static
../drivers/fsl_ftfx_controller.c:198:6:FTFx_API_Init	16	static
../drivers/fsl_ftfx_controller.c:295:10:FTFx_CMD_Erase	32	static
../drivers/fsl_ftfx_controller.c:359:10:FTFx_CMD_EraseSectorNonBlocking	16	static
../drivers/fsl_ftfx_controller.c:392:10:FTFx_CMD_EraseAll	0	static
../drivers/fsl_ftfx_controller.c:506:10:FTFx_CMD_Program	40	static
../drivers/fsl_ftfx_controller.c:572:10:FTFx_CMD_ProgramOnce	24	static
../drivers/fsl_ftfx_controller.c:780:10:FTFx_CMD_ReadOnce	32	static
../drivers/fsl_ftfx_controller.c:829:10:FTFx_CMD_ReadResource	32	static
../drivers/fsl_ftfx_controller.c:903:10:FTFx_CMD_VerifyErase	48	static
../drivers/fsl_ftfx_controller.c:969:10:FTFx_CMD_VerifyEraseAll	0	static
../drivers/fsl_ftfx_controller.c:987:10:FTFx_CMD_VerifyEraseAllExecuteOnlySegments	0	static
../drivers/fsl_ftfx_controller.c:1008:10:FTFx_CMD_VerifyProgram	48	static
../drivers/fsl_ftfx_controller.c:1070:10:FTFx_CMD_SecurityBypass	0	static
../drivers/fsl_ftfx_controller.c:1105:10:FTFx_REG_GetSecurityState	0	static
