../drivers/fsl_clock.c:179:13:CLOCK_FllStableDelay	8	static
../drivers/fsl_clock.c:199:17:CLOCK_GetMcgExtClkFreq	0	static
../drivers/fsl_clock.c:293:17:CLOCK_GetFllRefClkFreq	8	static
../drivers/fsl_clock.c:275:17:CLOCK_GetInternalRefClkSelectFreq	0	static
../drivers/fsl_clock.c:336:10:CLOCK_GetOsc0ErClkUndivFreq	0	static
../drivers/fsl_clock.c:355:10:CLOCK_GetOsc0ErClkDivFreq	0	static
../drivers/fsl_clock.c:378:10:CLOCK_GetEr32kClkFreq	8	static
../drivers/fsl_clock.c:427:10:CLOCK_GetOsc0ErClkFreq	0	static
../drivers/fsl_clock.c:540:6:CLOCK_SetSimConfig	8	static
../drivers/fsl_clock.c:588:10:CLOCK_GetFllFreq	8	static
../drivers/fsl_clock.c:402:10:CLOCK_GetPllFllSelClkFreq	0	static
../drivers/fsl_clock.c:555:10:CLOCK_GetOutClkFreq	0	static
../drivers/fsl_clock.c:447:10:CLOCK_GetFlashClkFreq	8	static
../drivers/fsl_clock.c:457:10:CLOCK_GetBusClkFreq	8	static
../drivers/fsl_clock.c:467:10:CLOCK_GetCoreSysClkFreq	8	static
../drivers/fsl_clock.c:437:10:CLOCK_GetPlatClkFreq	0	static
../drivers/fsl_clock.c:628:10:CLOCK_GetInternalRefClkFreq	0	static
../drivers/fsl_clock.c:653:10:CLOCK_GetFixedFreqClkFreq	8	static
../drivers/fsl_clock.c:482:10:CLOCK_GetFreq	8	static
../drivers/fsl_clock.c:683:10:CLOCK_SetExternalRefClkConfig	8	static
../drivers/fsl_clock.c:736:10:CLOCK_SetInternalRefClkConfig	16	static
../drivers/fsl_clock.c:793:6:CLOCK_SetOsc0MonitorMode	0	static
../drivers/fsl_clock.c:842:10:CLOCK_GetStatusFlags	0	static
../drivers/fsl_clock.c:874:6:CLOCK_ClearStatusFlags	0	static
../drivers/fsl_clock.c:889:6:CLOCK_InitOsc0	12	static
../drivers/fsl_clock.c:912:6:CLOCK_DeinitOsc0	0	static
../drivers/fsl_clock.c:923:6:CLOCK_SetSlowIrcFreq	0	static
../drivers/fsl_clock.c:933:6:CLOCK_SetFastIrcFreq	0	static
../drivers/fsl_clock.c:956:10:CLOCK_TrimInternalRefClk	16	static
../drivers/fsl_clock.c:1042:12:CLOCK_GetMode	8	static
../drivers/fsl_clock.c:1148:10:CLOCK_SetFeiMode	16	static
../drivers/fsl_clock.c:1224:10:CLOCK_SetFeeMode	24	static
../drivers/fsl_clock.c:1319:10:CLOCK_SetFbiMode	16	static
../drivers/fsl_clock.c:1399:10:CLOCK_SetFbeMode	24	static
../drivers/fsl_clock.c:1487:10:CLOCK_SetBlpiMode	0	static
../drivers/fsl_clock.c:1511:10:CLOCK_SetBlpeMode	0	static
../drivers/fsl_clock.c:1542:10:CLOCK_ExternalModeToFbeModeQuick	0	static
../drivers/fsl_clock.c:1578:10:CLOCK_InternalModeToFbiModeQuick	0	static
../drivers/fsl_clock.c:1613:10:CLOCK_BootToFeiMode	8	static
../drivers/fsl_clock.c:1633:10:CLOCK_BootToFeeMode	16	static
../drivers/fsl_clock.c:1654:10:CLOCK_BootToBlpiMode	8	static
../drivers/fsl_clock.c:1682:10:CLOCK_BootToBlpeMode	8	static
../drivers/fsl_clock.c:1747:10:CLOCK_SetMcgConfig	24	static
