../component/serial_manager/fsl_component_serial_port_uart.c:172:25:Serial_UartInit	0	static
../component/serial_manager/fsl_component_serial_port_uart.c:212:25:Serial_UartDeinit	8	static
../component/serial_manager/fsl_component_serial_port_uart.c:286:25:Serial_UartWrite	0	static
../component/serial_manager/fsl_component_serial_port_uart.c:300:25:Serial_UartRead	0	static
../component/serial_manager/fsl_component_serial_port_uart.c:398:25:Serial_UartEnterLowpower	8	static
../component/serial_manager/fsl_component_serial_port_uart.c:414:25:Serial_UartExitLowpower	8	static
